../Drivers/STM32L4xx_HAL_Driver/Src/stm32l4xx_ll_usb.c:1952:19:USB_CoreInit	0	static
../Drivers/STM32L4xx_HAL_Driver/Src/stm32l4xx_ll_usb.c:1972:19:USB_EnableGlobalInt	0	static
../Drivers/STM32L4xx_HAL_Driver/Src/stm32l4xx_ll_usb.c:1997:19:USB_DisableGlobalInt	0	static
../Drivers/STM32L4xx_HAL_Driver/Src/stm32l4xx_ll_usb.c:2021:19:USB_SetCurrentMode	0	static
../Drivers/STM32L4xx_HAL_Driver/Src/stm32l4xx_ll_usb.c:2042:19:USB_DevInit	8	static
../Drivers/STM32L4xx_HAL_Driver/Src/stm32l4xx_ll_usb.c:2071:19:USB_FlushTxFifo	0	static
../Drivers/STM32L4xx_HAL_Driver/Src/stm32l4xx_ll_usb.c:2090:19:USB_FlushRxFifo	0	static
../Drivers/STM32L4xx_HAL_Driver/Src/stm32l4xx_ll_usb.c:2110:19:USB_ActivateEndpoint	20	static
../Drivers/STM32L4xx_HAL_Driver/Src/stm32l4xx_ll_usb.c:2235:19:USB_DeactivateEndpoint	0	static
../Drivers/STM32L4xx_HAL_Driver/Src/stm32l4xx_ll_usb.c:2514:19:USB_EPSetStall	0	static
../Drivers/STM32L4xx_HAL_Driver/Src/stm32l4xx_ll_usb.c:2534:19:USB_EPClearStall	0	static
../Drivers/STM32L4xx_HAL_Driver/Src/stm32l4xx_ll_usb.c:2566:19:USB_EPStopXfer	0	static
../Drivers/STM32L4xx_HAL_Driver/Src/stm32l4xx_ll_usb.c:2611:19:USB_StopDevice	0	static
../Drivers/STM32L4xx_HAL_Driver/Src/stm32l4xx_ll_usb.c:2632:20:USB_SetDevAddress	0	static
../Drivers/STM32L4xx_HAL_Driver/Src/stm32l4xx_ll_usb.c:2648:20:USB_DevConnect	0	static
../Drivers/STM32L4xx_HAL_Driver/Src/stm32l4xx_ll_usb.c:2661:20:USB_DevDisconnect	0	static
../Drivers/STM32L4xx_HAL_Driver/Src/stm32l4xx_ll_usb.c:2674:11:USB_ReadInterrupts	0	static
../Drivers/STM32L4xx_HAL_Driver/Src/stm32l4xx_ll_usb.c:2687:10:USB_ReadDevAllOutEpInterrupt	0	static
../Drivers/STM32L4xx_HAL_Driver/Src/stm32l4xx_ll_usb.c:2703:10:USB_ReadDevAllInEpInterrupt	0	static
../Drivers/STM32L4xx_HAL_Driver/Src/stm32l4xx_ll_usb.c:2721:10:USB_ReadDevOutEPInterrupt	0	static
../Drivers/STM32L4xx_HAL_Driver/Src/stm32l4xx_ll_usb.c:2740:10:USB_ReadDevInEPInterrupt	0	static
../Drivers/STM32L4xx_HAL_Driver/Src/stm32l4xx_ll_usb.c:2758:7:USB_ClearInterrupts	0	static
../Drivers/STM32L4xx_HAL_Driver/Src/stm32l4xx_ll_usb.c:2775:19:USB_EP0_OutStart	0	static
../Drivers/STM32L4xx_HAL_Driver/Src/stm32l4xx_ll_usb.c:2792:19:USB_ActivateRemoteWakeup	0	static
../Drivers/STM32L4xx_HAL_Driver/Src/stm32l4xx_ll_usb.c:2804:19:USB_DeActivateRemoteWakeup	0	static
../Drivers/STM32L4xx_HAL_Driver/Src/stm32l4xx_ll_usb.c:2819:6:USB_WritePMA	0	static
../Drivers/STM32L4xx_HAL_Driver/Src/stm32l4xx_ll_usb.c:2294:19:USB_EPStartXfer	24	static
../Drivers/STM32L4xx_HAL_Driver/Src/stm32l4xx_ll_usb.c:2855:6:USB_ReadPMA	20	static
