../USB_DEVICE/App/usbd_cdc_if.c:373:15:CDC_TransmitCplt_FS	0	static
../USB_DEVICE/App/usbd_cdc_if.c:175:15:CDC_DeInit_FS	8	static
../USB_DEVICE/App/usbd_cdc_if.c:158:15:CDC_Init_FS	16	static
../USB_DEVICE/App/usbd_cdc_if.c:202:15:CDC_Control_FS	0	static
../USB_DEVICE/App/usbd_cdc_if.c:347:9:CDC_Transmit_FS	8	static
../USB_DEVICE/App/usbd_cdc_if.c:399:10:CDC_Available_FS	0	static
../USB_DEVICE/App/usbd_cdc_if.c:420:9:CDC_Read_FS	8	static
../USB_DEVICE/App/usbd_cdc_if.c:452:6:board_reset_hook	0	static
../USB_DEVICE/App/usbd_cdc_if.c:293:15:CDC_Receive_FS	8	static
