esp_loader.c:72:20:init_md5	16	static
esp_loader.c:73:20:md5_update	16	static
esp_loader.c:79:17:timeout_per_mb	32	static
esp_loader.c:85:20:esp_loader_connect	40	static
esp_loader.c:119:15:esp_loader_get_target	4	static
esp_loader.c:124:27:spi_set_data_lengths	24	static
esp_loader.c:136:27:spi_set_data_lengths_8266	24	static
esp_loader.c:143:27:spi_flash_command	104	static
esp_loader.c:217:27:detect_flash_size	40	static
esp_loader.c:233:20:esp_loader_flash_start	48	static
esp_loader.c:259:20:esp_loader_flash_write	32	static
esp_loader.c:277:20:esp_loader_flash_finish	16	static
esp_loader.c:285:20:esp_loader_read_register	16	static
esp_loader.c:293:20:esp_loader_write_register	16	static
esp_loader.c:300:20:esp_loader_change_baudrate	16	static
esp_loader.c:365:6:esp_loader_reset_target	8	static
