serial_comm.c:33:34:serial_read	24	static
serial_comm.c:38:34:serial_write	24	static
serial_comm.c:43:16:compute_checksum	24	static
serial_comm.c:54:27:SLIP_receive_data	24	static
serial_comm.c:79:27:SLIP_receive_packet	24	static
serial_comm.c:106:27:SLIP_send	32	static
serial_comm.c:143:27:SLIP_send_delimiter	8	static
serial_comm.c:149:27:send_cmd	40	static
serial_comm.c:162:27:send_cmd_with_data	40	static
serial_comm.c:177:27:send_cmd_md5	80	static
serial_comm.c:194:13:log_loader_internal_error	16	static
serial_comm.c:213:27:check_response	40	static
serial_comm.c:239:20:loader_flash_begin_cmd	56	static
serial_comm.c:267:20:loader_flash_data_cmd	40	static
serial_comm.c:284:20:loader_flash_end_cmd	32	static
serial_comm.c:300:20:loader_sync_cmd	64	static
serial_comm.c:322:20:loader_write_reg_cmd	48	static
serial_comm.c:342:20:loader_read_reg_cmd	32	static
serial_comm.c:358:20:loader_spi_attach_cmd	32	static
serial_comm.c:374:20:loader_change_baudrate_cmd	32	static
serial_comm.c:390:20:loader_md5_cmd	48	static
serial_comm.c:408:20:loader_spi_parameters	48	static
serial_comm.c:428:29:loader_port_debug_print	16	static
