stm32_port.c:61:13:serial_debug_print	16	static
stm32_port.c:67:20:loader_port_serial_write	32	static
stm32_port.c:83:20:loader_port_serial_read	32	static
stm32_port.c:100:6:loader_port_stm32_init	16	static
stm32_port.c:112:6:loader_port_enter_bootloader	8	static
stm32_port.c:123:6:loader_port_reset_target	8	static
stm32_port.c:131:6:loader_port_delay_ms	16	static
stm32_port.c:137:6:loader_port_start_timer	16	static
stm32_port.c:143:10:loader_port_remaining_time	24	static
stm32_port.c:150:6:loader_port_debug_print	16	static
stm32_port.c:155:20:loader_port_change_baudrate	16	static
