Archive member included to satisfy reference by file (symbol)

c:/st/stm32cubeide_1.7.0/stm32cubeide/plugins/com.st.stm32cube.ide.mcu.externaltools.gnu-tools-for-stm32.10.3-2021.10.win32_1.0.0.202111181127/tools/bin/../lib/gcc/arm-none-eabi/10.3.1/../../../../arm-none-eabi/lib/thumb/v7e-m+fp/hard\libc_nano.a(lib_a-calloc.o)
                              ./Core/Src/ring_buffer.o (calloc)
c:/st/stm32cubeide_1.7.0/stm32cubeide/plugins/com.st.stm32cube.ide.mcu.externaltools.gnu-tools-for-stm32.10.3-2021.10.win32_1.0.0.202111181127/tools/bin/../lib/gcc/arm-none-eabi/10.3.1/../../../../arm-none-eabi/lib/thumb/v7e-m+fp/hard\libc_nano.a(lib_a-errno.o)
                              ./Core/Src/syscalls.o (__errno)
c:/st/stm32cubeide_1.7.0/stm32cubeide/plugins/com.st.stm32cube.ide.mcu.externaltools.gnu-tools-for-stm32.10.3-2021.10.win32_1.0.0.202111181127/tools/bin/../lib/gcc/arm-none-eabi/10.3.1/../../../../arm-none-eabi/lib/thumb/v7e-m+fp/hard\libc_nano.a(lib_a-exit.o)
                              c:/st/stm32cubeide_1.7.0/stm32cubeide/plugins/com.st.stm32cube.ide.mcu.externaltools.gnu-tools-for-stm32.10.3-2021.10.win32_1.0.0.202111181127/tools/bin/../lib/gcc/arm-none-eabi/10.3.1/../../../../arm-none-eabi/lib/thumb/v7e-m+fp/hard/crt0.o (exit)
c:/st/stm32cubeide_1.7.0/stm32cubeide/plugins/com.st.stm32cube.ide.mcu.externaltools.gnu-tools-for-stm32.10.3-2021.10.win32_1.0.0.202111181127/tools/bin/../lib/gcc/arm-none-eabi/10.3.1/../../../../arm-none-eabi/lib/thumb/v7e-m+fp/hard\libc_nano.a(lib_a-impure.o)
                              c:/st/stm32cubeide_1.7.0/stm32cubeide/plugins/com.st.stm32cube.ide.mcu.externaltools.gnu-tools-for-stm32.10.3-2021.10.win32_1.0.0.202111181127/tools/bin/../lib/gcc/arm-none-eabi/10.3.1/../../../../arm-none-eabi/lib/thumb/v7e-m+fp/hard\libc_nano.a(lib_a-exit.o) (_global_impure_ptr)
c:/st/stm32cubeide_1.7.0/stm32cubeide/plugins/com.st.stm32cube.ide.mcu.externaltools.gnu-tools-for-stm32.10.3-2021.10.win32_1.0.0.202111181127/tools/bin/../lib/gcc/arm-none-eabi/10.3.1/../../../../arm-none-eabi/lib/thumb/v7e-m+fp/hard\libc_nano.a(lib_a-init.o)
                              c:/st/stm32cubeide_1.7.0/stm32cubeide/plugins/com.st.stm32cube.ide.mcu.externaltools.gnu-tools-for-stm32.10.3-2021.10.win32_1.0.0.202111181127/tools/bin/../lib/gcc/arm-none-eabi/10.3.1/../../../../arm-none-eabi/lib/thumb/v7e-m+fp/hard/crt0.o (__libc_init_array)
c:/st/stm32cubeide_1.7.0/stm32cubeide/plugins/com.st.stm32cube.ide.mcu.externaltools.gnu-tools-for-stm32.10.3-2021.10.win32_1.0.0.202111181127/tools/bin/../lib/gcc/arm-none-eabi/10.3.1/../../../../arm-none-eabi/lib/thumb/v7e-m+fp/hard\libc_nano.a(lib_a-malloc.o)
                              ./Core/Src/ring_buffer.o (malloc)
c:/st/stm32cubeide_1.7.0/stm32cubeide/plugins/com.st.stm32cube.ide.mcu.externaltools.gnu-tools-for-stm32.10.3-2021.10.win32_1.0.0.202111181127/tools/bin/../lib/gcc/arm-none-eabi/10.3.1/../../../../arm-none-eabi/lib/thumb/v7e-m+fp/hard\libc_nano.a(lib_a-memset.o)
                              c:/st/stm32cubeide_1.7.0/stm32cubeide/plugins/com.st.stm32cube.ide.mcu.externaltools.gnu-tools-for-stm32.10.3-2021.10.win32_1.0.0.202111181127/tools/bin/../lib/gcc/arm-none-eabi/10.3.1/../../../../arm-none-eabi/lib/thumb/v7e-m+fp/hard/crt0.o (memset)
c:/st/stm32cubeide_1.7.0/stm32cubeide/plugins/com.st.stm32cube.ide.mcu.externaltools.gnu-tools-for-stm32.10.3-2021.10.win32_1.0.0.202111181127/tools/bin/../lib/gcc/arm-none-eabi/10.3.1/../../../../arm-none-eabi/lib/thumb/v7e-m+fp/hard\libc_nano.a(lib_a-nano-callocr.o)
                              c:/st/stm32cubeide_1.7.0/stm32cubeide/plugins/com.st.stm32cube.ide.mcu.externaltools.gnu-tools-for-stm32.10.3-2021.10.win32_1.0.0.202111181127/tools/bin/../lib/gcc/arm-none-eabi/10.3.1/../../../../arm-none-eabi/lib/thumb/v7e-m+fp/hard\libc_nano.a(lib_a-calloc.o) (_calloc_r)
c:/st/stm32cubeide_1.7.0/stm32cubeide/plugins/com.st.stm32cube.ide.mcu.externaltools.gnu-tools-for-stm32.10.3-2021.10.win32_1.0.0.202111181127/tools/bin/../lib/gcc/arm-none-eabi/10.3.1/../../../../arm-none-eabi/lib/thumb/v7e-m+fp/hard\libc_nano.a(lib_a-nano-freer.o)
                              c:/st/stm32cubeide_1.7.0/stm32cubeide/plugins/com.st.stm32cube.ide.mcu.externaltools.gnu-tools-for-stm32.10.3-2021.10.win32_1.0.0.202111181127/tools/bin/../lib/gcc/arm-none-eabi/10.3.1/../../../../arm-none-eabi/lib/thumb/v7e-m+fp/hard\libc_nano.a(lib_a-malloc.o) (_free_r)
c:/st/stm32cubeide_1.7.0/stm32cubeide/plugins/com.st.stm32cube.ide.mcu.externaltools.gnu-tools-for-stm32.10.3-2021.10.win32_1.0.0.202111181127/tools/bin/../lib/gcc/arm-none-eabi/10.3.1/../../../../arm-none-eabi/lib/thumb/v7e-m+fp/hard\libc_nano.a(lib_a-nano-mallocr.o)
                              c:/st/stm32cubeide_1.7.0/stm32cubeide/plugins/com.st.stm32cube.ide.mcu.externaltools.gnu-tools-for-stm32.10.3-2021.10.win32_1.0.0.202111181127/tools/bin/../lib/gcc/arm-none-eabi/10.3.1/../../../../arm-none-eabi/lib/thumb/v7e-m+fp/hard\libc_nano.a(lib_a-malloc.o) (_malloc_r)
[...]
Memory Configuration

Name             Origin             Length             Attributes
RAM              0x0000000020000000 0x0000000000028000 xrw
RAM2             0x0000000010000000 0x0000000000008000 xrw
FLASH            0x0000000008000000 0x0000000000010000 xr
*default*        0x0000000000000000 0xffffffffffffffff

Linker script and memory map

LOAD c:/st/stm32cubeide_1.7.0/stm32cubeide/plugins/com.st.stm32cube.ide.mcu.externaltools.gnu-tools-for-stm32.10.3-2021.10.win32_1.0.0.202111181127/tools/bin/../lib/gcc/arm-none-eabi/10.3.1/thumb/v7e-m+fp/hard/crti.o
LOAD c:/st/stm32cubeide_1.7.0/stm32cubeide/plugins/com.st.stm32cube.ide.mcu.externaltools.gnu-tools-for-stm32.10.3-2021.10.win32_1.0.0.202111181127/tools/bin/../lib/gcc/arm-none-eabi/10.3.1/thumb/v7e-m+fp/hard/crtbegin.o
LOAD c:/st/stm32cubeide_1.7.0/stm32cubeide/plugins/com.st.stm32cube.ide.mcu.externaltools.gnu-tools-for-stm32.10.3-2021.10.win32_1.0.0.202111181127/tools/bin/../lib/gcc/arm-none-eabi/10.3.1/../../../../arm-none-eabi/lib/thumb/v7e-m+fp/hard/crt0.o
LOAD ./Core/Src/bootloader.o
LOAD ./Core/Src/main.o
LOAD ./Core/Src/ring_buffer.o
LOAD ./Core/Src/stm32l4xx_hal_msp.o
LOAD ./Core/Src/stm32l4xx_it.o
LOAD ./Core/Src/syscalls.o
LOAD ./Core/Src/sysmem.o
LOAD ./Core/Src/system_stm32l4xx.o
LOAD ./Core/Startup/startup_stm32l452retx.o
LOAD ./Drivers/STM32L4xx_HAL_Driver/Src/stm32l4xx_hal.o
LOAD ./Drivers/STM32L4xx_HAL_Driver/Src/stm32l4xx_hal_cortex.o
LOAD ./Drivers/STM32L4xx_HAL_Driver/Src/stm32l4xx_hal_crc.o
LOAD ./Drivers/STM32L4xx_HAL_Driver/Src/stm32l4xx_hal_crc_ex.o
LOAD ./Drivers/STM32L4xx_HAL_Driver/Src/stm32l4xx_hal_dma.o
LOAD ./Drivers/STM32L4xx_HAL_Driver/Src/stm32l4xx_hal_dma_ex.o
LOAD ./Drivers/STM32L4xx_HAL_Driver/Src/stm32l4xx_hal_exti.o
LOAD ./Drivers/STM32L4xx_HAL_Driver/Src/stm32l4xx_hal_flash.o
LOAD ./Drivers/STM32L4xx_HAL_Driver/Src/stm32l4xx_hal_flash_ex.o
LOAD ./Drivers/STM32L4xx_HAL_Driver/Src/stm32l4xx_hal_flash_ramfunc.o
LOAD ./Drivers/STM32L4xx_HAL_Driver/Src/stm32l4xx_hal_gpio.o
LOAD ./Drivers/STM32L4xx_HAL_Driver/Src/stm32l4xx_hal_i2c.o
LOAD ./Drivers/STM32L4xx_HAL_Driver/Src/stm32l4xx_hal_i2c_ex.o
LOAD ./Drivers/STM32L4xx_HAL_Driver/Src/stm32l4xx_hal_pcd.o
LOAD ./Drivers/STM32L4xx_HAL_Driver/Src/stm32l4xx_hal_pcd_ex.o
LOAD ./Drivers/STM32L4xx_HAL_Driver/Src/stm32l4xx_hal_pwr.o
LOAD ./Drivers/STM32L4xx_HAL_Driver/Src/stm32l4xx_hal_pwr_ex.o
LOAD ./Drivers/STM32L4xx_HAL_Driver/Src/stm32l4xx_hal_rcc.o
LOAD ./Drivers/STM32L4xx_HAL_Driver/Src/stm32l4xx_hal_rcc_ex.o
LOAD ./Drivers/STM32L4xx_HAL_Driver/Src/stm32l4xx_hal_tim.o
LOAD ./Drivers/STM32L4xx_HAL_Driver/Src/stm32l4xx_hal_tim_ex.o
LOAD ./Drivers/STM32L4xx_HAL_Driver/Src/stm32l4xx_hal_uart.o
LOAD ./Drivers/STM32L4xx_HAL_Driver/Src/stm32l4xx_hal_uart_ex.o
LOAD ./Drivers/STM32L4xx_HAL_Driver/Src/stm32l4xx_ll_usb.o
LOAD ./Middlewares/ST/STM32_USB_Device_Library/Class/CDC/Src/usbd_cdc.o
LOAD ./Middlewares/ST/STM32_USB_Device_Library/Core/Src/usbd_core.o
LOAD ./Middlewares/ST/STM32_USB_Device_Library/Core/Src/usbd_ctlreq.o
LOAD ./Middlewares/ST/STM32_USB_Device_Library/Core/Src/usbd_ioreq.o
LOAD ./USB_DEVICE/App/usb_device.o
LOAD ./USB_DEVICE/App/usbd_cdc_if.o
LOAD ./USB_DEVICE/App/usbd_desc.o
LOAD ./USB_DEVICE/Target/usbd_conf.o
START GROUP
LOAD c:/st/stm32cubeide_1.7.0/stm32cubeide/plugins/com.st.stm32cube.ide.mcu.externaltools.gnu-tools-for-stm32.10.3-2021.10.win32_1.0.0.202111181127/tools/bin/../lib/gcc/arm-none-eabi/10.3.1/../../../../arm-none-eabi/lib/thumb/v7e-m+fp/hard\libc_nano.a
LOAD c:/st/stm32cubeide_1.7.0/stm32cubeide/plugins/com.st.stm32cube.ide.mcu.externaltools.gnu-tools-for-stm32.10.3-2021.10.win32_1.0.0.202111181127/tools/bin/../lib/gcc/arm-none-eabi/10.3.1/../../../../arm-none-eabi/lib/thumb/v7e-m+fp/hard\libm.a
END GROUP
START GROUP
LOAD c:/st/stm32cubeide_1.7.0/stm32cubeide/plugins/com.st.stm32cube.ide.mcu.externaltools.gnu-tools-for-stm32.10.3-2021.10.win32_1.0.0.202111181127/tools/bin/../lib/gcc/arm-none-eabi/10.3.1/thumb/v7e-m+fp/hard\libgcc.a
LOAD c:/st/stm32cubeide_1.7.0/stm32cubeide/plugins/com.st.stm32cube.ide.mcu.externaltools.gnu-tools-for-stm32.10.3-2021.10.win32_1.0.0.202111181127/tools/bin/../lib/gcc/arm-none-eabi/10.3.1/../../../../arm-none-eabi/lib/thumb/v7e-m+fp/hard\libc_nano.a
END GROUP
START GROUP
LOAD c:/st/stm32cubeide_1.7.0/stm32cubeide/plugins/com.st.stm32cube.ide.mcu.externaltools.gnu-tools-for-stm32.10.3-2021.10.win32_1.0.0.202111181127/tools/bin/../lib/gcc/arm-none-eabi/10.3.1/thumb/v7e-m+fp/hard\libgcc.a
LOAD c:/st/stm32cubeide_1.7.0/stm32cubeide/plugins/com.st.stm32cube.ide.mcu.externaltools.gnu-tools-for-stm32.10.3-2021.10.win32_1.0.0.202111181127/tools/bin/../lib/gcc/arm-none-eabi/10.3.1/../../../../arm-none-eabi/lib/thumb/v7e-m+fp/hard\libc_nano.a
LOAD c:/st/stm32cubeide_1.7.0/stm32cubeide/plugins/com.st.stm32cube.ide.mcu.externaltools.gnu-tools-for-stm32.10.3-2021.10.win32_1.0.0.202111181127/tools/bin/../lib/gcc/arm-none-eabi/10.3.1/../../../../arm-none-eabi/lib/thumb/v7e-m+fp/hard\libnosys.a
END GROUP
START GROUP
LOAD c:/st/stm32cubeide_1.7.0/stm32cubeide/plugins/com.st.stm32cube.ide.mcu.externaltools.gnu-tools-for-stm32.10.3-2021.10.win32_1.0.0.202111181127/tools/bin/../lib/gcc/arm-none-eabi/10.3.1/thumb/v7e-m+fp/hard\libgcc.a
LOAD c:/st/stm32cubeide_1.7.0/stm32cubeide/plugins/com.st.stm32cube.ide.mcu.externaltools.gnu-tools-for-stm32.10.3-2021.10.win32_1.0.0.202111181127/tools/bin/../lib/gcc/arm-none-eabi/10.3.1/../../../../arm-none-eabi/lib/thumb/v7e-m+fp/hard\libc_nano.a
LOAD c:/st/stm32cubeide_1.7.0/stm32cubeide/plugins/com.st.stm32cube.ide.mcu.externaltools.gnu-tools-for-stm32.10.3-2021.10.win32_1.0.0.202111181127/tools/bin/../lib/gcc/arm-none-eabi/10.3.1/../../../../arm-none-eabi/lib/thumb/v7e-m+fp/hard\libnosys.a
END GROUP
LOAD c:/st/stm32cubeide_1.7.0/stm32cubeide/plugins/com.st.stm32cube.ide.mcu.externaltools.gnu-tools-for-stm32.10.3-2021.10.win32_1.0.0.202111181127/tools/bin/../lib/gcc/arm-none-eabi/10.3.1/thumb/v7e-m+fp/hard/crtend.o
LOAD c:/st/stm32cubeide_1.7.0/stm32cubeide/plugins/com.st.stm32cube.ide.mcu.externaltools.gnu-tools-for-stm32.10.3-2021.10.win32_1.0.0.202111181127/tools/bin/../lib/gcc/arm-none-eabi/10.3.1/thumb/v7e-m+fp/hard/crtn.o
                0x0000000020028000                _estack = (ORIGIN (RAM) + LENGTH (RAM))
                0x0000000000000200                _Min_Heap_Size = 0x200
                0x0000000000000400                _Min_Stack_Size = 0x400

.isr_vector     0x0000000008000000      0x194
                0x0000000008000000                . = ALIGN (0x4)
 *(.isr_vector)
 .isr_vector    0x0000000008000000      0x194 ./Core/Startup/startup_stm32l452retx.o
                0x0000000008000000                g_pfnVectors
                0x0000000008000194                . = ALIGN (0x4)

.text           0x0000000008000194     0x630c
                0x0000000008000194                . = ALIGN (0x4)
 *(.text)
 .text          0x0000000008000194       0x40 c:/st/stm32cubeide_1.7.0/stm32cubeide/plugins/com.st.stm32cube.ide.mcu.externaltools.gnu-tools-for-stm32.10.3-2021.10.win32_1.0.0.202111181127/tools/bin/../lib/gcc/arm-none-eabi/10.3.1/thumb/v7e-m+fp/hard/crtbegin.o
 .text          0x00000000080001d4       0x30 c:/st/stm32cubeide_1.7.0/stm32cubeide/plugins/com.st.stm32cube.ide.mcu.externaltools.gnu-tools-for-stm32.10.3-2021.10.win32_1.0.0.202111181127/tools/bin/../lib/gcc/arm-none-eabi/10.3.1/thumb/v7e-m+fp/hard\libgcc.a(_aeabi_uldivmod.o)
                0x00000000080001d4                __aeabi_uldivmod
 .text          0x0000000008000204      0x2d0 c:/st/stm32cubeide_1.7.0/stm32cubeide/plugins/com.st.stm32cube.ide.mcu.externaltools.gnu-tools-for-stm32.10.3-2021.10.win32_1.0.0.202111181127/tools/bin/../lib/gcc/arm-none-eabi/10.3.1/thumb/v7e-m+fp/hard\libgcc.a(_udivmoddi4.o)
                0x0000000008000204                __udivmoddi4
 .text          0x00000000080004d4        0x4 c:/st/stm32cubeide_1.7.0/stm32cubeide/plugins/com.st.stm32cube.ide.mcu.externaltools.gnu-tools-for-stm32.10.3-2021.10.win32_1.0.0.202111181127/tools/bin/../lib/gcc/arm-none-eabi/10.3.1/thumb/v7e-m+fp/hard\libgcc.a(_dvmd_tls.o)
                0x00000000080004d4                __aeabi_idiv0
                0x00000000080004d4                __aeabi_ldiv0
 *(.text*)
 .text.bootloader_init
                0x00000000080004d8       0xb0 ./Core/Src/bootloader.o
                0x00000000080004d8                bootloader_init
 .text.jump_to_user_application
                0x0000000008000588       0x28 ./Core/Src/bootloader.o
                0x0000000008000588                jump_to_user_application
 .text.usb_cmd_timeout
                0x00000000080005b0       0x24 ./Core/Src/bootloader.o
                0x00000000080005b0                usb_cmd_timeout
 .text.send_reply
                0x00000000080005d4       0x16 ./Core/Src/bootloader.o
                0x00000000080005d4                send_reply
 .text.reset    0x00000000080005ea       0x1c ./Core/Src/bootloader.o
 *fill*         0x0000000008000606        0x2 
 .text.command_handler
                0x0000000008000608      0x42c ./Core/Src/bootloader.o
                0x0000000008000608                command_handler
 .text.HAL_UARTEx_RxEventCallback
                0x0000000008000a34       0x90 ./Core/Src/bootloader.o
                0x0000000008000a34                HAL_UARTEx_RxEventCallback
 .text.deInitializer
                0x0000000008000ac4       0x3c ./Core/Src/main.o
                0x0000000008000ac4                deInitializer
 .text.Error_Handler
                0x0000000008000b00       0x1c ./Core/Src/main.o
                0x0000000008000b00                Error_Handler
 .text.SystemClock_Config
                0x0000000008000b1c       0x78 ./Core/Src/main.o
                0x0000000008000b1c                SystemClock_Config
 .text.startup.main
                0x0000000008000b94      0x254 ./Core/Src/main.o
                0x0000000008000b94                main
 .text.ring_buffer_init
                0x0000000008000de8       0x30 ./Core/Src/ring_buffer.o
                0x0000000008000de8                ring_buffer_init
 .text.ring_buffer_available_bytes
                0x0000000008000e18       0x34 ./Core/Src/ring_buffer.o
                0x0000000008000e18                ring_buffer_available_bytes
 .text.ring_buffer_write
                0x0000000008000e4c       0x78 ./Core/Src/ring_buffer.o
                0x0000000008000e4c                ring_buffer_write
 .text.ring_buffer_read
                0x0000000008000ec4       0x80 ./Core/Src/ring_buffer.o
                0x0000000008000ec4                ring_buffer_read
 .text.ring_buffer_deinit
                0x0000000008000f44       0x2c ./Core/Src/ring_buffer.o
                0x0000000008000f44                ring_buffer_deinit
 .text.HAL_MspInit
                0x0000000008000f70       0x30 ./Core/Src/stm32l4xx_hal_msp.o
                0x0000000008000f70                HAL_MspInit
 .text.HAL_CRC_MspInit
                0x0000000008000fa0       0x28 ./Core/Src/stm32l4xx_hal_msp.o
                0x0000000008000fa0                HAL_CRC_MspInit
 .text.HAL_CRC_MspDeInit
                0x0000000008000fc8       0x1c ./Core/Src/stm32l4xx_hal_msp.o
                0x0000000008000fc8                HAL_CRC_MspDeInit
 .text.HAL_UART_MspInit
                0x0000000008000fe4      0x164 ./Core/Src/stm32l4xx_hal_msp.o
                0x0000000008000fe4                HAL_UART_MspInit
 .text.HAL_UART_MspDeInit
                0x0000000008001148       0x64 ./Core/Src/stm32l4xx_hal_msp.o
                0x0000000008001148                HAL_UART_MspDeInit
 .text.NMI_Handler
                0x00000000080011ac        0x2 ./Core/Src/stm32l4xx_it.o
                0x00000000080011ac                NMI_Handler
 *fill*         0x00000000080011ae        0x2 
 .text.HardFault_Handler
                0x00000000080011b0       0x1c ./Core/Src/stm32l4xx_it.o
                0x00000000080011b0                HardFault_Handler
 .text.MemManage_Handler
                0x00000000080011cc        0x2 ./Core/Src/stm32l4xx_it.o
                0x00000000080011cc                MemManage_Handler
 .text.BusFault_Handler
                0x00000000080011ce        0x2 ./Core/Src/stm32l4xx_it.o
                0x00000000080011ce                BusFault_Handler
 .text.UsageFault_Handler
                0x00000000080011d0        0x2 ./Core/Src/stm32l4xx_it.o
                0x00000000080011d0                UsageFault_Handler
 .text.SVC_Handler
                0x00000000080011d2        0x2 ./Core/Src/stm32l4xx_it.o
                0x00000000080011d2                SVC_Handler
 .text.DebugMon_Handler
                0x00000000080011d4        0x2 ./Core/Src/stm32l4xx_it.o
                0x00000000080011d4                DebugMon_Handler
 .text.PendSV_Handler
                0x00000000080011d6        0x2 ./Core/Src/stm32l4xx_it.o
                0x00000000080011d6                PendSV_Handler
 .text.SysTick_Handler
                0x00000000080011d8        0x4 ./Core/Src/stm32l4xx_it.o
                0x00000000080011d8                SysTick_Handler
 .text.DMA1_Channel5_IRQHandler
                0x00000000080011dc        0xc ./Core/Src/stm32l4xx_it.o
                0x00000000080011dc                DMA1_Channel5_IRQHandler
 .text.DMA1_Channel6_IRQHandler
                0x00000000080011e8        0xc ./Core/Src/stm32l4xx_it.o
                0x00000000080011e8                DMA1_Channel6_IRQHandler
 .text.USART1_IRQHandler
                0x00000000080011f4        0xc ./Core/Src/stm32l4xx_it.o
                0x00000000080011f4                USART1_IRQHandler
 .text.USART2_IRQHandler
                0x0000000008001200        0xc ./Core/Src/stm32l4xx_it.o
                0x0000000008001200                USART2_IRQHandler
 .text.USB_IRQHandler
                0x000000000800120c        0xc ./Core/Src/stm32l4xx_it.o
                0x000000000800120c                USB_IRQHandler
 .text._sbrk    0x0000000008001218       0x40 ./Core/Src/sysmem.o
                0x0000000008001218                _sbrk
 .text.SystemInit
                0x0000000008001258       0x14 ./Core/Src/system_stm32l4xx.o
                0x0000000008001258                SystemInit
 .text.Boot_Reset_Handler
                0x000000000800126c       0x50 ./Core/Startup/startup_stm32l452retx.o
                0x000000000800126c                Boot_Reset_Handler
 .text.Default_Handler
                0x00000000080012bc        0x2 ./Core/Startup/startup_stm32l452retx.o
                0x00000000080012bc                RTC_Alarm_IRQHandler
                0x00000000080012bc                EXTI2_IRQHandler
                0x00000000080012bc                TIM1_CC_IRQHandler
                0x00000000080012bc                TSC_IRQHandler
                0x00000000080012bc                TAMP_STAMP_IRQHandler
                0x00000000080012bc                EXTI3_IRQHandler
                0x00000000080012bc                LPTIM2_IRQHandler
                0x00000000080012bc                DFSDM1_FLT1_IRQHandler
                0x00000000080012bc                I2C3_ER_IRQHandler
                0x00000000080012bc                EXTI0_IRQHandler
                0x00000000080012bc                I2C2_EV_IRQHandler
                0x00000000080012bc                CAN1_RX0_IRQHandler
                0x00000000080012bc                FPU_IRQHandler
                0x00000000080012bc                TIM1_UP_TIM16_IRQHandler
                0x00000000080012bc                SPI1_IRQHandler
                0x00000000080012bc                TIM6_DAC_IRQHandler
                0x00000000080012bc                DMA2_Channel2_IRQHandler
                0x00000000080012bc                DMA1_Channel4_IRQHandler
                0x00000000080012bc                ADC1_IRQHandler
                0x00000000080012bc                USART3_IRQHandler
                0x00000000080012bc                DMA1_Channel7_IRQHandler
                0x00000000080012bc                CAN1_RX1_IRQHandler
                0x00000000080012bc                DMA2_Channel1_IRQHandler
                0x00000000080012bc                QUADSPI_IRQHandler
                0x00000000080012bc                I2C1_EV_IRQHandler
                0x00000000080012bc                UART4_IRQHandler
                0x00000000080012bc                DMA2_Channel4_IRQHandler
                0x00000000080012bc                TIM3_IRQHandler
                0x00000000080012bc                RCC_IRQHandler
                0x00000000080012bc                TIM1_TRG_COM_IRQHandler
                0x00000000080012bc                DMA1_Channel1_IRQHandler
                0x00000000080012bc                Default_Handler
                0x00000000080012bc                DMA2_Channel7_IRQHandler
                0x00000000080012bc                EXTI15_10_IRQHandler
                0x00000000080012bc                SDMMC1_IRQHandler
                0x00000000080012bc                I2C3_EV_IRQHandler
                0x00000000080012bc                EXTI9_5_IRQHandler
                0x00000000080012bc                RTC_WKUP_IRQHandler
                0x00000000080012bc                PVD_PVM_IRQHandler
                0x00000000080012bc                SPI2_IRQHandler
                0x00000000080012bc                CAN1_TX_IRQHandler
                0x00000000080012bc                DMA2_Channel5_IRQHandler
                0x00000000080012bc                CRS_IRQHandler
                0x00000000080012bc                EXTI4_IRQHandler
                0x00000000080012bc                RNG_IRQHandler
                0x00000000080012bc                DMA1_Channel3_IRQHandler
                0x00000000080012bc                COMP_IRQHandler
                0x00000000080012bc                WWDG_IRQHandler
                0x00000000080012bc                I2C4_EV_IRQHandler
                0x00000000080012bc                LPUART1_IRQHandler
                0x00000000080012bc                DMA2_Channel6_IRQHandler
                0x00000000080012bc                TIM2_IRQHandler
                0x00000000080012bc                EXTI1_IRQHandler
                0x00000000080012bc                DFSDM1_FLT0_IRQHandler
                0x00000000080012bc                I2C2_ER_IRQHandler
                0x00000000080012bc                DMA1_Channel2_IRQHandler
                0x00000000080012bc                CAN1_SCE_IRQHandler
                0x00000000080012bc                FLASH_IRQHandler
                0x00000000080012bc                SPI3_IRQHandler
                0x00000000080012bc                I2C1_ER_IRQHandler
                0x00000000080012bc                LPTIM1_IRQHandler
                0x00000000080012bc                I2C4_ER_IRQHandler
                0x00000000080012bc                SAI1_IRQHandler
                0x00000000080012bc                DMA2_Channel3_IRQHandler
                0x00000000080012bc                TIM1_BRK_TIM15_IRQHandler
 .text.HAL_MspDeInit
                0x00000000080012be        0x2 ./Drivers/STM32L4xx_HAL_Driver/Src/stm32l4xx_hal.o
                0x00000000080012be                HAL_MspDeInit
 .text.HAL_DeInit
                0x00000000080012c0       0x30 ./Drivers/STM32L4xx_HAL_Driver/Src/stm32l4xx_hal.o
                0x00000000080012c0                HAL_DeInit
 .text.HAL_InitTick
                0x00000000080012f0       0x4c ./Drivers/STM32L4xx_HAL_Driver/Src/stm32l4xx_hal.o
                0x00000000080012f0                HAL_InitTick
 .text.HAL_Init
                0x000000000800133c       0x2c ./Drivers/STM32L4xx_HAL_Driver/Src/stm32l4xx_hal.o
                0x000000000800133c                HAL_Init
 .text.HAL_IncTick
                0x0000000008001368       0x18 ./Drivers/STM32L4xx_HAL_Driver/Src/stm32l4xx_hal.o
                0x0000000008001368                HAL_IncTick
 .text.HAL_GetTick
                0x0000000008001380        0xc ./Drivers/STM32L4xx_HAL_Driver/Src/stm32l4xx_hal.o
                0x0000000008001380                HAL_GetTick
 .text.HAL_Delay
                0x000000000800138c       0x28 ./Drivers/STM32L4xx_HAL_Driver/Src/stm32l4xx_hal.o
                0x000000000800138c                HAL_Delay
 .text.HAL_NVIC_SetPriorityGrouping
                0x00000000080013b4       0x24 ./Drivers/STM32L4xx_HAL_Driver/Src/stm32l4xx_hal_cortex.o
                0x00000000080013b4                HAL_NVIC_SetPriorityGrouping
 .text.HAL_NVIC_SetPriority
                0x00000000080013d8       0x64 ./Drivers/STM32L4xx_HAL_Driver/Src/stm32l4xx_hal_cortex.o
                0x00000000080013d8                HAL_NVIC_SetPriority
 .text.HAL_NVIC_EnableIRQ
                0x000000000800143c       0x1c ./Drivers/STM32L4xx_HAL_Driver/Src/stm32l4xx_hal_cortex.o
                0x000000000800143c                HAL_NVIC_EnableIRQ
 .text.HAL_NVIC_DisableIRQ
                0x0000000008001458       0x28 ./Drivers/STM32L4xx_HAL_Driver/Src/stm32l4xx_hal_cortex.o
                0x0000000008001458                HAL_NVIC_DisableIRQ
 .text.HAL_NVIC_SystemReset
                0x0000000008001480       0x24 ./Drivers/STM32L4xx_HAL_Driver/Src/stm32l4xx_hal_cortex.o
                0x0000000008001480                HAL_NVIC_SystemReset
 .text.HAL_SYSTICK_Config
                0x00000000080014a4       0x28 ./Drivers/STM32L4xx_HAL_Driver/Src/stm32l4xx_hal_cortex.o
                0x00000000080014a4                HAL_SYSTICK_Config
 .text.CRC_Handle_8
                0x00000000080014cc       0x60 ./Drivers/STM32L4xx_HAL_Driver/Src/stm32l4xx_hal_crc.o
 .text.CRC_Handle_16
                0x000000000800152c       0x2e ./Drivers/STM32L4xx_HAL_Driver/Src/stm32l4xx_hal_crc.o
 *fill*         0x000000000800155a        0x2 
 .text.HAL_CRC_Init
                0x000000000800155c       0x74 ./Drivers/STM32L4xx_HAL_Driver/Src/stm32l4xx_hal_crc.o
                0x000000000800155c                HAL_CRC_Init
 .text.HAL_CRC_DeInit
                0x00000000080015d0       0x32 ./Drivers/STM32L4xx_HAL_Driver/Src/stm32l4xx_hal_crc.o
                0x00000000080015d0                HAL_CRC_DeInit
 .text.HAL_CRC_Accumulate
                0x0000000008001602       0x40 ./Drivers/STM32L4xx_HAL_Driver/Src/stm32l4xx_hal_crc.o
                0x0000000008001602                HAL_CRC_Accumulate
 .text.HAL_CRC_Calculate
                0x0000000008001642       0x48 ./Drivers/STM32L4xx_HAL_Driver/Src/stm32l4xx_hal_crc.o
                0x0000000008001642                HAL_CRC_Calculate
 .text.HAL_CRCEx_Polynomial_Set
                0x000000000800168a       0x48 ./Drivers/STM32L4xx_HAL_Driver/Src/stm32l4xx_hal_crc_ex.o
                0x000000000800168a                HAL_CRCEx_Polynomial_Set
 *fill*         0x00000000080016d2        0x2 
 .text.HAL_DMA_Init
                0x00000000080016d4       0xd8 ./Drivers/STM32L4xx_HAL_Driver/Src/stm32l4xx_hal_dma.o
                0x00000000080016d4                HAL_DMA_Init
 .text.HAL_DMA_DeInit
                0x00000000080017ac       0xa0 ./Drivers/STM32L4xx_HAL_Driver/Src/stm32l4xx_hal_dma.o
                0x00000000080017ac                HAL_DMA_DeInit
 .text.HAL_DMA_Start_IT
                0x000000000800184c       0x7e ./Drivers/STM32L4xx_HAL_Driver/Src/stm32l4xx_hal_dma.o
                0x000000000800184c                HAL_DMA_Start_IT
 .text.HAL_DMA_Abort
                0x00000000080018ca       0x46 ./Drivers/STM32L4xx_HAL_Driver/Src/stm32l4xx_hal_dma.o
                0x00000000080018ca                HAL_DMA_Abort
 .text.HAL_DMA_Abort_IT
                0x0000000008001910       0x4c ./Drivers/STM32L4xx_HAL_Driver/Src/stm32l4xx_hal_dma.o
                0x0000000008001910                HAL_DMA_Abort_IT
 .text.HAL_DMA_IRQHandler
                0x000000000800195c       0x94 ./Drivers/STM32L4xx_HAL_Driver/Src/stm32l4xx_hal_dma.o
                0x000000000800195c                HAL_DMA_IRQHandler
 .text.FLASH_Program_Fast
                0x00000000080019f0       0x2c ./Drivers/STM32L4xx_HAL_Driver/Src/stm32l4xx_hal_flash.o
 .text.HAL_FLASH_Unlock
                0x0000000008001a1c       0x24 ./Drivers/STM32L4xx_HAL_Driver/Src/stm32l4xx_hal_flash.o
                0x0000000008001a1c                HAL_FLASH_Unlock
 .text.HAL_FLASH_Lock
                0x0000000008001a40       0x14 ./Drivers/STM32L4xx_HAL_Driver/Src/stm32l4xx_hal_flash.o
                0x0000000008001a40                HAL_FLASH_Lock
 .text.FLASH_WaitForLastOperation
                0x0000000008001a54       0x58 ./Drivers/STM32L4xx_HAL_Driver/Src/stm32l4xx_hal_flash.o
                0x0000000008001a54                FLASH_WaitForLastOperation
 .text.HAL_FLASH_Program
                0x0000000008001aac       0xa4 ./Drivers/STM32L4xx_HAL_Driver/Src/stm32l4xx_hal_flash.o
                0x0000000008001aac                HAL_FLASH_Program
 .text.FLASH_MassErase
                0x0000000008001b50       0x20 ./Drivers/STM32L4xx_HAL_Driver/Src/stm32l4xx_hal_flash_ex.o
 .text.FLASH_PageErase
                0x0000000008001b70       0x28 ./Drivers/STM32L4xx_HAL_Driver/Src/stm32l4xx_hal_flash_ex.o
                0x0000000008001b70                FLASH_PageErase
 .text.FLASH_FlushCaches
                0x0000000008001b98       0x60 ./Drivers/STM32L4xx_HAL_Driver/Src/stm32l4xx_hal_flash_ex.o
                0x0000000008001b98                FLASH_FlushCaches
 .text.HAL_FLASHEx_Erase
                0x0000000008001bf8       0xdc ./Drivers/STM32L4xx_HAL_Driver/Src/stm32l4xx_hal_flash_ex.o
                0x0000000008001bf8                HAL_FLASHEx_Erase
 .text.HAL_GPIO_Init
                0x0000000008001cd4      0x188 ./Drivers/STM32L4xx_HAL_Driver/Src/stm32l4xx_hal_gpio.o
                0x0000000008001cd4                HAL_GPIO_Init
 .text.HAL_GPIO_DeInit
                0x0000000008001e5c       0xf4 ./Drivers/STM32L4xx_HAL_Driver/Src/stm32l4xx_hal_gpio.o
                0x0000000008001e5c                HAL_GPIO_DeInit
 .text.HAL_GPIO_ReadPin
                0x0000000008001f50        0xc ./Drivers/STM32L4xx_HAL_Driver/Src/stm32l4xx_hal_gpio.o
                0x0000000008001f50                HAL_GPIO_ReadPin
 .text.HAL_GPIO_WritePin
                0x0000000008001f5c        0xa ./Drivers/STM32L4xx_HAL_Driver/Src/stm32l4xx_hal_gpio.o
                0x0000000008001f5c                HAL_GPIO_WritePin
 .text.HAL_GPIO_TogglePin
                0x0000000008001f66       0x12 ./Drivers/STM32L4xx_HAL_Driver/Src/stm32l4xx_hal_gpio.o
                0x0000000008001f66                HAL_GPIO_TogglePin
 .text.HAL_PCD_Init
                0x0000000008001f78      0x100 ./Drivers/STM32L4xx_HAL_Driver/Src/stm32l4xx_hal_pcd.o
                0x0000000008001f78                HAL_PCD_Init
 .text.HAL_PCD_DeInit
                0x0000000008002078       0x2a ./Drivers/STM32L4xx_HAL_Driver/Src/stm32l4xx_hal_pcd.o
                0x0000000008002078                HAL_PCD_DeInit
 .text.HAL_PCD_Start
                0x00000000080020a2       0x2a ./Drivers/STM32L4xx_HAL_Driver/Src/stm32l4xx_hal_pcd.o
                0x00000000080020a2                HAL_PCD_Start
 .text.HAL_PCD_Stop
                0x00000000080020cc       0x2a ./Drivers/STM32L4xx_HAL_Driver/Src/stm32l4xx_hal_pcd.o
                0x00000000080020cc                HAL_PCD_Stop
 .text.HAL_PCD_SetAddress
                0x00000000080020f6       0x28 ./Drivers/STM32L4xx_HAL_Driver/Src/stm32l4xx_hal_pcd.o
                0x00000000080020f6                HAL_PCD_SetAddress
 *fill*         0x000000000800211e        0x2 
 .text.HAL_PCD_IRQHandler
                0x0000000008002120      0x9d8 ./Drivers/STM32L4xx_HAL_Driver/Src/stm32l4xx_hal_pcd.o
                0x0000000008002120                HAL_PCD_IRQHandler
 .text.HAL_PCD_EP_Open
                0x0000000008002af8       0x6c ./Drivers/STM32L4xx_HAL_Driver/Src/stm32l4xx_hal_pcd.o
                0x0000000008002af8                HAL_PCD_EP_Open
 .text.HAL_PCD_EP_Close
                0x0000000008002b64       0x5a ./Drivers/STM32L4xx_HAL_Driver/Src/stm32l4xx_hal_pcd.o
                0x0000000008002b64                HAL_PCD_EP_Close
 .text.HAL_PCD_EP_Receive
                0x0000000008002bbe       0x2c ./Drivers/STM32L4xx_HAL_Driver/Src/stm32l4xx_hal_pcd.o
                0x0000000008002bbe                HAL_PCD_EP_Receive
 .text.HAL_PCD_EP_GetRxCount
                0x0000000008002bea       0x10 ./Drivers/STM32L4xx_HAL_Driver/Src/stm32l4xx_hal_pcd.o
                0x0000000008002bea                HAL_PCD_EP_GetRxCount
 .text.HAL_PCD_EP_Transmit
                0x0000000008002bfa       0x3e ./Drivers/STM32L4xx_HAL_Driver/Src/stm32l4xx_hal_pcd.o
                0x0000000008002bfa                HAL_PCD_EP_Transmit
 .text.HAL_PCD_EP_SetStall
                0x0000000008002c38       0x70 ./Drivers/STM32L4xx_HAL_Driver/Src/stm32l4xx_hal_pcd.o
                0x0000000008002c38                HAL_PCD_EP_SetStall
 .text.HAL_PCD_EP_ClrStall
                0x0000000008002ca8       0x6c ./Drivers/STM32L4xx_HAL_Driver/Src/stm32l4xx_hal_pcd.o
                0x0000000008002ca8                HAL_PCD_EP_ClrStall
 .text.HAL_PCDEx_PMAConfig
                0x0000000008002d14       0x38 ./Drivers/STM32L4xx_HAL_Driver/Src/stm32l4xx_hal_pcd_ex.o
                0x0000000008002d14                HAL_PCDEx_PMAConfig
 .text.HAL_PCDEx_ActivateLPM
                0x0000000008002d4c       0x2e ./Drivers/STM32L4xx_HAL_Driver/Src/stm32l4xx_hal_pcd_ex.o
                0x0000000008002d4c                HAL_PCDEx_ActivateLPM
 .text.HAL_PCDEx_LPM_Callback
                0x0000000008002d7a        0x2 ./Drivers/STM32L4xx_HAL_Driver/Src/stm32l4xx_hal_pcd_ex.o
                0x0000000008002d7a                HAL_PCDEx_LPM_Callback
 .text.HAL_PWREx_GetVoltageRange
                0x0000000008002d7c       0x10 ./Drivers/STM32L4xx_HAL_Driver/Src/stm32l4xx_hal_pwr_ex.o
                0x0000000008002d7c                HAL_PWREx_GetVoltageRange
 .text.HAL_PWREx_ControlVoltageScaling
                0x0000000008002d8c       0x6c ./Drivers/STM32L4xx_HAL_Driver/Src/stm32l4xx_hal_pwr_ex.o
                0x0000000008002d8c                HAL_PWREx_ControlVoltageScaling
 .text.HAL_PWREx_EnableVddUSB
                0x0000000008002df8       0x10 ./Drivers/STM32L4xx_HAL_Driver/Src/stm32l4xx_hal_pwr_ex.o
                0x0000000008002df8                HAL_PWREx_EnableVddUSB
 .text.RCC_SetFlashLatencyFromMSIRange
                0x0000000008002e08       0x84 ./Drivers/STM32L4xx_HAL_Driver/Src/stm32l4xx_hal_rcc.o
 .text.HAL_RCC_DeInit
                0x0000000008002e8c       0xd8 ./Drivers/STM32L4xx_HAL_Driver/Src/stm32l4xx_hal_rcc.o
                0x0000000008002e8c                HAL_RCC_DeInit
 .text.HAL_RCC_GetSysClockFreq
                0x0000000008002f64       0x9c ./Drivers/STM32L4xx_HAL_Driver/Src/stm32l4xx_hal_rcc.o
                0x0000000008002f64                HAL_RCC_GetSysClockFreq
 .text.HAL_RCC_OscConfig
                0x0000000008003000      0x554 ./Drivers/STM32L4xx_HAL_Driver/Src/stm32l4xx_hal_rcc.o
                0x0000000008003000                HAL_RCC_OscConfig
 .text.HAL_RCC_ClockConfig
                0x0000000008003554      0x128 ./Drivers/STM32L4xx_HAL_Driver/Src/stm32l4xx_hal_rcc.o
                0x0000000008003554                HAL_RCC_ClockConfig
 .text.HAL_RCC_GetPCLK1Freq
                0x000000000800367c       0x24 ./Drivers/STM32L4xx_HAL_Driver/Src/stm32l4xx_hal_rcc.o
                0x000000000800367c                HAL_RCC_GetPCLK1Freq
 .text.HAL_RCC_GetPCLK2Freq
                0x00000000080036a0       0x24 ./Drivers/STM32L4xx_HAL_Driver/Src/stm32l4xx_hal_rcc.o
                0x00000000080036a0                HAL_RCC_GetPCLK2Freq
 .text.RCCEx_PLLSAI1_Config
                0x00000000080036c4      0x114 ./Drivers/STM32L4xx_HAL_Driver/Src/stm32l4xx_hal_rcc_ex.o
 .text.HAL_RCCEx_PeriphCLKConfig
                0x00000000080037d8      0x31c ./Drivers/STM32L4xx_HAL_Driver/Src/stm32l4xx_hal_rcc_ex.o
                0x00000000080037d8                HAL_RCCEx_PeriphCLKConfig
 .text.UART_EndRxTransfer
                0x0000000008003af4       0x4e ./Drivers/STM32L4xx_HAL_Driver/Src/stm32l4xx_hal_uart.o
 .text.HAL_UART_DeInit
                0x0000000008003b42       0x36 ./Drivers/STM32L4xx_HAL_Driver/Src/stm32l4xx_hal_uart.o
                0x0000000008003b42                HAL_UART_DeInit
 .text.HAL_UART_DMAPause
                0x0000000008003b78       0x90 ./Drivers/STM32L4xx_HAL_Driver/Src/stm32l4xx_hal_uart.o
                0x0000000008003b78                HAL_UART_DMAPause
 .text.HAL_UART_DMAResume
                0x0000000008003c08       0x8c ./Drivers/STM32L4xx_HAL_Driver/Src/stm32l4xx_hal_uart.o
                0x0000000008003c08                HAL_UART_DMAResume
 .text.HAL_UART_TxCpltCallback
                0x0000000008003c94        0x2 ./Drivers/STM32L4xx_HAL_Driver/Src/stm32l4xx_hal_uart.o
                0x0000000008003c94                HAL_UART_TxCpltCallback
 .text.HAL_UART_RxCpltCallback
                0x0000000008003c96        0x2 ./Drivers/STM32L4xx_HAL_Driver/Src/stm32l4xx_hal_uart.o
                0x0000000008003c96                HAL_UART_RxCpltCallback
 .text.HAL_UART_RxHalfCpltCallback
                0x0000000008003c98        0x2 ./Drivers/STM32L4xx_HAL_Driver/Src/stm32l4xx_hal_uart.o
                0x0000000008003c98                HAL_UART_RxHalfCpltCallback
 .text.HAL_UART_ErrorCallback
                0x0000000008003c9a        0x2 ./Drivers/STM32L4xx_HAL_Driver/Src/stm32l4xx_hal_uart.o
                0x0000000008003c9a                HAL_UART_ErrorCallback
 .text.UART_DMAError
                0x0000000008003c9c       0x54 ./Drivers/STM32L4xx_HAL_Driver/Src/stm32l4xx_hal_uart.o
 .text.UART_DMAAbortOnError
                0x0000000008003cf0       0x14 ./Drivers/STM32L4xx_HAL_Driver/Src/stm32l4xx_hal_uart.o
 .text.HAL_UART_IRQHandler
                0x0000000008003d04      0x28c ./Drivers/STM32L4xx_HAL_Driver/Src/stm32l4xx_hal_uart.o
                0x0000000008003d04                HAL_UART_IRQHandler
 .text.UART_DMARxHalfCplt
                0x0000000008003f90       0x1c ./Drivers/STM32L4xx_HAL_Driver/Src/stm32l4xx_hal_uart.o
 .text.UART_DMAReceiveCplt
                0x0000000008003fac       0x88 ./Drivers/STM32L4xx_HAL_Driver/Src/stm32l4xx_hal_uart.o
 .text.UART_SetConfig
                0x0000000008004034      0x250 ./Drivers/STM32L4xx_HAL_Driver/Src/stm32l4xx_hal_uart.o
                0x0000000008004034                UART_SetConfig
 .text.UART_AdvFeatureConfig
                0x0000000008004284       0xa8 ./Drivers/STM32L4xx_HAL_Driver/Src/stm32l4xx_hal_uart.o
                0x0000000008004284                UART_AdvFeatureConfig
 .text.UART_WaitOnFlagUntilTimeout
                0x000000000800432c       0xbc ./Drivers/STM32L4xx_HAL_Driver/Src/stm32l4xx_hal_uart.o
                0x000000000800432c                UART_WaitOnFlagUntilTimeout
 .text.HAL_UART_Transmit
                0x00000000080043e8       0xb4 ./Drivers/STM32L4xx_HAL_Driver/Src/stm32l4xx_hal_uart.o
                0x00000000080043e8                HAL_UART_Transmit
 .text.UART_CheckIdleState
                0x000000000800449c       0x66 ./Drivers/STM32L4xx_HAL_Driver/Src/stm32l4xx_hal_uart.o
                0x000000000800449c                UART_CheckIdleState
 .text.HAL_UART_Init
                0x0000000008004502       0x5c ./Drivers/STM32L4xx_HAL_Driver/Src/stm32l4xx_hal_uart.o
                0x0000000008004502                HAL_UART_Init
 *fill*         0x000000000800455e        0x2 
 .text.UART_Start_Receive_DMA
                0x0000000008004560       0xa4 ./Drivers/STM32L4xx_HAL_Driver/Src/stm32l4xx_hal_uart.o
                0x0000000008004560                UART_Start_Receive_DMA
 .text.HAL_UARTEx_WakeupCallback
                0x0000000008004604        0x2 ./Drivers/STM32L4xx_HAL_Driver/Src/stm32l4xx_hal_uart_ex.o
                0x0000000008004604                HAL_UARTEx_WakeupCallback
 .text.HAL_UARTEx_ReceiveToIdle_DMA
                0x0000000008004606       0x50 ./Drivers/STM32L4xx_HAL_Driver/Src/stm32l4xx_hal_uart_ex.o
                0x0000000008004606                HAL_UARTEx_ReceiveToIdle_DMA
 .text.USB_CoreInit
                0x0000000008004656        0xe ./Drivers/STM32L4xx_HAL_Driver/Src/stm32l4xx_ll_usb.o
                0x0000000008004656                USB_CoreInit
 .text.USB_EnableGlobalInt
                0x0000000008004664       0x12 ./Drivers/STM32L4xx_HAL_Driver/Src/stm32l4xx_ll_usb.o
                0x0000000008004664                USB_EnableGlobalInt
 .text.USB_DisableGlobalInt
                0x0000000008004676       0x14 ./Drivers/STM32L4xx_HAL_Driver/Src/stm32l4xx_ll_usb.o
                0x0000000008004676                USB_DisableGlobalInt
 .text.USB_SetCurrentMode
                0x000000000800468a        0x4 ./Drivers/STM32L4xx_HAL_Driver/Src/stm32l4xx_ll_usb.o
                0x000000000800468a                USB_SetCurrentMode
 .text.USB_DevInit
                0x000000000800468e       0x28 ./Drivers/STM32L4xx_HAL_Driver/Src/stm32l4xx_ll_usb.o
                0x000000000800468e                USB_DevInit
 *fill*         0x00000000080046b6        0x2 
 .text.USB_ActivateEndpoint
                0x00000000080046b8      0x2ac ./Drivers/STM32L4xx_HAL_Driver/Src/stm32l4xx_ll_usb.o
                0x00000000080046b8                USB_ActivateEndpoint
 .text.USB_DeactivateEndpoint
                0x0000000008004964      0x1a2 ./Drivers/STM32L4xx_HAL_Driver/Src/stm32l4xx_ll_usb.o
                0x0000000008004964                USB_DeactivateEndpoint
 .text.USB_EPSetStall
                0x0000000008004b06       0x40 ./Drivers/STM32L4xx_HAL_Driver/Src/stm32l4xx_ll_usb.o
                0x0000000008004b06                USB_EPSetStall
 .text.USB_EPClearStall
                0x0000000008004b46       0x92 ./Drivers/STM32L4xx_HAL_Driver/Src/stm32l4xx_ll_usb.o
                0x0000000008004b46                USB_EPClearStall
 .text.USB_StopDevice
                0x0000000008004bd8       0x16 ./Drivers/STM32L4xx_HAL_Driver/Src/stm32l4xx_ll_usb.o
                0x0000000008004bd8                USB_StopDevice
 .text.USB_SetDevAddress
                0x0000000008004bee        0xc ./Drivers/STM32L4xx_HAL_Driver/Src/stm32l4xx_ll_usb.o
                0x0000000008004bee                USB_SetDevAddress
 .text.USB_DevConnect
                0x0000000008004bfa       0x16 ./Drivers/STM32L4xx_HAL_Driver/Src/stm32l4xx_ll_usb.o
                0x0000000008004bfa                USB_DevConnect
 .text.USB_DevDisconnect
                0x0000000008004c10       0x10 ./Drivers/STM32L4xx_HAL_Driver/Src/stm32l4xx_ll_usb.o
                0x0000000008004c10                USB_DevDisconnect
 .text.USB_ReadInterrupts
                0x0000000008004c20        0x8 ./Drivers/STM32L4xx_HAL_Driver/Src/stm32l4xx_ll_usb.o
                0x0000000008004c20                USB_ReadInterrupts
 .text.USB_EP0_OutStart
                0x0000000008004c28        0x4 ./Drivers/STM32L4xx_HAL_Driver/Src/stm32l4xx_ll_usb.o
                0x0000000008004c28                USB_EP0_OutStart
 .text.USB_WritePMA
                0x0000000008004c2c       0x1e ./Drivers/STM32L4xx_HAL_Driver/Src/stm32l4xx_ll_usb.o
                0x0000000008004c2c                USB_WritePMA
 *fill*         0x0000000008004c4a        0x2 
 .text.USB_EPStartXfer
                0x0000000008004c4c      0x43c ./Drivers/STM32L4xx_HAL_Driver/Src/stm32l4xx_ll_usb.o
                0x0000000008004c4c                USB_EPStartXfer
 .text.USB_ReadPMA
                0x0000000008005088       0x36 ./Drivers/STM32L4xx_HAL_Driver/Src/stm32l4xx_ll_usb.o
                0x0000000008005088                USB_ReadPMA
 .text.USBD_CDC_EP0_RxReady
                0x00000000080050be       0x2e ./Middlewares/ST/STM32_USB_Device_Library/Class/CDC/Src/usbd_cdc.o
 .text.USBD_CDC_GetFSCfgDesc
                0x00000000080050ec        0xc ./Middlewares/ST/STM32_USB_Device_Library/Class/CDC/Src/usbd_cdc.o
 .text.USBD_CDC_GetHSCfgDesc
                0x00000000080050f8        0xc ./Middlewares/ST/STM32_USB_Device_Library/Class/CDC/Src/usbd_cdc.o
 .text.USBD_CDC_GetOtherSpeedCfgDesc
                0x0000000008005104        0xc ./Middlewares/ST/STM32_USB_Device_Library/Class/CDC/Src/usbd_cdc.o
 .text.USBD_CDC_GetDeviceQualifierDescriptor
                0x0000000008005110        0xc ./Middlewares/ST/STM32_USB_Device_Library/Class/CDC/Src/usbd_cdc.o
                0x0000000008005110                USBD_CDC_GetDeviceQualifierDescriptor
 .text.USBD_CDC_DataOut
                0x000000000800511c       0x2a ./Middlewares/ST/STM32_USB_Device_Library/Class/CDC/Src/usbd_cdc.o
 .text.USBD_CDC_DataIn
                0x0000000008005146       0x5e ./Middlewares/ST/STM32_USB_Device_Library/Class/CDC/Src/usbd_cdc.o
 .text.USBD_CDC_Setup
                0x00000000080051a4       0xf8 ./Middlewares/ST/STM32_USB_Device_Library/Class/CDC/Src/usbd_cdc.o
 .text.USBD_CDC_DeInit
                0x000000000800529c       0x42 ./Middlewares/ST/STM32_USB_Device_Library/Class/CDC/Src/usbd_cdc.o
 .text.USBD_CDC_Init
                0x00000000080052de       0xa6 ./Middlewares/ST/STM32_USB_Device_Library/Class/CDC/Src/usbd_cdc.o
 .text.USBD_CDC_RegisterInterface
                0x0000000008005384        0xe ./Middlewares/ST/STM32_USB_Device_Library/Class/CDC/Src/usbd_cdc.o
                0x0000000008005384                USBD_CDC_RegisterInterface
 .text.USBD_CDC_SetTxBuffer
                0x0000000008005392       0x16 ./Middlewares/ST/STM32_USB_Device_Library/Class/CDC/Src/usbd_cdc.o
                0x0000000008005392                USBD_CDC_SetTxBuffer
 .text.USBD_CDC_SetRxBuffer
                0x00000000080053a8       0x12 ./Middlewares/ST/STM32_USB_Device_Library/Class/CDC/Src/usbd_cdc.o
                0x00000000080053a8                USBD_CDC_SetRxBuffer
 .text.USBD_CDC_TransmitPacket
                0x00000000080053ba       0x30 ./Middlewares/ST/STM32_USB_Device_Library/Class/CDC/Src/usbd_cdc.o
                0x00000000080053ba                USBD_CDC_TransmitPacket
 .text.USBD_CDC_ReceivePacket
                0x00000000080053ea       0x2e ./Middlewares/ST/STM32_USB_Device_Library/Class/CDC/Src/usbd_cdc.o
                0x00000000080053ea                USBD_CDC_ReceivePacket
 .text.USBD_Init
                0x0000000008005418       0x26 ./Middlewares/ST/STM32_USB_Device_Library/Core/Src/usbd_core.o
                0x0000000008005418                USBD_Init
 .text.USBD_DeInit
                0x000000000800543e       0x3a ./Middlewares/ST/STM32_USB_Device_Library/Core/Src/usbd_core.o
                0x000000000800543e                USBD_DeInit
 .text.USBD_RegisterClass
                0x0000000008005478       0x2c ./Middlewares/ST/STM32_USB_Device_Library/Core/Src/usbd_core.o
                0x0000000008005478                USBD_RegisterClass
 .text.USBD_Start
                0x00000000080054a4        0x4 ./Middlewares/ST/STM32_USB_Device_Library/Core/Src/usbd_core.o
                0x00000000080054a4                USBD_Start
 .text.USBD_SetClassConfig
                0x00000000080054a8        0xe ./Middlewares/ST/STM32_USB_Device_Library/Core/Src/usbd_core.o
                0x00000000080054a8                USBD_SetClassConfig
 .text.USBD_ClrClassConfig
                0x00000000080054b6       0x10 ./Middlewares/ST/STM32_USB_Device_Library/Core/Src/usbd_core.o
                0x00000000080054b6                USBD_ClrClassConfig
 .text.USBD_LL_SetupStage
                0x00000000080054c6       0x60 ./Middlewares/ST/STM32_USB_Device_Library/Core/Src/usbd_core.o
                0x00000000080054c6                USBD_LL_SetupStage
 .text.USBD_LL_DataOutStage
                0x0000000008005526       0x60 ./Middlewares/ST/STM32_USB_Device_Library/Core/Src/usbd_core.o
                0x0000000008005526                USBD_LL_DataOutStage
 .text.USBD_LL_DataInStage
                0x0000000008005586       0xa4 ./Middlewares/ST/STM32_USB_Device_Library/Core/Src/usbd_core.o
                0x0000000008005586                USBD_LL_DataInStage
 .text.USBD_LL_Reset
                0x000000000800562a       0x58 ./Middlewares/ST/STM32_USB_Device_Library/Core/Src/usbd_core.o
                0x000000000800562a                USBD_LL_Reset
 .text.USBD_LL_SetSpeed
                0x0000000008005682        0x6 ./Middlewares/ST/STM32_USB_Device_Library/Core/Src/usbd_core.o
                0x0000000008005682                USBD_LL_SetSpeed
 .text.USBD_LL_Suspend
                0x0000000008005688       0x14 ./Middlewares/ST/STM32_USB_Device_Library/Core/Src/usbd_core.o
                0x0000000008005688                USBD_LL_Suspend
 .text.USBD_LL_Resume
                0x000000000800569c       0x16 ./Middlewares/ST/STM32_USB_Device_Library/Core/Src/usbd_core.o
                0x000000000800569c                USBD_LL_Resume
 .text.USBD_LL_SOF
                0x00000000080056b2       0x22 ./Middlewares/ST/STM32_USB_Device_Library/Core/Src/usbd_core.o
                0x00000000080056b2                USBD_LL_SOF
 .text.USBD_CtlError.constprop.0
                0x00000000080056d4       0x16 ./Middlewares/ST/STM32_USB_Device_Library/Core/Src/usbd_ctlreq.o
 *fill*         0x00000000080056ea        0x2 
 .text.USBD_StdDevReq
                0x00000000080056ec      0x284 ./Middlewares/ST/STM32_USB_Device_Library/Core/Src/usbd_ctlreq.o
                0x00000000080056ec                USBD_StdDevReq
 .text.USBD_StdItfReq
                0x0000000008005970       0x4c ./Middlewares/ST/STM32_USB_Device_Library/Core/Src/usbd_ctlreq.o
                0x0000000008005970                USBD_StdItfReq
 .text.USBD_StdEPReq
                0x00000000080059bc      0x120 ./Middlewares/ST/STM32_USB_Device_Library/Core/Src/usbd_ctlreq.o
                0x00000000080059bc                USBD_StdEPReq
 .text.USBD_ParseSetupRequest
                0x0000000008005adc       0x16 ./Middlewares/ST/STM32_USB_Device_Library/Core/Src/usbd_ctlreq.o
                0x0000000008005adc                USBD_ParseSetupRequest
 .text.USBD_CtlError
                0x0000000008005af2       0x16 ./Middlewares/ST/STM32_USB_Device_Library/Core/Src/usbd_ctlreq.o
                0x0000000008005af2                USBD_CtlError
 .text.USBD_GetString
                0x0000000008005b08       0x38 ./Middlewares/ST/STM32_USB_Device_Library/Core/Src/usbd_ctlreq.o
                0x0000000008005b08                USBD_GetString
 .text.USBD_CtlSendData
                0x0000000008005b40       0x1a ./Middlewares/ST/STM32_USB_Device_Library/Core/Src/usbd_ioreq.o
                0x0000000008005b40                USBD_CtlSendData
 .text.USBD_CtlContinueSendData
                0x0000000008005b5a       0x10 ./Middlewares/ST/STM32_USB_Device_Library/Core/Src/usbd_ioreq.o
                0x0000000008005b5a                USBD_CtlContinueSendData
 .text.USBD_CtlPrepareRx
                0x0000000008005b6a       0x1a ./Middlewares/ST/STM32_USB_Device_Library/Core/Src/usbd_ioreq.o
                0x0000000008005b6a                USBD_CtlPrepareRx
 .text.USBD_CtlContinueRx
                0x0000000008005b84       0x10 ./Middlewares/ST/STM32_USB_Device_Library/Core/Src/usbd_ioreq.o
                0x0000000008005b84                USBD_CtlContinueRx
 .text.USBD_CtlSendStatus
                0x0000000008005b94       0x16 ./Middlewares/ST/STM32_USB_Device_Library/Core/Src/usbd_ioreq.o
                0x0000000008005b94                USBD_CtlSendStatus
 .text.USBD_CtlReceiveStatus
                0x0000000008005baa       0x16 ./Middlewares/ST/STM32_USB_Device_Library/Core/Src/usbd_ioreq.o
                0x0000000008005baa                USBD_CtlReceiveStatus
 .text.MX_USB_DEVICE_DeInit
                0x0000000008005bc0        0xc ./USB_DEVICE/App/usb_device.o
                0x0000000008005bc0                MX_USB_DEVICE_DeInit
 .text.MX_USB_DEVICE_Init
                0x0000000008005bcc       0x50 ./USB_DEVICE/App/usb_device.o
                0x0000000008005bcc                MX_USB_DEVICE_Init
 .text.CDC_TransmitCplt_FS
                0x0000000008005c1c        0x4 ./USB_DEVICE/App/usbd_cdc_if.o
 .text.CDC_DeInit_FS
                0x0000000008005c20       0x1c ./USB_DEVICE/App/usbd_cdc_if.o
 .text.CDC_Init_FS
                0x0000000008005c3c       0x40 ./USB_DEVICE/App/usbd_cdc_if.o
 .text.CDC_Control_FS
                0x0000000008005c7c       0x28 ./USB_DEVICE/App/usbd_cdc_if.o
 .text.CDC_Transmit_FS
                0x0000000008005ca4       0x2c ./USB_DEVICE/App/usbd_cdc_if.o
                0x0000000008005ca4                CDC_Transmit_FS
 .text.CDC_Available_FS
                0x0000000008005cd0       0x18 ./USB_DEVICE/App/usbd_cdc_if.o
                0x0000000008005cd0                CDC_Available_FS
 .text.CDC_Read_FS
                0x0000000008005ce8       0x44 ./USB_DEVICE/App/usbd_cdc_if.o
                0x0000000008005ce8                CDC_Read_FS
 .text.board_reset_hook
                0x0000000008005d2c       0x10 ./USB_DEVICE/App/usbd_cdc_if.o
                0x0000000008005d2c                board_reset_hook
 .text.CDC_Receive_FS
                0x0000000008005d3c       0x4c ./USB_DEVICE/App/usbd_cdc_if.o
 .text.USBD_FS_DeviceDescriptor
                0x0000000008005d88        0xc ./USB_DEVICE/App/usbd_desc.o
                0x0000000008005d88                USBD_FS_DeviceDescriptor
 .text.USBD_FS_LangIDStrDescriptor
                0x0000000008005d94        0xc ./USB_DEVICE/App/usbd_desc.o
                0x0000000008005d94                USBD_FS_LangIDStrDescriptor
 .text.IntToUnicode
                0x0000000008005da0       0x2a ./USB_DEVICE/App/usbd_desc.o
 *fill*         0x0000000008005dca        0x2 
 .text.USBD_FS_SerialStrDescriptor
                0x0000000008005dcc       0x3c ./USB_DEVICE/App/usbd_desc.o
                0x0000000008005dcc                USBD_FS_SerialStrDescriptor
 .text.USBD_FS_ManufacturerStrDescriptor
                0x0000000008005e08       0x1c ./USB_DEVICE/App/usbd_desc.o
                0x0000000008005e08                USBD_FS_ManufacturerStrDescriptor
 .text.USBD_FS_ProductStrDescriptor
                0x0000000008005e24       0x1c ./USB_DEVICE/App/usbd_desc.o
                0x0000000008005e24                USBD_FS_ProductStrDescriptor
 .text.USBD_FS_ConfigStrDescriptor
                0x0000000008005e40       0x1c ./USB_DEVICE/App/usbd_desc.o
                0x0000000008005e40                USBD_FS_ConfigStrDescriptor
 .text.USBD_FS_InterfaceStrDescriptor
                0x0000000008005e5c       0x1c ./USB_DEVICE/App/usbd_desc.o
                0x0000000008005e5c                USBD_FS_InterfaceStrDescriptor
 .text.HAL_PCD_MspInit
                0x0000000008005e78       0x98 ./USB_DEVICE/Target/usbd_conf.o
                0x0000000008005e78                HAL_PCD_MspInit
 .text.HAL_PCD_MspDeInit
                0x0000000008005f10       0x34 ./USB_DEVICE/Target/usbd_conf.o
                0x0000000008005f10                HAL_PCD_MspDeInit
 .text.HAL_PCD_SetupStageCallback
                0x0000000008005f44        0xc ./USB_DEVICE/Target/usbd_conf.o
                0x0000000008005f44                HAL_PCD_SetupStageCallback
 .text.HAL_PCD_DataOutStageCallback
                0x0000000008005f50       0x12 ./USB_DEVICE/Target/usbd_conf.o
                0x0000000008005f50                HAL_PCD_DataOutStageCallback
 .text.HAL_PCD_DataInStageCallback
                0x0000000008005f62       0x10 ./USB_DEVICE/Target/usbd_conf.o
                0x0000000008005f62                HAL_PCD_DataInStageCallback
 .text.HAL_PCD_SOFCallback
                0x0000000008005f72        0x8 ./USB_DEVICE/Target/usbd_conf.o
                0x0000000008005f72                HAL_PCD_SOFCallback
 .text.HAL_PCD_ResetCallback
                0x0000000008005f7a       0x24 ./USB_DEVICE/Target/usbd_conf.o
                0x0000000008005f7a                HAL_PCD_ResetCallback
 *fill*         0x0000000008005f9e        0x2 
 .text.HAL_PCD_SuspendCallback
                0x0000000008005fa0       0x20 ./USB_DEVICE/Target/usbd_conf.o
                0x0000000008005fa0                HAL_PCD_SuspendCallback
 .text.HAL_PCD_ResumeCallback
                0x0000000008005fc0       0x28 ./USB_DEVICE/Target/usbd_conf.o
                0x0000000008005fc0                HAL_PCD_ResumeCallback
 .text.USBD_LL_Init
                0x0000000008005fe8       0x8c ./USB_DEVICE/Target/usbd_conf.o
                0x0000000008005fe8                USBD_LL_Init
 .text.USBD_LL_DeInit
                0x0000000008006074       0x1c ./USB_DEVICE/Target/usbd_conf.o
                0x0000000008006074                USBD_LL_DeInit
 .text.USBD_LL_Start
                0x0000000008006090       0x1c ./USB_DEVICE/Target/usbd_conf.o
                0x0000000008006090                USBD_LL_Start
 .text.USBD_LL_Stop
                0x00000000080060ac       0x1c ./USB_DEVICE/Target/usbd_conf.o
                0x00000000080060ac                USBD_LL_Stop
 .text.USBD_LL_OpenEP
                0x00000000080060c8       0x20 ./USB_DEVICE/Target/usbd_conf.o
                0x00000000080060c8                USBD_LL_OpenEP
 .text.USBD_LL_CloseEP
                0x00000000080060e8       0x1c ./USB_DEVICE/Target/usbd_conf.o
                0x00000000080060e8                USBD_LL_CloseEP
 .text.USBD_LL_StallEP
                0x0000000008006104       0x1c ./USB_DEVICE/Target/usbd_conf.o
                0x0000000008006104                USBD_LL_StallEP
 .text.USBD_LL_ClearStallEP
                0x0000000008006120       0x1c ./USB_DEVICE/Target/usbd_conf.o
                0x0000000008006120                USBD_LL_ClearStallEP
 .text.USBD_LL_IsStallEP
                0x000000000800613c       0x26 ./USB_DEVICE/Target/usbd_conf.o
                0x000000000800613c                USBD_LL_IsStallEP
 *fill*         0x0000000008006162        0x2 
 .text.USBD_LL_SetUSBAddress
                0x0000000008006164       0x1c ./USB_DEVICE/Target/usbd_conf.o
                0x0000000008006164                USBD_LL_SetUSBAddress
 .text.USBD_LL_Transmit
                0x0000000008006180       0x1c ./USB_DEVICE/Target/usbd_conf.o
                0x0000000008006180                USBD_LL_Transmit
 .text.USBD_LL_PrepareReceive
                0x000000000800619c       0x1c ./USB_DEVICE/Target/usbd_conf.o
                0x000000000800619c                USBD_LL_PrepareReceive
 .text.USBD_LL_GetRxDataSize
                0x00000000080061b8        0x8 ./USB_DEVICE/Target/usbd_conf.o
                0x00000000080061b8                USBD_LL_GetRxDataSize
 .text.USBD_static_malloc
                0x00000000080061c0        0x8 ./USB_DEVICE/Target/usbd_conf.o
                0x00000000080061c0                USBD_static_malloc
 .text.USBD_static_free
                0x00000000080061c8        0x2 ./USB_DEVICE/Target/usbd_conf.o
                0x00000000080061c8                USBD_static_free
 *fill*         0x00000000080061ca        0x2 
 .text.calloc   0x00000000080061cc       0x10 c:/st/stm32cubeide_1.7.0/stm32cubeide/plugins/com.st.stm32cube.ide.mcu.externaltools.gnu-tools-for-stm32.10.3-2021.10.win32_1.0.0.202111181127/tools/bin/../lib/gcc/arm-none-eabi/10.3.1/../../../../arm-none-eabi/lib/thumb/v7e-m+fp/hard\libc_nano.a(lib_a-calloc.o)
                0x00000000080061cc                calloc
 .text.__errno  0x00000000080061dc        0xc c:/st/stm32cubeide_1.7.0/stm32cubeide/plugins/com.st.stm32cube.ide.mcu.externaltools.gnu-tools-for-stm32.10.3-2021.10.win32_1.0.0.202111181127/tools/bin/../lib/gcc/arm-none-eabi/10.3.1/../../../../arm-none-eabi/lib/thumb/v7e-m+fp/hard\libc_nano.a(lib_a-errno.o)
                0x00000000080061dc                __errno
 .text.__libc_init_array
                0x00000000080061e8       0x48 c:/st/stm32cubeide_1.7.0/stm32cubeide/plugins/com.st.stm32cube.ide.mcu.externaltools.gnu-tools-for-stm32.10.3-2021.10.win32_1.0.0.202111181127/tools/bin/../lib/gcc/arm-none-eabi/10.3.1/../../../../arm-none-eabi/lib/thumb/v7e-m+fp/hard\libc_nano.a(lib_a-init.o)
                0x00000000080061e8                __libc_init_array
 .text.malloc   0x0000000008006230       0x10 c:/st/stm32cubeide_1.7.0/stm32cubeide/plugins/com.st.stm32cube.ide.mcu.externaltools.gnu-tools-for-stm32.10.3-2021.10.win32_1.0.0.202111181127/tools/bin/../lib/gcc/arm-none-eabi/10.3.1/../../../../arm-none-eabi/lib/thumb/v7e-m+fp/hard\libc_nano.a(lib_a-malloc.o)
                0x0000000008006230                malloc
 .text.free     0x0000000008006240       0x10 c:/st/stm32cubeide_1.7.0/stm32cubeide/plugins/com.st.stm32cube.ide.mcu.externaltools.gnu-tools-for-stm32.10.3-2021.10.win32_1.0.0.202111181127/tools/bin/../lib/gcc/arm-none-eabi/10.3.1/../../../../arm-none-eabi/lib/thumb/v7e-m+fp/hard\libc_nano.a(lib_a-malloc.o)
                0x0000000008006240                free
 .text.memset   0x0000000008006250       0x10 c:/st/stm32cubeide_1.7.0/stm32cubeide/plugins/com.st.stm32cube.ide.mcu.externaltools.gnu-tools-for-stm32.10.3-2021.10.win32_1.0.0.202111181127/tools/bin/../lib/gcc/arm-none-eabi/10.3.1/../../../../arm-none-eabi/lib/thumb/v7e-m+fp/hard\libc_nano.a(lib_a-memset.o)
                0x0000000008006250                memset
 .text._calloc_r
                0x0000000008006260       0x2c c:/st/stm32cubeide_1.7.0/stm32cubeide/plugins/com.st.stm32cube.ide.mcu.externaltools.gnu-tools-for-stm32.10.3-2021.10.win32_1.0.0.202111181127/tools/bin/../lib/gcc/arm-none-eabi/10.3.1/../../../../arm-none-eabi/lib/thumb/v7e-m+fp/hard\libc_nano.a(lib_a-nano-callocr.o)
                0x0000000008006260                _calloc_r
 .text._free_r  0x000000000800628c       0x98 c:/st/stm32cubeide_1.7.0/stm32cubeide/plugins/com.st.stm32cube.ide.mcu.externaltools.gnu-tools-for-stm32.10.3-2021.10.win32_1.0.0.202111181127/tools/bin/../lib/gcc/arm-none-eabi/10.3.1/../../../../arm-none-eabi/lib/thumb/v7e-m+fp/hard\libc_nano.a(lib_a-nano-freer.o)
                0x000000000800628c                _free_r
 .text.sbrk_aligned
                0x0000000008006324       0x40 c:/st/stm32cubeide_1.7.0/stm32cubeide/plugins/com.st.stm32cube.ide.mcu.externaltools.gnu-tools-for-stm32.10.3-2021.10.win32_1.0.0.202111181127/tools/bin/../lib/gcc/arm-none-eabi/10.3.1/../../../../arm-none-eabi/lib/thumb/v7e-m+fp/hard\libc_nano.a(lib_a-nano-mallocr.o)
 .text._malloc_r
                0x0000000008006364       0xe8 c:/st/stm32cubeide_1.7.0/stm32cubeide/plugins/com.st.stm32cube.ide.mcu.externaltools.gnu-tools-for-stm32.10.3-2021.10.win32_1.0.0.202111181127/tools/bin/../lib/gcc/arm-none-eabi/10.3.1/../../../../arm-none-eabi/lib/thumb/v7e-m+fp/hard\libc_nano.a(lib_a-nano-mallocr.o)
                0x0000000008006364                _malloc_r
 .text._sbrk_r  0x000000000800644c       0x20 c:/st/stm32cubeide_1.7.0/stm32cubeide/plugins/com.st.stm32cube.ide.mcu.externaltools.gnu-tools-for-stm32.10.3-2021.10.win32_1.0.0.202111181127/tools/bin/../lib/gcc/arm-none-eabi/10.3.1/../../../../arm-none-eabi/lib/thumb/v7e-m+fp/hard\libc_nano.a(lib_a-sbrkr.o)
                0x000000000800644c                _sbrk_r
 .text.__malloc_lock
                0x000000000800646c        0xc c:/st/stm32cubeide_1.7.0/stm32cubeide/plugins/com.st.stm32cube.ide.mcu.externaltools.gnu-tools-for-stm32.10.3-2021.10.win32_1.0.0.202111181127/tools/bin/../lib/gcc/arm-none-eabi/10.3.1/../../../../arm-none-eabi/lib/thumb/v7e-m+fp/hard\libc_nano.a(lib_a-mlock.o)
                0x000000000800646c                __malloc_lock
 .text.__malloc_unlock
                0x0000000008006478        0xc c:/st/stm32cubeide_1.7.0/stm32cubeide/plugins/com.st.stm32cube.ide.mcu.externaltools.gnu-tools-for-stm32.10.3-2021.10.win32_1.0.0.202111181127/tools/bin/../lib/gcc/arm-none-eabi/10.3.1/../../../../arm-none-eabi/lib/thumb/v7e-m+fp/hard\libc_nano.a(lib_a-mlock.o)
                0x0000000008006478                __malloc_unlock
 .text.__retarget_lock_acquire_recursive
                0x0000000008006484        0x2 c:/st/stm32cubeide_1.7.0/stm32cubeide/plugins/com.st.stm32cube.ide.mcu.externaltools.gnu-tools-for-stm32.10.3-2021.10.win32_1.0.0.202111181127/tools/bin/../lib/gcc/arm-none-eabi/10.3.1/../../../../arm-none-eabi/lib/thumb/v7e-m+fp/hard\libc_nano.a(lib_a-lock.o)
                0x0000000008006484                __retarget_lock_acquire_recursive
 .text.__retarget_lock_release_recursive
                0x0000000008006486        0x2 c:/st/stm32cubeide_1.7.0/stm32cubeide/plugins/com.st.stm32cube.ide.mcu.externaltools.gnu-tools-for-stm32.10.3-2021.10.win32_1.0.0.202111181127/tools/bin/../lib/gcc/arm-none-eabi/10.3.1/../../../../arm-none-eabi/lib/thumb/v7e-m+fp/hard\libc_nano.a(lib_a-lock.o)
                0x0000000008006486                __retarget_lock_release_recursive
 *(.glue_7)
 .glue_7        0x0000000008006488        0x0 linker stubs
 *(.glue_7t)
 .glue_7t       0x0000000008006488        0x0 linker stubs
 *(.eh_frame)
 .eh_frame      0x0000000008006488        0x0 c:/st/stm32cubeide_1.7.0/stm32cubeide/plugins/com.st.stm32cube.ide.mcu.externaltools.gnu-tools-for-stm32.10.3-2021.10.win32_1.0.0.202111181127/tools/bin/../lib/gcc/arm-none-eabi/10.3.1/thumb/v7e-m+fp/hard/crtbegin.o
 *(.init)
 .init          0x0000000008006488        0x4 c:/st/stm32cubeide_1.7.0/stm32cubeide/plugins/com.st.stm32cube.ide.mcu.externaltools.gnu-tools-for-stm32.10.3-2021.10.win32_1.0.0.202111181127/tools/bin/../lib/gcc/arm-none-eabi/10.3.1/thumb/v7e-m+fp/hard/crti.o
                0x0000000008006488                _init
 .init          0x000000000800648c        0x8 c:/st/stm32cubeide_1.7.0/stm32cubeide/plugins/com.st.stm32cube.ide.mcu.externaltools.gnu-tools-for-stm32.10.3-2021.10.win32_1.0.0.202111181127/tools/bin/../lib/gcc/arm-none-eabi/10.3.1/thumb/v7e-m+fp/hard/crtn.o
 *(.fini)
 .fini          0x0000000008006494        0x4 c:/st/stm32cubeide_1.7.0/stm32cubeide/plugins/com.st.stm32cube.ide.mcu.externaltools.gnu-tools-for-stm32.10.3-2021.10.win32_1.0.0.202111181127/tools/bin/../lib/gcc/arm-none-eabi/10.3.1/thumb/v7e-m+fp/hard/crti.o
                0x0000000008006494                _fini
 .fini          0x0000000008006498        0x8 c:/st/stm32cubeide_1.7.0/stm32cubeide/plugins/com.st.stm32cube.ide.mcu.externaltools.gnu-tools-for-stm32.10.3-2021.10.win32_1.0.0.202111181127/tools/bin/../lib/gcc/arm-none-eabi/10.3.1/thumb/v7e-m+fp/hard/crtn.o
                0x00000000080064a0                . = ALIGN (0x4)
                0x00000000080064a0                _etext = .

.vfp11_veneer   0x00000000080064a0        0x0
 .vfp11_veneer  0x00000000080064a0        0x0 linker stubs

.v4_bx          0x00000000080064a0        0x0
 .v4_bx         0x00000000080064a0        0x0 linker stubs

.iplt           0x00000000080064a0        0x0
 .iplt          0x00000000080064a0        0x0 c:/st/stm32cubeide_1.7.0/stm32cubeide/plugins/com.st.stm32cube.ide.mcu.externaltools.gnu-tools-for-stm32.10.3-2021.10.win32_1.0.0.202111181127/tools/bin/../lib/gcc/arm-none-eabi/10.3.1/thumb/v7e-m+fp/hard/crtbegin.o

.rodata         0x00000000080064a0       0xa0
                0x00000000080064a0                . = ALIGN (0x4)
 *(.rodata)
 *(.rodata*)
 .rodata.AHBPrescTable
                0x00000000080064a0       0x10 ./Core/Src/system_stm32l4xx.o
                0x00000000080064a0                AHBPrescTable
 .rodata.APBPrescTable
                0x00000000080064b0        0x8 ./Core/Src/system_stm32l4xx.o
                0x00000000080064b0                APBPrescTable
 .rodata.MSIRangeTable
                0x00000000080064b8       0x30 ./Core/Src/system_stm32l4xx.o
                0x00000000080064b8                MSIRangeTable
 .rodata.CSWTCH.53
                0x00000000080064e8        0x3 ./Drivers/STM32L4xx_HAL_Driver/Src/stm32l4xx_hal_uart.o
 .rodata.CSWTCH.54
                0x00000000080064eb        0xd ./Drivers/STM32L4xx_HAL_Driver/Src/stm32l4xx_hal_uart.o
 .rodata.USBD_FS_ManufacturerStrDescriptor.str1.1
                0x00000000080064f8       0x13 ./USB_DEVICE/App/usbd_desc.o
 .rodata.USBD_FS_ProductStrDescriptor.str1.1
                0x000000000800650b       0x16 ./USB_DEVICE/App/usbd_desc.o
 .rodata.USBD_FS_ConfigStrDescriptor.str1.1
                0x0000000008006521        0xb ./USB_DEVICE/App/usbd_desc.o
 .rodata.USBD_FS_InterfaceStrDescriptor.str1.1
                0x000000000800652c        0xe ./USB_DEVICE/App/usbd_desc.o
 .rodata.CSWTCH.19
                0x000000000800653a        0x4 ./USB_DEVICE/Target/usbd_conf.o
                0x0000000008006540                . = ALIGN (0x4)
 *fill*         0x000000000800653e        0x2 

.ARM.extab      0x0000000008006540        0x0
                0x0000000008006540                . = ALIGN (0x4)
 *(.ARM.extab* .gnu.linkonce.armextab.*)
                0x0000000008006540                . = ALIGN (0x4)

.ARM            0x0000000008006540        0x8
                0x0000000008006540                . = ALIGN (0x4)
                0x0000000008006540                __exidx_start = .
 *(.ARM.exidx*)
 .ARM.exidx     0x0000000008006540        0x8 c:/st/stm32cubeide_1.7.0/stm32cubeide/plugins/com.st.stm32cube.ide.mcu.externaltools.gnu-tools-for-stm32.10.3-2021.10.win32_1.0.0.202111181127/tools/bin/../lib/gcc/arm-none-eabi/10.3.1/thumb/v7e-m+fp/hard\libgcc.a(_udivmoddi4.o)
                0x0000000008006548                __exidx_end = .
                0x0000000008006548                . = ALIGN (0x4)

.rel.dyn        0x0000000008006548        0x0
 .rel.iplt      0x0000000008006548        0x0 c:/st/stm32cubeide_1.7.0/stm32cubeide/plugins/com.st.stm32cube.ide.mcu.externaltools.gnu-tools-for-stm32.10.3-2021.10.win32_1.0.0.202111181127/tools/bin/../lib/gcc/arm-none-eabi/10.3.1/thumb/v7e-m+fp/hard/crtbegin.o

.preinit_array  0x0000000008006548        0x0
                0x0000000008006548                . = ALIGN (0x4)
                0x0000000008006548                PROVIDE (__preinit_array_start = .)
 *(.preinit_array*)
                0x0000000008006548                PROVIDE (__preinit_array_end = .)
                0x0000000008006548                . = ALIGN (0x4)

.init_array     0x0000000008006548        0x4
                0x0000000008006548                . = ALIGN (0x4)
                0x0000000008006548                PROVIDE (__init_array_start = .)
 *(SORT_BY_NAME(.init_array.*))
 *(.init_array*)
 .init_array    0x0000000008006548        0x4 c:/st/stm32cubeide_1.7.0/stm32cubeide/plugins/com.st.stm32cube.ide.mcu.externaltools.gnu-tools-for-stm32.10.3-2021.10.win32_1.0.0.202111181127/tools/bin/../lib/gcc/arm-none-eabi/10.3.1/thumb/v7e-m+fp/hard/crtbegin.o
                0x000000000800654c                PROVIDE (__init_array_end = .)
                0x000000000800654c                . = ALIGN (0x4)

.fini_array     0x000000000800654c        0x4
                0x000000000800654c                . = ALIGN (0x4)
                [!provide]                        PROVIDE (__fini_array_start = .)
 *(SORT_BY_NAME(.fini_array.*))
 *(.fini_array*)
 .fini_array    0x000000000800654c        0x4 c:/st/stm32cubeide_1.7.0/stm32cubeide/plugins/com.st.stm32cube.ide.mcu.externaltools.gnu-tools-for-stm32.10.3-2021.10.win32_1.0.0.202111181127/tools/bin/../lib/gcc/arm-none-eabi/10.3.1/thumb/v7e-m+fp/hard/crtbegin.o
                [!provide]                        PROVIDE (__fini_array_end = .)
                0x0000000008006550                . = ALIGN (0x4)
                0x0000000008006550                _sidata = LOADADDR (.data)

.data           0x0000000020000000      0x204 load address 0x0000000008006550
                0x0000000020000000                . = ALIGN (0x4)
                0x0000000020000000                _sdata = .
 *(.data)
 *(.data*)
 .data.SystemCoreClock
                0x0000000020000000        0x4 ./Core/Src/system_stm32l4xx.o
                0x0000000020000000                SystemCoreClock
 .data.uwTickFreq
                0x0000000020000004        0x1 ./Drivers/STM32L4xx_HAL_Driver/Src/stm32l4xx_hal.o
                0x0000000020000004                uwTickFreq
 *fill*         0x0000000020000005        0x3 
 .data.uwTickPrio
                0x0000000020000008        0x4 ./Drivers/STM32L4xx_HAL_Driver/Src/stm32l4xx_hal.o
                0x0000000020000008                uwTickPrio
 .data.pFlash   0x000000002000000c       0x20 ./Drivers/STM32L4xx_HAL_Driver/Src/stm32l4xx_hal_flash.o
                0x000000002000000c                pFlash
 .data.USBD_CDC
                0x000000002000002c       0x38 ./Middlewares/ST/STM32_USB_Device_Library/Class/CDC/Src/usbd_cdc.o
                0x000000002000002c                USBD_CDC
 .data.USBD_CDC_CfgFSDesc
                0x0000000020000064       0x43 ./Middlewares/ST/STM32_USB_Device_Library/Class/CDC/Src/usbd_cdc.o
 *fill*         0x00000000200000a7        0x1 
 .data.USBD_CDC_CfgHSDesc
                0x00000000200000a8       0x43 ./Middlewares/ST/STM32_USB_Device_Library/Class/CDC/Src/usbd_cdc.o
 *fill*         0x00000000200000eb        0x1 
 .data.USBD_CDC_DeviceQualifierDesc
                0x00000000200000ec        0xa ./Middlewares/ST/STM32_USB_Device_Library/Class/CDC/Src/usbd_cdc.o
 *fill*         0x00000000200000f6        0x2 
 .data.USBD_CDC_OtherSpeedCfgDesc
                0x00000000200000f8       0x43 ./Middlewares/ST/STM32_USB_Device_Library/Class/CDC/Src/usbd_cdc.o
 *fill*         0x000000002000013b        0x1 
 .data.USBD_Interface_fops_FS
                0x000000002000013c       0x14 ./USB_DEVICE/App/usbd_cdc_if.o
                0x000000002000013c                USBD_Interface_fops_FS
 .data.FS_Desc  0x0000000020000150       0x1c ./USB_DEVICE/App/usbd_desc.o
                0x0000000020000150                FS_Desc
 .data.USBD_FS_DeviceDesc
                0x000000002000016c       0x12 ./USB_DEVICE/App/usbd_desc.o
                0x000000002000016c                USBD_FS_DeviceDesc
 *fill*         0x000000002000017e        0x2 
 .data.USBD_LangIDDesc
                0x0000000020000180        0x4 ./USB_DEVICE/App/usbd_desc.o
                0x0000000020000180                USBD_LangIDDesc
 .data.USBD_StringSerial
                0x0000000020000184       0x1a ./USB_DEVICE/App/usbd_desc.o
                0x0000000020000184                USBD_StringSerial
 *fill*         0x000000002000019e        0x2 
 .data._impure_ptr
                0x00000000200001a0        0x4 c:/st/stm32cubeide_1.7.0/stm32cubeide/plugins/com.st.stm32cube.ide.mcu.externaltools.gnu-tools-for-stm32.10.3-2021.10.win32_1.0.0.202111181127/tools/bin/../lib/gcc/arm-none-eabi/10.3.1/../../../../arm-none-eabi/lib/thumb/v7e-m+fp/hard\libc_nano.a(lib_a-impure.o)
                0x00000000200001a0                _impure_ptr
 .data.impure_data
                0x00000000200001a4       0x60 c:/st/stm32cubeide_1.7.0/stm32cubeide/plugins/com.st.stm32cube.ide.mcu.externaltools.gnu-tools-for-stm32.10.3-2021.10.win32_1.0.0.202111181127/tools/bin/../lib/gcc/arm-none-eabi/10.3.1/../../../../arm-none-eabi/lib/thumb/v7e-m+fp/hard\libc_nano.a(lib_a-impure.o)
 *(.RamFunc)
 *(.RamFunc*)
                0x0000000020000204                . = ALIGN (0x4)
                0x0000000020000204                _edata = .

.igot.plt       0x0000000020000204        0x0 load address 0x0000000008006754
 .igot.plt      0x0000000020000204        0x0 c:/st/stm32cubeide_1.7.0/stm32cubeide/plugins/com.st.stm32cube.ide.mcu.externaltools.gnu-tools-for-stm32.10.3-2021.10.win32_1.0.0.202111181127/tools/bin/../lib/gcc/arm-none-eabi/10.3.1/thumb/v7e-m+fp/hard/crtbegin.o
                0x0000000020000204                . = ALIGN (0x4)

.bss            0x0000000020000204     0x1ce8 load address 0x0000000008006754
                0x0000000020000204                _sbss = .
                0x0000000020000204                __bss_start__ = _sbss
 *(.bss)
 .bss           0x0000000020000204       0x1c c:/st/stm32cubeide_1.7.0/stm32cubeide/plugins/com.st.stm32cube.ide.mcu.externaltools.gnu-tools-for-stm32.10.3-2021.10.win32_1.0.0.202111181127/tools/bin/../lib/gcc/arm-none-eabi/10.3.1/thumb/v7e-m+fp/hard/crtbegin.o
 *(.bss*)
 .bss.uart_rx_buf
                0x0000000020000220       0x40 ./Core/Src/bootloader.o
                0x0000000020000220                uart_rx_buf
 .bss.usb_rx_buf
                0x0000000020000260       0x40 ./Core/Src/bootloader.o
                0x0000000020000260                usb_rx_buf
 .bss.hcrc      0x00000000200002a0       0x24 ./Core/Src/main.o
                0x00000000200002a0                hcrc
 .bss.hdma_usart1_rx
                0x00000000200002c4       0x48 ./Core/Src/main.o
                0x00000000200002c4                hdma_usart1_rx
 .bss.hdma_usart2_rx
                0x000000002000030c       0x48 ./Core/Src/main.o
                0x000000002000030c                hdma_usart2_rx
 .bss.huart1    0x0000000020000354       0x84 ./Core/Src/main.o
                0x0000000020000354                huart1
 .bss.huart2    0x00000000200003d8       0x84 ./Core/Src/main.o
                0x00000000200003d8                huart2
 .bss.lock      0x000000002000045c        0x1 ./Core/Src/ring_buffer.o
                0x000000002000045c                lock
 *fill*         0x000000002000045d        0x3 
 .bss.__sbrk_heap_end
                0x0000000020000460        0x4 ./Core/Src/sysmem.o
 .bss.uwTick    0x0000000020000464        0x4 ./Drivers/STM32L4xx_HAL_Driver/Src/stm32l4xx_hal.o
                0x0000000020000464                uwTick
 .bss.cfgidx.0  0x0000000020000468        0x1 ./Middlewares/ST/STM32_USB_Device_Library/Core/Src/usbd_ctlreq.o
 *fill*         0x0000000020000469        0x3 
 .bss.hUsbDeviceFS
                0x000000002000046c      0x2d0 ./USB_DEVICE/App/usb_device.o
                0x000000002000046c                hUsbDeviceFS
 .bss.UserRxBufferFS
                0x000000002000073c       0x80 ./USB_DEVICE/App/usbd_cdc_if.o
                0x000000002000073c                UserRxBufferFS
 .bss.UserTxBufferFS
                0x00000000200007bc     0x1000 ./USB_DEVICE/App/usbd_cdc_if.o
                0x00000000200007bc                UserTxBufferFS
 .bss.data_rdy  0x00000000200017bc        0x1 ./USB_DEVICE/App/usbd_cdc_if.o
                0x00000000200017bc                data_rdy
 .bss.is_reset  0x00000000200017bd        0x1 ./USB_DEVICE/App/usbd_cdc_if.o
                0x00000000200017bd                is_reset
 .bss.rts       0x00000000200017be        0x1 ./USB_DEVICE/App/usbd_cdc_if.o
                0x00000000200017be                rts
 .bss.rts_counter
                0x00000000200017bf        0x1 ./USB_DEVICE/App/usbd_cdc_if.o
                0x00000000200017bf                rts_counter
 .bss.rx_buf_handle
                0x00000000200017c0        0x4 ./USB_DEVICE/App/usbd_cdc_if.o
                0x00000000200017c0                rx_buf_handle
 .bss.USBD_StrDesc
                0x00000000200017c4      0x200 ./USB_DEVICE/App/usbd_desc.o
                0x00000000200017c4                USBD_StrDesc
 .bss.hpcd_USB_FS
                0x00000000200019c4      0x2f8 ./USB_DEVICE/Target/usbd_conf.o
                0x00000000200019c4                hpcd_USB_FS
 .bss.mem.0     0x0000000020001cbc      0x220 ./USB_DEVICE/Target/usbd_conf.o
 .bss.__malloc_free_list
                0x0000000020001edc        0x4 c:/st/stm32cubeide_1.7.0/stm32cubeide/plugins/com.st.stm32cube.ide.mcu.externaltools.gnu-tools-for-stm32.10.3-2021.10.win32_1.0.0.202111181127/tools/bin/../lib/gcc/arm-none-eabi/10.3.1/../../../../arm-none-eabi/lib/thumb/v7e-m+fp/hard\libc_nano.a(lib_a-nano-mallocr.o)
                0x0000000020001edc                __malloc_free_list
 .bss.__malloc_sbrk_start
                0x0000000020001ee0        0x4 c:/st/stm32cubeide_1.7.0/stm32cubeide/plugins/com.st.stm32cube.ide.mcu.externaltools.gnu-tools-for-stm32.10.3-2021.10.win32_1.0.0.202111181127/tools/bin/../lib/gcc/arm-none-eabi/10.3.1/../../../../arm-none-eabi/lib/thumb/v7e-m+fp/hard\libc_nano.a(lib_a-nano-mallocr.o)
                0x0000000020001ee0                __malloc_sbrk_start
 .bss.errno     0x0000000020001ee4        0x4 c:/st/stm32cubeide_1.7.0/stm32cubeide/plugins/com.st.stm32cube.ide.mcu.externaltools.gnu-tools-for-stm32.10.3-2021.10.win32_1.0.0.202111181127/tools/bin/../lib/gcc/arm-none-eabi/10.3.1/../../../../arm-none-eabi/lib/thumb/v7e-m+fp/hard\libc_nano.a(lib_a-reent.o)
                0x0000000020001ee4                errno
 .bss.__lock___malloc_recursive_mutex
                0x0000000020001ee8        0x1 c:/st/stm32cubeide_1.7.0/stm32cubeide/plugins/com.st.stm32cube.ide.mcu.externaltools.gnu-tools-for-stm32.10.3-2021.10.win32_1.0.0.202111181127/tools/bin/../lib/gcc/arm-none-eabi/10.3.1/../../../../arm-none-eabi/lib/thumb/v7e-m+fp/hard\libc_nano.a(lib_a-lock.o)
                0x0000000020001ee8                __lock___malloc_recursive_mutex
 *(COMMON)
                0x0000000020001eec                . = ALIGN (0x4)
 *fill*         0x0000000020001ee9        0x3 
                0x0000000020001eec                _ebss = .
                0x0000000020001eec                __bss_end__ = _ebss

._user_heap_stack
                0x0000000020001eec      0x604 load address 0x0000000008006754
                0x0000000020001ef0                . = ALIGN (0x8)
 *fill*         0x0000000020001eec        0x4 
                [!provide]                        PROVIDE (end = .)
                0x0000000020001ef0                PROVIDE (_end = .)
                0x00000000200020f0                . = (. + _Min_Heap_Size)
 *fill*         0x0000000020001ef0      0x200 
                0x00000000200024f0                . = (. + _Min_Stack_Size)
 *fill*         0x00000000200020f0      0x400 
                0x00000000200024f0                . = ALIGN (0x8)

/DISCARD/
 libc.a(*)
 libm.a(*)
 libgcc.a(*)

.ARM.attributes
                0x0000000000000000       0x30
 *(.ARM.attributes)
 .ARM.attributes
                0x0000000000000000       0x1e c:/st/stm32cubeide_1.7.0/stm32cubeide/plugins/com.st.stm32cube.ide.mcu.externaltools.gnu-tools-for-stm32.10.3-2021.10.win32_1.0.0.202111181127/tools/bin/../lib/gcc/arm-none-eabi/10.3.1/thumb/v7e-m+fp/hard/crti.o
 .ARM.attributes
                0x000000000000001e       0x34 c:/st/stm32cubeide_1.7.0/stm32cubeide/plugins/com.st.stm32cube.ide.mcu.externaltools.gnu-tools-for-stm32.10.3-2021.10.win32_1.0.0.202111181127/tools/bin/../lib/gcc/arm-none-eabi/10.3.1/thumb/v7e-m+fp/hard/crtbegin.o
 .ARM.attributes
                0x0000000000000052       0x34 ./Core/Src/bootloader.o
 .ARM.attributes
                0x0000000000000086       0x34 ./Core/Src/main.o
 .ARM.attributes
                0x00000000000000ba       0x34 ./Core/Src/ring_buffer.o
 .ARM.attributes
                0x00000000000000ee       0x34 ./Core/Src/stm32l4xx_hal_msp.o
 .ARM.attributes
                0x0000000000000122       0x34 ./Core/Src/stm32l4xx_it.o
 .ARM.attributes
                0x0000000000000156       0x34 ./Core/Src/sysmem.o
 .ARM.attributes
                0x000000000000018a       0x34 ./Core/Src/system_stm32l4xx.o
 .ARM.attributes
                0x00000000000001be       0x21 ./Core/Startup/startup_stm32l452retx.o
 .ARM.attributes
                0x00000000000001df       0x34 ./Drivers/STM32L4xx_HAL_Driver/Src/stm32l4xx_hal.o
 .ARM.attributes
                0x0000000000000213       0x34 ./Drivers/STM32L4xx_HAL_Driver/Src/stm32l4xx_hal_cortex.o
 .ARM.attributes
                0x0000000000000247       0x34 ./Drivers/STM32L4xx_HAL_Driver/Src/stm32l4xx_hal_crc.o
 .ARM.attributes
                0x000000000000027b       0x34 ./Drivers/STM32L4xx_HAL_Driver/Src/stm32l4xx_hal_crc_ex.o
 .ARM.attributes
                0x00000000000002af       0x34 ./Drivers/STM32L4xx_HAL_Driver/Src/stm32l4xx_hal_dma.o
 .ARM.attributes
                0x00000000000002e3       0x34 ./Drivers/STM32L4xx_HAL_Driver/Src/stm32l4xx_hal_flash.o
 .ARM.attributes
                0x0000000000000317       0x34 ./Drivers/STM32L4xx_HAL_Driver/Src/stm32l4xx_hal_flash_ex.o
 .ARM.attributes
                0x000000000000034b       0x34 ./Drivers/STM32L4xx_HAL_Driver/Src/stm32l4xx_hal_gpio.o
 .ARM.attributes
                0x000000000000037f       0x34 ./Drivers/STM32L4xx_HAL_Driver/Src/stm32l4xx_hal_pcd.o
 .ARM.attributes
                0x00000000000003b3       0x34 ./Drivers/STM32L4xx_HAL_Driver/Src/stm32l4xx_hal_pcd_ex.o
 .ARM.attributes
                0x00000000000003e7       0x34 ./Drivers/STM32L4xx_HAL_Driver/Src/stm32l4xx_hal_pwr_ex.o
 .ARM.attributes
                0x000000000000041b       0x34 ./Drivers/STM32L4xx_HAL_Driver/Src/stm32l4xx_hal_rcc.o
 .ARM.attributes
                0x000000000000044f       0x34 ./Drivers/STM32L4xx_HAL_Driver/Src/stm32l4xx_hal_rcc_ex.o
 .ARM.attributes
                0x0000000000000483       0x34 ./Drivers/STM32L4xx_HAL_Driver/Src/stm32l4xx_hal_uart.o
 .ARM.attributes
                0x00000000000004b7       0x34 ./Drivers/STM32L4xx_HAL_Driver/Src/stm32l4xx_hal_uart_ex.o
 .ARM.attributes
                0x00000000000004eb       0x34 ./Drivers/STM32L4xx_HAL_Driver/Src/stm32l4xx_ll_usb.o
 .ARM.attributes
                0x000000000000051f       0x34 ./Middlewares/ST/STM32_USB_Device_Library/Class/CDC/Src/usbd_cdc.o
 .ARM.attributes
                0x0000000000000553       0x34 ./Middlewares/ST/STM32_USB_Device_Library/Core/Src/usbd_core.o
 .ARM.attributes
                0x0000000000000587       0x34 ./Middlewares/ST/STM32_USB_Device_Library/Core/Src/usbd_ctlreq.o
 .ARM.attributes
                0x00000000000005bb       0x34 ./Middlewares/ST/STM32_USB_Device_Library/Core/Src/usbd_ioreq.o
 .ARM.attributes
                0x00000000000005ef       0x34 ./USB_DEVICE/App/usb_device.o
 .ARM.attributes
                0x0000000000000623       0x34 ./USB_DEVICE/App/usbd_cdc_if.o
 .ARM.attributes
                0x0000000000000657       0x34 ./USB_DEVICE/App/usbd_desc.o
 .ARM.attributes
                0x000000000000068b       0x34 ./USB_DEVICE/Target/usbd_conf.o
 .ARM.attributes
                0x00000000000006bf       0x34 c:/st/stm32cubeide_1.7.0/stm32cubeide/plugins/com.st.stm32cube.ide.mcu.externaltools.gnu-tools-for-stm32.10.3-2021.10.win32_1.0.0.202111181127/tools/bin/../lib/gcc/arm-none-eabi/10.3.1/../../../../arm-none-eabi/lib/thumb/v7e-m+fp/hard\libc_nano.a(lib_a-calloc.o)
 .ARM.attributes
                0x00000000000006f3       0x34 c:/st/stm32cubeide_1.7.0/stm32cubeide/plugins/com.st.stm32cube.ide.mcu.externaltools.gnu-tools-for-stm32.10.3-2021.10.win32_1.0.0.202111181127/tools/bin/../lib/gcc/arm-none-eabi/10.3.1/../../../../arm-none-eabi/lib/thumb/v7e-m+fp/hard\libc_nano.a(lib_a-errno.o)
 .ARM.attributes
                0x0000000000000727       0x34 c:/st/stm32cubeide_1.7.0/stm32cubeide/plugins/com.st.stm32cube.ide.mcu.externaltools.gnu-tools-for-stm32.10.3-2021.10.win32_1.0.0.202111181127/tools/bin/../lib/gcc/arm-none-eabi/10.3.1/../../../../arm-none-eabi/lib/thumb/v7e-m+fp/hard\libc_nano.a(lib_a-impure.o)
 .ARM.attributes
                0x000000000000075b       0x34 c:/st/stm32cubeide_1.7.0/stm32cubeide/plugins/com.st.stm32cube.ide.mcu.externaltools.gnu-tools-for-stm32.10.3-2021.10.win32_1.0.0.202111181127/tools/bin/../lib/gcc/arm-none-eabi/10.3.1/../../../../arm-none-eabi/lib/thumb/v7e-m+fp/hard\libc_nano.a(lib_a-init.o)
 .ARM.attributes
                0x000000000000078f       0x34 c:/st/stm32cubeide_1.7.0/stm32cubeide/plugins/com.st.stm32cube.ide.mcu.externaltools.gnu-tools-for-stm32.10.3-2021.10.win32_1.0.0.202111181127/tools/bin/../lib/gcc/arm-none-eabi/10.3.1/../../../../arm-none-eabi/lib/thumb/v7e-m+fp/hard\libc_nano.a(lib_a-malloc.o)
 .ARM.attributes
                0x00000000000007c3       0x34 c:/st/stm32cubeide_1.7.0/stm32cubeide/plugins/com.st.stm32cube.ide.mcu.externaltools.gnu-tools-for-stm32.10.3-2021.10.win32_1.0.0.202111181127/tools/bin/../lib/gcc/arm-none-eabi/10.3.1/../../../../arm-none-eabi/lib/thumb/v7e-m+fp/hard\libc_nano.a(lib_a-memset.o)
 .ARM.attributes
                0x00000000000007f7       0x34 c:/st/stm32cubeide_1.7.0/stm32cubeide/plugins/com.st.stm32cube.ide.mcu.externaltools.gnu-tools-for-stm32.10.3-2021.10.win32_1.0.0.202111181127/tools/bin/../lib/gcc/arm-none-eabi/10.3.1/../../../../arm-none-eabi/lib/thumb/v7e-m+fp/hard\libc_nano.a(lib_a-nano-callocr.o)
 .ARM.attributes
                0x000000000000082b       0x34 c:/st/stm32cubeide_1.7.0/stm32cubeide/plugins/com.st.stm32cube.ide.mcu.externaltools.gnu-tools-for-stm32.10.3-2021.10.win32_1.0.0.202111181127/tools/bin/../lib/gcc/arm-none-eabi/10.3.1/../../../../arm-none-eabi/lib/thumb/v7e-m+fp/hard\libc_nano.a(lib_a-nano-freer.o)
 .ARM.attributes
                0x000000000000085f       0x34 c:/st/stm32cubeide_1.7.0/stm32cubeide/plugins/com.st.stm32cube.ide.mcu.externaltools.gnu-tools-for-stm32.10.3-2021.10.win32_1.0.0.202111181127/tools/bin/../lib/gcc/arm-none-eabi/10.3.1/../../../../arm-none-eabi/lib/thumb/v7e-m+fp/hard\libc_nano.a(lib_a-nano-mallocr.o)
 .ARM.attributes
                0x0000000000000893       0x34 c:/st/stm32cubeide_1.7.0/stm32cubeide/plugins/com.st.stm32cube.ide.mcu.externaltools.gnu-tools-for-stm32.10.3-2021.10.win32_1.0.0.202111181127/tools/bin/../lib/gcc/arm-none-eabi/10.3.1/../../../../arm-none-eabi/lib/thumb/v7e-m+fp/hard\libc_nano.a(lib_a-sbrkr.o)
 .ARM.attributes
                0x00000000000008c7       0x34 c:/st/stm32cubeide_1.7.0/stm32cubeide/plugins/com.st.stm32cube.ide.mcu.externaltools.gnu-tools-for-stm32.10.3-2021.10.win32_1.0.0.202111181127/tools/bin/../lib/gcc/arm-none-eabi/10.3.1/../../../../arm-none-eabi/lib/thumb/v7e-m+fp/hard\libc_nano.a(lib_a-mlock.o)
 .ARM.attributes
                0x00000000000008fb       0x34 c:/st/stm32cubeide_1.7.0/stm32cubeide/plugins/com.st.stm32cube.ide.mcu.externaltools.gnu-tools-for-stm32.10.3-2021.10.win32_1.0.0.202111181127/tools/bin/../lib/gcc/arm-none-eabi/10.3.1/../../../../arm-none-eabi/lib/thumb/v7e-m+fp/hard\libc_nano.a(lib_a-reent.o)
 .ARM.attributes
                0x000000000000092f       0x34 c:/st/stm32cubeide_1.7.0/stm32cubeide/plugins/com.st.stm32cube.ide.mcu.externaltools.gnu-tools-for-stm32.10.3-2021.10.win32_1.0.0.202111181127/tools/bin/../lib/gcc/arm-none-eabi/10.3.1/../../../../arm-none-eabi/lib/thumb/v7e-m+fp/hard\libc_nano.a(lib_a-lock.o)
 .ARM.attributes
                0x0000000000000963       0x1e c:/st/stm32cubeide_1.7.0/stm32cubeide/plugins/com.st.stm32cube.ide.mcu.externaltools.gnu-tools-for-stm32.10.3-2021.10.win32_1.0.0.202111181127/tools/bin/../lib/gcc/arm-none-eabi/10.3.1/thumb/v7e-m+fp/hard\libgcc.a(_aeabi_uldivmod.o)
 .ARM.attributes
                0x0000000000000981       0x34 c:/st/stm32cubeide_1.7.0/stm32cubeide/plugins/com.st.stm32cube.ide.mcu.externaltools.gnu-tools-for-stm32.10.3-2021.10.win32_1.0.0.202111181127/tools/bin/../lib/gcc/arm-none-eabi/10.3.1/thumb/v7e-m+fp/hard\libgcc.a(_udivmoddi4.o)
 .ARM.attributes
                0x00000000000009b5       0x1e c:/st/stm32cubeide_1.7.0/stm32cubeide/plugins/com.st.stm32cube.ide.mcu.externaltools.gnu-tools-for-stm32.10.3-2021.10.win32_1.0.0.202111181127/tools/bin/../lib/gcc/arm-none-eabi/10.3.1/thumb/v7e-m+fp/hard\libgcc.a(_dvmd_tls.o)
 .ARM.attributes
                0x00000000000009d3       0x1e c:/st/stm32cubeide_1.7.0/stm32cubeide/plugins/com.st.stm32cube.ide.mcu.externaltools.gnu-tools-for-stm32.10.3-2021.10.win32_1.0.0.202111181127/tools/bin/../lib/gcc/arm-none-eabi/10.3.1/thumb/v7e-m+fp/hard/crtn.o
OUTPUT(DSD-i2_Bootloader_final.elf elf32-littlearm)
LOAD linker stubs
LOAD c:/st/stm32cubeide_1.7.0/stm32cubeide/plugins/com.st.stm32cube.ide.mcu.externaltools.gnu-tools-for-stm32.10.3-2021.10.win32_1.0.0.202111181127/tools/bin/../lib/gcc/arm-none-eabi/10.3.1/../../../../arm-none-eabi/lib/thumb/v7e-m+fp/hard\libc.a
LOAD c:/st/stm32cubeide_1.7.0/stm32cubeide/plugins/com.st.stm32cube.ide.mcu.externaltools.gnu-tools-for-stm32.10.3-2021.10.win32_1.0.0.202111181127/tools/bin/../lib/gcc/arm-none-eabi/10.3.1/../../../../arm-none-eabi/lib/thumb/v7e-m+fp/hard\libm.a
LOAD c:/st/stm32cubeide_1.7.0/stm32cubeide/plugins/com.st.stm32cube.ide.mcu.externaltools.gnu-tools-for-stm32.10.3-2021.10.win32_1.0.0.202111181127/tools/bin/../lib/gcc/arm-none-eabi/10.3.1/thumb/v7e-m+fp/hard\libgcc.a

.comment        0x0000000000000000       0x50
 .comment       0x0000000000000000       0x50 ./Core/Src/bootloader.o
                                         0x51 (size before relaxing)
 .comment       0x0000000000000050       0x51 ./Core/Src/main.o
 .comment       0x0000000000000050       0x51 ./Core/Src/ring_buffer.o
 .comment       0x0000000000000050       0x51 ./Core/Src/stm32l4xx_hal_msp.o
 .comment       0x0000000000000050       0x51 ./Core/Src/stm32l4xx_it.o
 .comment       0x0000000000000050       0x51 ./Core/Src/sysmem.o
 .comment       0x0000000000000050       0x51 ./Core/Src/system_stm32l4xx.o
 .comment       0x0000000000000050       0x51 ./Drivers/STM32L4xx_HAL_Driver/Src/stm32l4xx_hal.o
 .comment       0x0000000000000050       0x51 ./Drivers/STM32L4xx_HAL_Driver/Src/stm32l4xx_hal_cortex.o
 .comment       0x0000000000000050       0x51 ./Drivers/STM32L4xx_HAL_Driver/Src/stm32l4xx_hal_crc.o
 .comment       0x0000000000000050       0x51 ./Drivers/STM32L4xx_HAL_Driver/Src/stm32l4xx_hal_crc_ex.o
 .comment       0x0000000000000050       0x51 ./Drivers/STM32L4xx_HAL_Driver/Src/stm32l4xx_hal_dma.o
 .comment       0x0000000000000050       0x51 ./Drivers/STM32L4xx_HAL_Driver/Src/stm32l4xx_hal_flash.o
 .comment       0x0000000000000050       0x51 ./Drivers/STM32L4xx_HAL_Driver/Src/stm32l4xx_hal_flash_ex.o
 .comment       0x0000000000000050       0x51 ./Drivers/STM32L4xx_HAL_Driver/Src/stm32l4xx_hal_gpio.o
 .comment       0x0000000000000050       0x51 ./Drivers/STM32L4xx_HAL_Driver/Src/stm32l4xx_hal_pcd.o
 .comment       0x0000000000000050       0x51 ./Drivers/STM32L4xx_HAL_Driver/Src/stm32l4xx_hal_pcd_ex.o
 .comment       0x0000000000000050       0x51 ./Drivers/STM32L4xx_HAL_Driver/Src/stm32l4xx_hal_pwr_ex.o
 .comment       0x0000000000000050       0x51 ./Drivers/STM32L4xx_HAL_Driver/Src/stm32l4xx_hal_rcc.o
 .comment       0x0000000000000050       0x51 ./Drivers/STM32L4xx_HAL_Driver/Src/stm32l4xx_hal_rcc_ex.o
 .comment       0x0000000000000050       0x51 ./Drivers/STM32L4xx_HAL_Driver/Src/stm32l4xx_hal_uart.o
 .comment       0x0000000000000050       0x51 ./Drivers/STM32L4xx_HAL_Driver/Src/stm32l4xx_hal_uart_ex.o
 .comment       0x0000000000000050       0x51 ./Drivers/STM32L4xx_HAL_Driver/Src/stm32l4xx_ll_usb.o
 .comment       0x0000000000000050       0x51 ./Middlewares/ST/STM32_USB_Device_Library/Class/CDC/Src/usbd_cdc.o
 .comment       0x0000000000000050       0x51 ./Middlewares/ST/STM32_USB_Device_Library/Core/Src/usbd_core.o
 .comment       0x0000000000000050       0x51 ./Middlewares/ST/STM32_USB_Device_Library/Core/Src/usbd_ctlreq.o
 .comment       0x0000000000000050       0x51 ./Middlewares/ST/STM32_USB_Device_Library/Core/Src/usbd_ioreq.o
 .comment       0x0000000000000050       0x51 ./USB_DEVICE/App/usb_device.o
 .comment       0x0000000000000050       0x51 ./USB_DEVICE/App/usbd_cdc_if.o
 .comment       0x0000000000000050       0x51 ./USB_DEVICE/App/usbd_desc.o
 .comment       0x0000000000000050       0x51 ./USB_DEVICE/Target/usbd_conf.o

.debug_frame    0x0000000000000000      0x338
 .debug_frame   0x0000000000000000       0x20 c:/st/stm32cubeide_1.7.0/stm32cubeide/plugins/com.st.stm32cube.ide.mcu.externaltools.gnu-tools-for-stm32.10.3-2021.10.win32_1.0.0.202111181127/tools/bin/../lib/gcc/arm-none-eabi/10.3.1/../../../../arm-none-eabi/lib/thumb/v7e-m+fp/hard\libc_nano.a(lib_a-calloc.o)
 .debug_frame   0x0000000000000020       0x20 c:/st/stm32cubeide_1.7.0/stm32cubeide/plugins/com.st.stm32cube.ide.mcu.externaltools.gnu-tools-for-stm32.10.3-2021.10.win32_1.0.0.202111181127/tools/bin/../lib/gcc/arm-none-eabi/10.3.1/../../../../arm-none-eabi/lib/thumb/v7e-m+fp/hard\libc_nano.a(lib_a-errno.o)
 .debug_frame   0x0000000000000040       0x2c c:/st/stm32cubeide_1.7.0/stm32cubeide/plugins/com.st.stm32cube.ide.mcu.externaltools.gnu-tools-for-stm32.10.3-2021.10.win32_1.0.0.202111181127/tools/bin/../lib/gcc/arm-none-eabi/10.3.1/../../../../arm-none-eabi/lib/thumb/v7e-m+fp/hard\libc_nano.a(lib_a-init.o)
 .debug_frame   0x000000000000006c       0x30 c:/st/stm32cubeide_1.7.0/stm32cubeide/plugins/com.st.stm32cube.ide.mcu.externaltools.gnu-tools-for-stm32.10.3-2021.10.win32_1.0.0.202111181127/tools/bin/../lib/gcc/arm-none-eabi/10.3.1/../../../../arm-none-eabi/lib/thumb/v7e-m+fp/hard\libc_nano.a(lib_a-malloc.o)
 .debug_frame   0x000000000000009c       0x20 c:/st/stm32cubeide_1.7.0/stm32cubeide/plugins/com.st.stm32cube.ide.mcu.externaltools.gnu-tools-for-stm32.10.3-2021.10.win32_1.0.0.202111181127/tools/bin/../lib/gcc/arm-none-eabi/10.3.1/../../../../arm-none-eabi/lib/thumb/v7e-m+fp/hard\libc_nano.a(lib_a-memset.o)
 .debug_frame   0x00000000000000bc       0x30 c:/st/stm32cubeide_1.7.0/stm32cubeide/plugins/com.st.stm32cube.ide.mcu.externaltools.gnu-tools-for-stm32.10.3-2021.10.win32_1.0.0.202111181127/tools/bin/../lib/gcc/arm-none-eabi/10.3.1/../../../../arm-none-eabi/lib/thumb/v7e-m+fp/hard\libc_nano.a(lib_a-nano-callocr.o)
 .debug_frame   0x00000000000000ec       0x38 c:/st/stm32cubeide_1.7.0/stm32cubeide/plugins/com.st.stm32cube.ide.mcu.externaltools.gnu-tools-for-stm32.10.3-2021.10.win32_1.0.0.202111181127/tools/bin/../lib/gcc/arm-none-eabi/10.3.1/../../../../arm-none-eabi/lib/thumb/v7e-m+fp/hard\libc_nano.a(lib_a-nano-freer.o)
 .debug_frame   0x0000000000000124       0x4c c:/st/stm32cubeide_1.7.0/stm32cubeide/plugins/com.st.stm32cube.ide.mcu.externaltools.gnu-tools-for-stm32.10.3-2021.10.win32_1.0.0.202111181127/tools/bin/../lib/gcc/arm-none-eabi/10.3.1/../../../../arm-none-eabi/lib/thumb/v7e-m+fp/hard\libc_nano.a(lib_a-nano-mallocr.o)
 .debug_frame   0x0000000000000170       0x2c c:/st/stm32cubeide_1.7.0/stm32cubeide/plugins/com.st.stm32cube.ide.mcu.externaltools.gnu-tools-for-stm32.10.3-2021.10.win32_1.0.0.202111181127/tools/bin/../lib/gcc/arm-none-eabi/10.3.1/../../../../arm-none-eabi/lib/thumb/v7e-m+fp/hard\libc_nano.a(lib_a-sbrkr.o)
 .debug_frame   0x000000000000019c       0x30 c:/st/stm32cubeide_1.7.0/stm32cubeide/plugins/com.st.stm32cube.ide.mcu.externaltools.gnu-tools-for-stm32.10.3-2021.10.win32_1.0.0.202111181127/tools/bin/../lib/gcc/arm-none-eabi/10.3.1/../../../../arm-none-eabi/lib/thumb/v7e-m+fp/hard\libc_nano.a(lib_a-mlock.o)
 .debug_frame   0x00000000000001cc       0x5c c:/st/stm32cubeide_1.7.0/stm32cubeide/plugins/com.st.stm32cube.ide.mcu.externaltools.gnu-tools-for-stm32.10.3-2021.10.win32_1.0.0.202111181127/tools/bin/../lib/gcc/arm-none-eabi/10.3.1/../../../../arm-none-eabi/lib/thumb/v7e-m+fp/hard\libc_nano.a(lib_a-reent.o)
 .debug_frame   0x0000000000000228       0xb0 c:/st/stm32cubeide_1.7.0/stm32cubeide/plugins/com.st.stm32cube.ide.mcu.externaltools.gnu-tools-for-stm32.10.3-2021.10.win32_1.0.0.202111181127/tools/bin/../lib/gcc/arm-none-eabi/10.3.1/../../../../arm-none-eabi/lib/thumb/v7e-m+fp/hard\libc_nano.a(lib_a-lock.o)