Archive member included to satisfy reference by file (symbol)

c:/st/stm32cubeide_1.7.0/stm32cubeide/plugins/com.st.stm32cube.ide.mcu.externaltools.gnu-tools-for-stm32.10.3-2021.10.win32_1.0.0.202111181127/tools/bin/../lib/gcc/arm-none-eabi/10.3.1/../../../../arm-none-eabi/lib/thumb/v7e-m+fp/hard\libc_nano.a(lib_a-calloc.o)
                              ./USB_DEVICE/App/ring_buffer.o (calloc)
c:/st/stm32cubeide_1.7.0/stm32cubeide/plugins/com.st.stm32cube.ide.mcu.externaltools.gnu-tools-for-stm32.10.3-2021.10.win32_1.0.0.202111181127/tools/bin/../lib/gcc/arm-none-eabi/10.3.1/../../../../arm-none-eabi/lib/thumb/v7e-m+fp/hard\libc_nano.a(lib_a-errno.o)
                              ./Core/Src/syscalls.o (__errno)
c:/st/stm32cubeide_1.7.0/stm32cubeide/plugins/com.st.stm32cube.ide.mcu.externaltools.gnu-tools-for-stm32.10.3-2021.10.win32_1.0.0.202111181127/tools/bin/../lib/gcc/arm-none-eabi/10.3.1/../../../../arm-none-eabi/lib/thumb/v7e-m+fp/hard\libc_nano.a(lib_a-exit.o)
                              c:/st/stm32cubeide_1.7.0/stm32cubeide/plugins/com.st.stm32cube.ide.mcu.externaltools.gnu-tools-for-stm32.10.3-2021.10.win32_1.0.0.202111181127/tools/bin/../lib/gcc/arm-none-eabi/10.3.1/../../../../arm-none-eabi/lib/thumb/v7e-m+fp/hard/crt0.o (exit)
c:/st/stm32cubeide_1.7.0/stm32cubeide/plugins/com.st.stm32cube.ide.mcu.externaltools.gnu-tools-for-stm32.10.3-2021.10.win32_1.0.0.202111181127/tools/bin/../lib/gcc/arm-none-eabi/10.3.1/../../../../arm-none-eabi/lib/thumb/v7e-m+fp/hard\libc_nano.a(lib_a-impure.o)
                              c:/st/stm32cubeide_1.7.0/stm32cubeide/plugins/com.st.stm32cube.ide.mcu.externaltools.gnu-tools-for-stm32.10.3-2021.10.win32_1.0.0.202111181127/tools/bin/../lib/gcc/arm-none-eabi/10.3.1/../../../../arm-none-eabi/lib/thumb/v7e-m+fp/hard\libc_nano.a(lib_a-exit.o) (_global_impure_ptr)
c:/st/stm32cubeide_1.7.0/stm32cubeide/plugins/com.st.stm32cube.ide.mcu.externaltools.gnu-tools-for-stm32.10.3-2021.10.win32_1.0.0.202111181127/tools/bin/../lib/gcc/arm-none-eabi/10.3.1/../../../../arm-none-eabi/lib/thumb/v7e-m+fp/hard\libc_nano.a(lib_a-init.o)
                              c:/st/stm32cubeide_1.7.0/stm32cubeide/plugins/com.st.stm32cube.ide.mcu.externaltools.gnu-tools-for-stm32.10.3-2021.10.win32_1.0.0.202111181127/tools/bin/../lib/gcc/arm-none-eabi/10.3.1/../../../../arm-none-eabi/lib/thumb/v7e-m+fp/hard/crt0.o (__libc_init_array)
c:/st/stm32cubeide_1.7.0/stm32cubeide/plugins/com.st.stm32cube.ide.mcu.externaltools.gnu-tools-for-stm32.10.3-2021.10.win32_1.0.0.202111181127/tools/bin/../lib/gcc/arm-none-eabi/10.3.1/../../../../arm-none-eabi/lib/thumb/v7e-m+fp/hard\libc_nano.a(lib_a-malloc.o)
                              ./Core/ThreadSafe/newlib_lock_glue.o (malloc)
c:/st/stm32cubeide_1.7.0/stm32cubeide/plugins/com.st.stm32cube.ide.mcu.externaltools.gnu-tools-for-stm32.10.3-2021.10.win32_1.0.0.202111181127/tools/bin/../lib/gcc/arm-none-eabi/10.3.1/../../../../arm-none-eabi/lib/thumb/v7e-m+fp/hard\libc_nano.a(lib_a-memset.o)
                              c:/st/stm32cubeide_1.7.0/stm32cubeide/plugins/com.st.stm32cube.ide.mcu.externaltools.gnu-tools-for-stm32.10.3-2021.10.win32_1.0.0.202111181127/tools/bin/../lib/gcc/arm-none-eabi/10.3.1/../../../../arm-none-eabi/lib/thumb/v7e-m+fp/hard/crt0.o (memset)
c:/st/stm32cubeide_1.7.0/stm32cubeide/plugins/com.st.stm32cube.ide.mcu.externaltools.gnu-tools-for-stm32.10.3-2021.10.win32_1.0.0.202111181127/tools/bin/../lib/gcc/arm-none-eabi/10.3.1/../../../../arm-none-eabi/lib/thumb/v7e-m+fp/hard\libc_nano.a(lib_a-nano-callocr.o)
                              c:/st/stm32cubeide_1.7.0/stm32cubeide/plugins/com.st.stm32cube.ide.mcu.externaltools.gnu-tools-for-stm32.10.3-2021.10.win32_1.0.0.202111181127/tools/bin/../lib/gcc/arm-none-eabi/10.3.1/../../../../arm-none-eabi/lib/thumb/v7e-m+fp/hard\libc_nano.a(lib_a-calloc.o) (_calloc_r)
c:/st/stm32cubeide_1.7.0/stm32cubeide/plugins/com.st.stm32cube.ide.mcu.externaltools.gnu-tools-for-stm32.10.3-2021.10.win32_1.0.0.202111181127/tools/bin/../lib/gcc/arm-none-eabi/10.3.1/../../../../arm-none-eabi/lib/thumb/v7e-m+fp/hard\libc_nano.a(lib_a-nano-freer.o)
                              c:/st/stm32cubeide_1.7.0/stm32cubeide/plugins/com.st.stm32cube.ide.mcu.externaltools.gnu-tools-for-stm32.10.3-2021.10.win32_1.0.0.202111181127/tools/bin/../lib/gcc/arm-none-eabi/10.3.1/../../../../arm-none-eabi/lib/thumb/v7e-m+fp/hard\libc_nano.a(lib_a-malloc.o) (_free_r)
c:/st/stm32cubeide_1.7.0/stm32cubeide/plugins/com.st.stm32cube.ide.mcu.externaltools.gnu-tools-for-stm32.10.3-2021.10.win32_1.0.0.202111181127/tools/bin/../lib/gcc/arm-none-eabi/10.3.1/../../../../arm-none-eabi/lib/thumb/v7e-m+fp/hard\libc_nano.a(lib_a-nano-mallocr.o)
                              c:/st/stm32cubeide_1.7.0/stm32cubeide/plugins/com.st.stm32cube.ide.mcu.externaltools.gnu-tools-for-stm32.10.3-2021.10.win32_1.0.0.202111181127/tools/bin/../lib/gcc/arm-none-eabi/10.3.1/../../../../arm-none-eabi/lib/thumb/v7e-m+fp/hard\libc_nano.a(lib_a-malloc.o) (_malloc_r)
[...]
Memory Configuration

Name             Origin             Length             Attributes
RAM              0x0000000020000000 0x0000000000028000 xrw
RAM2             0x0000000010000000 0x0000000000008000 xrw
FLASH            0x0000000008000000 0x0000000000010000 xr
*default*        0x0000000000000000 0xffffffffffffffff

Linker script and memory map

LOAD c:/st/stm32cubeide_1.7.0/stm32cubeide/plugins/com.st.stm32cube.ide.mcu.externaltools.gnu-tools-for-stm32.10.3-2021.10.win32_1.0.0.202111181127/tools/bin/../lib/gcc/arm-none-eabi/10.3.1/thumb/v7e-m+fp/hard/crti.o
LOAD c:/st/stm32cubeide_1.7.0/stm32cubeide/plugins/com.st.stm32cube.ide.mcu.externaltools.gnu-tools-for-stm32.10.3-2021.10.win32_1.0.0.202111181127/tools/bin/../lib/gcc/arm-none-eabi/10.3.1/thumb/v7e-m+fp/hard/crtbegin.o
LOAD c:/st/stm32cubeide_1.7.0/stm32cubeide/plugins/com.st.stm32cube.ide.mcu.externaltools.gnu-tools-for-stm32.10.3-2021.10.win32_1.0.0.202111181127/tools/bin/../lib/gcc/arm-none-eabi/10.3.1/../../../../arm-none-eabi/lib/thumb/v7e-m+fp/hard/crt0.o
LOAD ./Core/Src/bootloader.o
LOAD ./Core/Src/cl10.o
LOAD ./Core/Src/esp32c3.o
LOAD ./Core/Src/main.o
LOAD ./Core/Src/stm32l4xx_hal_msp.o
LOAD ./Core/Src/stm32l4xx_it.o
LOAD ./Core/Src/syscalls.o
LOAD ./Core/Src/sysmem.o
LOAD ./Core/Src/system_stm32l4xx.o
LOAD ./Core/Startup/startup_stm32l452retx.o
LOAD ./Core/ThreadSafe/newlib_lock_glue.o
LOAD ./Drivers/STM32L4xx_HAL_Driver/Src/stm32l4xx_hal.o
LOAD ./Drivers/STM32L4xx_HAL_Driver/Src/stm32l4xx_hal_cortex.o
LOAD ./Drivers/STM32L4xx_HAL_Driver/Src/stm32l4xx_hal_crc.o
LOAD ./Drivers/STM32L4xx_HAL_Driver/Src/stm32l4xx_hal_crc_ex.o
LOAD ./Drivers/STM32L4xx_HAL_Driver/Src/stm32l4xx_hal_dma.o
LOAD ./Drivers/STM32L4xx_HAL_Driver/Src/stm32l4xx_hal_dma_ex.o
LOAD ./Drivers/STM32L4xx_HAL_Driver/Src/stm32l4xx_hal_exti.o
LOAD ./Drivers/STM32L4xx_HAL_Driver/Src/stm32l4xx_hal_flash.o
LOAD ./Drivers/STM32L4xx_HAL_Driver/Src/stm32l4xx_hal_flash_ex.o
LOAD ./Drivers/STM32L4xx_HAL_Driver/Src/stm32l4xx_hal_flash_ramfunc.o
LOAD ./Drivers/STM32L4xx_HAL_Driver/Src/stm32l4xx_hal_gpio.o
LOAD ./Drivers/STM32L4xx_HAL_Driver/Src/stm32l4xx_hal_i2c.o
LOAD ./Drivers/STM32L4xx_HAL_Driver/Src/stm32l4xx_hal_i2c_ex.o
LOAD ./Drivers/STM32L4xx_HAL_Driver/Src/stm32l4xx_hal_pcd.o
LOAD ./Drivers/STM32L4xx_HAL_Driver/Src/stm32l4xx_hal_pcd_ex.o
LOAD ./Drivers/STM32L4xx_HAL_Driver/Src/stm32l4xx_hal_pwr.o
LOAD ./Drivers/STM32L4xx_HAL_Driver/Src/stm32l4xx_hal_pwr_ex.o
LOAD ./Drivers/STM32L4xx_HAL_Driver/Src/stm32l4xx_hal_rcc.o
LOAD ./Drivers/STM32L4xx_HAL_Driver/Src/stm32l4xx_hal_rcc_ex.o
LOAD ./Drivers/STM32L4xx_HAL_Driver/Src/stm32l4xx_hal_spi.o
LOAD ./Drivers/STM32L4xx_HAL_Driver/Src/stm32l4xx_hal_spi_ex.o
LOAD ./Drivers/STM32L4xx_HAL_Driver/Src/stm32l4xx_hal_tim.o
LOAD ./Drivers/STM32L4xx_HAL_Driver/Src/stm32l4xx_hal_tim_ex.o
LOAD ./Drivers/STM32L4xx_HAL_Driver/Src/stm32l4xx_hal_uart.o
LOAD ./Drivers/STM32L4xx_HAL_Driver/Src/stm32l4xx_hal_uart_ex.o
LOAD ./Drivers/STM32L4xx_HAL_Driver/Src/stm32l4xx_ll_usb.o
LOAD ./Middlewares/ST/STM32_USB_Device_Library/Class/CDC/Src/usbd_cdc.o
LOAD ./Middlewares/ST/STM32_USB_Device_Library/Core/Src/usbd_core.o
LOAD ./Middlewares/ST/STM32_USB_Device_Library/Core/Src/usbd_ctlreq.o
LOAD ./Middlewares/ST/STM32_USB_Device_Library/Core/Src/usbd_ioreq.o
LOAD ./USB_DEVICE/App/ring_buffer.o
LOAD ./USB_DEVICE/App/usb_device.o
LOAD ./USB_DEVICE/App/usbd_cdc_if.o
LOAD ./USB_DEVICE/App/usbd_desc.o
LOAD ./USB_DEVICE/Target/usbd_conf.o
START GROUP
LOAD c:/st/stm32cubeide_1.7.0/stm32cubeide/plugins/com.st.stm32cube.ide.mcu.externaltools.gnu-tools-for-stm32.10.3-2021.10.win32_1.0.0.202111181127/tools/bin/../lib/gcc/arm-none-eabi/10.3.1/../../../../arm-none-eabi/lib/thumb/v7e-m+fp/hard\libc_nano.a
LOAD c:/st/stm32cubeide_1.7.0/stm32cubeide/plugins/com.st.stm32cube.ide.mcu.externaltools.gnu-tools-for-stm32.10.3-2021.10.win32_1.0.0.202111181127/tools/bin/../lib/gcc/arm-none-eabi/10.3.1/../../../../arm-none-eabi/lib/thumb/v7e-m+fp/hard\libm.a
END GROUP
START GROUP
LOAD c:/st/stm32cubeide_1.7.0/stm32cubeide/plugins/com.st.stm32cube.ide.mcu.externaltools.gnu-tools-for-stm32.10.3-2021.10.win32_1.0.0.202111181127/tools/bin/../lib/gcc/arm-none-eabi/10.3.1/thumb/v7e-m+fp/hard\libgcc.a
LOAD c:/st/stm32cubeide_1.7.0/stm32cubeide/plugins/com.st.stm32cube.ide.mcu.externaltools.gnu-tools-for-stm32.10.3-2021.10.win32_1.0.0.202111181127/tools/bin/../lib/gcc/arm-none-eabi/10.3.1/../../../../arm-none-eabi/lib/thumb/v7e-m+fp/hard\libc_nano.a
END GROUP
START GROUP
LOAD c:/st/stm32cubeide_1.7.0/stm32cubeide/plugins/com.st.stm32cube.ide.mcu.externaltools.gnu-tools-for-stm32.10.3-2021.10.win32_1.0.0.202111181127/tools/bin/../lib/gcc/arm-none-eabi/10.3.1/thumb/v7e-m+fp/hard\libgcc.a
LOAD c:/st/stm32cubeide_1.7.0/stm32cubeide/plugins/com.st.stm32cube.ide.mcu.externaltools.gnu-tools-for-stm32.10.3-2021.10.win32_1.0.0.202111181127/tools/bin/../lib/gcc/arm-none-eabi/10.3.1/../../../../arm-none-eabi/lib/thumb/v7e-m+fp/hard\libc_nano.a
LOAD c:/st/stm32cubeide_1.7.0/stm32cubeide/plugins/com.st.stm32cube.ide.mcu.externaltools.gnu-tools-for-stm32.10.3-2021.10.win32_1.0.0.202111181127/tools/bin/../lib/gcc/arm-none-eabi/10.3.1/../../../../arm-none-eabi/lib/thumb/v7e-m+fp/hard\libnosys.a
END GROUP
START GROUP
LOAD c:/st/stm32cubeide_1.7.0/stm32cubeide/plugins/com.st.stm32cube.ide.mcu.externaltools.gnu-tools-for-stm32.10.3-2021.10.win32_1.0.0.202111181127/tools/bin/../lib/gcc/arm-none-eabi/10.3.1/thumb/v7e-m+fp/hard\libgcc.a
LOAD c:/st/stm32cubeide_1.7.0/stm32cubeide/plugins/com.st.stm32cube.ide.mcu.externaltools.gnu-tools-for-stm32.10.3-2021.10.win32_1.0.0.202111181127/tools/bin/../lib/gcc/arm-none-eabi/10.3.1/../../../../arm-none-eabi/lib/thumb/v7e-m+fp/hard\libc_nano.a
LOAD c:/st/stm32cubeide_1.7.0/stm32cubeide/plugins/com.st.stm32cube.ide.mcu.externaltools.gnu-tools-for-stm32.10.3-2021.10.win32_1.0.0.202111181127/tools/bin/../lib/gcc/arm-none-eabi/10.3.1/../../../../arm-none-eabi/lib/thumb/v7e-m+fp/hard\libnosys.a
END GROUP
LOAD c:/st/stm32cubeide_1.7.0/stm32cubeide/plugins/com.st.stm32cube.ide.mcu.externaltools.gnu-tools-for-stm32.10.3-2021.10.win32_1.0.0.202111181127/tools/bin/../lib/gcc/arm-none-eabi/10.3.1/thumb/v7e-m+fp/hard/crtend.o
LOAD c:/st/stm32cubeide_1.7.0/stm32cubeide/plugins/com.st.stm32cube.ide.mcu.externaltools.gnu-tools-for-stm32.10.3-2021.10.win32_1.0.0.202111181127/tools/bin/../lib/gcc/arm-none-eabi/10.3.1/thumb/v7e-m+fp/hard/crtn.o
                0x0000000020028000                _estack = (ORIGIN (RAM) + LENGTH (RAM))
                0x0000000000000200                _Min_Heap_Size = 0x200
                0x0000000000000400                _Min_Stack_Size = 0x400

.isr_vector     0x0000000008000000      0x194
                0x0000000008000000                . = ALIGN (0x4)
 *(.isr_vector)
 .isr_vector    0x0000000008000000      0x194 ./Core/Startup/startup_stm32l452retx.o
                0x0000000008000000                g_pfnVectors
                0x0000000008000194                . = ALIGN (0x4)

.text           0x0000000008000194     0xdd5c
                0x0000000008000194                . = ALIGN (0x4)
 *(.text)
 .text          0x0000000008000194       0x40 c:/st/stm32cubeide_1.7.0/stm32cubeide/plugins/com.st.stm32cube.ide.mcu.externaltools.gnu-tools-for-stm32.10.3-2021.10.win32_1.0.0.202111181127/tools/bin/../lib/gcc/arm-none-eabi/10.3.1/thumb/v7e-m+fp/hard/crtbegin.o
 .text          0x00000000080001d4       0x30 c:/st/stm32cubeide_1.7.0/stm32cubeide/plugins/com.st.stm32cube.ide.mcu.externaltools.gnu-tools-for-stm32.10.3-2021.10.win32_1.0.0.202111181127/tools/bin/../lib/gcc/arm-none-eabi/10.3.1/thumb/v7e-m+fp/hard\libgcc.a(_aeabi_uldivmod.o)
                0x00000000080001d4                __aeabi_uldivmod
 .text          0x0000000008000204      0x2d0 c:/st/stm32cubeide_1.7.0/stm32cubeide/plugins/com.st.stm32cube.ide.mcu.externaltools.gnu-tools-for-stm32.10.3-2021.10.win32_1.0.0.202111181127/tools/bin/../lib/gcc/arm-none-eabi/10.3.1/thumb/v7e-m+fp/hard\libgcc.a(_udivmoddi4.o)
                0x0000000008000204                __udivmoddi4
 .text          0x00000000080004d4        0x4 c:/st/stm32cubeide_1.7.0/stm32cubeide/plugins/com.st.stm32cube.ide.mcu.externaltools.gnu-tools-for-stm32.10.3-2021.10.win32_1.0.0.202111181127/tools/bin/../lib/gcc/arm-none-eabi/10.3.1/thumb/v7e-m+fp/hard\libgcc.a(_dvmd_tls.o)
                0x00000000080004d4                __aeabi_idiv0
                0x00000000080004d4                __aeabi_ldiv0
 *(.text*)
 .text.disable_app_err
                0x00000000080004d8       0x48 ./Core/Src/bootloader.o
 .text.enable_app_err
                0x0000000008000520       0x48 ./Core/Src/bootloader.o
 .text.bootloader_init
                0x0000000008000568       0xc8 ./Core/Src/bootloader.o
                0x0000000008000568                bootloader_init
 .text.mode_handler
                0x0000000008000630       0xbc ./Core/Src/bootloader.o
                0x0000000008000630                mode_handler
 .text.stm_cmd_handler
                0x00000000080006ec       0x66 ./Core/Src/bootloader.o
                0x00000000080006ec                stm_cmd_handler
 *fill*         0x0000000008000752        0x2 
 .text.fpga_cmd_handler
                0x0000000008000754       0x70 ./Core/Src/bootloader.o
                0x0000000008000754                fpga_cmd_handler
 .text.esp_cmd_handler
                0x00000000080007c4       0x4e ./Core/Src/bootloader.o
                0x00000000080007c4                esp_cmd_handler
 .text.get_info_cmd
                0x0000000008000812       0x48 ./Core/Src/bootloader.o
 *fill*         0x000000000800085a        0x2 
 .text.jump_cmd
                0x000000000800085c       0x4c ./Core/Src/bootloader.o
                0x000000000800085c                jump_cmd
 .text.flash_program_cmd
                0x00000000080008a8      0x3d8 ./Core/Src/bootloader.o
 .text.usb_cmd_timeout
                0x0000000008000c80       0x38 ./Core/Src/bootloader.o
                0x0000000008000c80                usb_cmd_timeout
 .text.send_reply
                0x0000000008000cb8       0x24 ./Core/Src/bootloader.o
                0x0000000008000cb8                send_reply
 .text.calculate_crc
                0x0000000008000cdc       0x54 ./Core/Src/bootloader.o
 .text.HAL_UARTEx_RxEventCallback
                0x0000000008000d30       0xa0 ./Core/Src/bootloader.o
                0x0000000008000d30                HAL_UARTEx_RxEventCallback
 .text.flash_fpga_cmd
                0x0000000008000dd0      0x1f0 ./Core/Src/cl10.o
                0x0000000008000dd0                flash_fpga_cmd
 .text.fpga_usb_to_uart
                0x0000000008000fc0       0x9c ./Core/Src/cl10.o
                0x0000000008000fc0                fpga_usb_to_uart
 .text.reset_fpga
                0x000000000800105c       0x30 ./Core/Src/cl10.o
                0x000000000800105c                reset_fpga
 .text.esp_init
                0x000000000800108c       0x84 ./Core/Src/esp32c3.o
                0x000000000800108c                esp_init
 .text.esp_usb_to_uart
                0x0000000008001110       0x94 ./Core/Src/esp32c3.o
                0x0000000008001110                esp_usb_to_uart
 .text.main     0x00000000080011a4       0xc0 ./Core/Src/main.o
                0x00000000080011a4                main
 .text.SystemClock_Config
                0x0000000008001264       0xa6 ./Core/Src/main.o
                0x0000000008001264                SystemClock_Config
 *fill*         0x000000000800130a        0x2 
 .text.MX_CRC_Init
                0x000000000800130c       0x44 ./Core/Src/main.o
 .text.MX_SPI2_Init
                0x0000000008001350       0x7c ./Core/Src/main.o
 .text.MX_UART4_Init
                0x00000000080013cc       0x60 ./Core/Src/main.o
 .text.MX_USART1_UART_Init
                0x000000000800142c       0x60 ./Core/Src/main.o
 .text.MX_USART2_UART_Init
                0x000000000800148c       0x60 ./Core/Src/main.o
 .text.MX_DMA_Init
                0x00000000080014ec       0x64 ./Core/Src/main.o
 .text.MX_GPIO_Init
                0x0000000008001550      0x1f0 ./Core/Src/main.o
 .text.deInitializer
                0x0000000008001740       0x74 ./Core/Src/main.o
                0x0000000008001740                deInitializer
 .text.Error_Handler
                0x00000000080017b4       0x20 ./Core/Src/main.o
                0x00000000080017b4                Error_Handler
 .text.HAL_MspInit
                0x00000000080017d4       0x48 ./Core/Src/stm32l4xx_hal_msp.o
                0x00000000080017d4                HAL_MspInit
 .text.HAL_CRC_MspInit
                0x000000000800181c       0x40 ./Core/Src/stm32l4xx_hal_msp.o
                0x000000000800181c                HAL_CRC_MspInit
 .text.HAL_CRC_MspDeInit
                0x000000000800185c       0x34 ./Core/Src/stm32l4xx_hal_msp.o
                0x000000000800185c                HAL_CRC_MspDeInit
 .text.HAL_SPI_MspInit
                0x0000000008001890       0xc4 ./Core/Src/stm32l4xx_hal_msp.o
                0x0000000008001890                HAL_SPI_MspInit
 .text.HAL_SPI_MspDeInit
                0x0000000008001954       0x48 ./Core/Src/stm32l4xx_hal_msp.o
                0x0000000008001954                HAL_SPI_MspDeInit
 .text.HAL_UART_MspInit
                0x000000000800199c      0x2e8 ./Core/Src/stm32l4xx_hal_msp.o
                0x000000000800199c                HAL_UART_MspInit
 .text.HAL_UART_MspDeInit
                0x0000000008001c84       0xb4 ./Core/Src/stm32l4xx_hal_msp.o
                0x0000000008001c84                HAL_UART_MspDeInit
 .text.NMI_Handler
                0x0000000008001d38        0x6 ./Core/Src/stm32l4xx_it.o
                0x0000000008001d38                NMI_Handler
 *fill*         0x0000000008001d3e        0x2 
 .text.HardFault_Handler
                0x0000000008001d40       0x1c ./Core/Src/stm32l4xx_it.o
                0x0000000008001d40                HardFault_Handler
 .text.MemManage_Handler
                0x0000000008001d5c        0x6 ./Core/Src/stm32l4xx_it.o
                0x0000000008001d5c                MemManage_Handler
 .text.BusFault_Handler
                0x0000000008001d62        0x6 ./Core/Src/stm32l4xx_it.o
                0x0000000008001d62                BusFault_Handler
 .text.UsageFault_Handler
                0x0000000008001d68        0x6 ./Core/Src/stm32l4xx_it.o
                0x0000000008001d68                UsageFault_Handler
 .text.SVC_Handler
                0x0000000008001d6e        0xe ./Core/Src/stm32l4xx_it.o
                0x0000000008001d6e                SVC_Handler
 .text.DebugMon_Handler
                0x0000000008001d7c        0xe ./Core/Src/stm32l4xx_it.o
                0x0000000008001d7c                DebugMon_Handler
 .text.PendSV_Handler
                0x0000000008001d8a        0xe ./Core/Src/stm32l4xx_it.o
                0x0000000008001d8a                PendSV_Handler
 .text.SysTick_Handler
                0x0000000008001d98        0xc ./Core/Src/stm32l4xx_it.o
                0x0000000008001d98                SysTick_Handler
 .text.DMA1_Channel5_IRQHandler
                0x0000000008001da4       0x14 ./Core/Src/stm32l4xx_it.o
                0x0000000008001da4                DMA1_Channel5_IRQHandler
 .text.USART1_IRQHandler
                0x0000000008001db8       0x14 ./Core/Src/stm32l4xx_it.o
                0x0000000008001db8                USART1_IRQHandler
 .text.UART4_IRQHandler
                0x0000000008001dcc       0x14 ./Core/Src/stm32l4xx_it.o
                0x0000000008001dcc                UART4_IRQHandler
 .text.DMA2_Channel5_IRQHandler
                0x0000000008001de0       0x14 ./Core/Src/stm32l4xx_it.o
                0x0000000008001de0                DMA2_Channel5_IRQHandler
 .text.USB_IRQHandler
                0x0000000008001df4       0x14 ./Core/Src/stm32l4xx_it.o
                0x0000000008001df4                USB_IRQHandler
 .text._sbrk    0x0000000008001e08       0x6c ./Core/Src/sysmem.o
                0x0000000008001e08                _sbrk
 .text.SystemInit
                0x0000000008001e74       0x24 ./Core/Src/system_stm32l4xx.o
                0x0000000008001e74                SystemInit
 .text.Boot_Reset_Handler
                0x0000000008001e98       0x50 ./Core/Startup/startup_stm32l452retx.o
                0x0000000008001e98                Boot_Reset_Handler
 .text.Default_Handler
                0x0000000008001ee8        0x2 ./Core/Startup/startup_stm32l452retx.o
                0x0000000008001ee8                RTC_Alarm_IRQHandler
                0x0000000008001ee8                EXTI2_IRQHandler
                0x0000000008001ee8                TIM1_CC_IRQHandler
                0x0000000008001ee8                TSC_IRQHandler
                0x0000000008001ee8                TAMP_STAMP_IRQHandler
                0x0000000008001ee8                EXTI3_IRQHandler
                0x0000000008001ee8                LPTIM2_IRQHandler
                0x0000000008001ee8                DFSDM1_FLT1_IRQHandler
                0x0000000008001ee8                I2C3_ER_IRQHandler
                0x0000000008001ee8                EXTI0_IRQHandler
                0x0000000008001ee8                I2C2_EV_IRQHandler
                0x0000000008001ee8                CAN1_RX0_IRQHandler
                0x0000000008001ee8                FPU_IRQHandler
                0x0000000008001ee8                TIM1_UP_TIM16_IRQHandler
                0x0000000008001ee8                SPI1_IRQHandler
                0x0000000008001ee8                TIM6_DAC_IRQHandler
                0x0000000008001ee8                DMA2_Channel2_IRQHandler
                0x0000000008001ee8                DMA1_Channel4_IRQHandler
                0x0000000008001ee8                ADC1_IRQHandler
                0x0000000008001ee8                USART3_IRQHandler
                0x0000000008001ee8                DMA1_Channel7_IRQHandler
                0x0000000008001ee8                CAN1_RX1_IRQHandler
                0x0000000008001ee8                DMA2_Channel1_IRQHandler
                0x0000000008001ee8                QUADSPI_IRQHandler
                0x0000000008001ee8                I2C1_EV_IRQHandler
                0x0000000008001ee8                DMA1_Channel6_IRQHandler
                0x0000000008001ee8                DMA2_Channel4_IRQHandler
                0x0000000008001ee8                TIM3_IRQHandler
                0x0000000008001ee8                RCC_IRQHandler
                0x0000000008001ee8                TIM1_TRG_COM_IRQHandler
                0x0000000008001ee8                DMA1_Channel1_IRQHandler
                0x0000000008001ee8                Default_Handler
                0x0000000008001ee8                DMA2_Channel7_IRQHandler
                0x0000000008001ee8                EXTI15_10_IRQHandler
                0x0000000008001ee8                SDMMC1_IRQHandler
                0x0000000008001ee8                I2C3_EV_IRQHandler
                0x0000000008001ee8                EXTI9_5_IRQHandler
                0x0000000008001ee8                RTC_WKUP_IRQHandler
                0x0000000008001ee8                PVD_PVM_IRQHandler
                0x0000000008001ee8                SPI2_IRQHandler
                0x0000000008001ee8                CAN1_TX_IRQHandler
                0x0000000008001ee8                CRS_IRQHandler
                0x0000000008001ee8                EXTI4_IRQHandler
                0x0000000008001ee8                RNG_IRQHandler
                0x0000000008001ee8                DMA1_Channel3_IRQHandler
                0x0000000008001ee8                COMP_IRQHandler
                0x0000000008001ee8                WWDG_IRQHandler
                0x0000000008001ee8                I2C4_EV_IRQHandler
                0x0000000008001ee8                LPUART1_IRQHandler
                0x0000000008001ee8                DMA2_Channel6_IRQHandler
                0x0000000008001ee8                TIM2_IRQHandler
                0x0000000008001ee8                EXTI1_IRQHandler
                0x0000000008001ee8                USART2_IRQHandler
                0x0000000008001ee8                DFSDM1_FLT0_IRQHandler
                0x0000000008001ee8                I2C2_ER_IRQHandler
                0x0000000008001ee8                DMA1_Channel2_IRQHandler
                0x0000000008001ee8                CAN1_SCE_IRQHandler
                0x0000000008001ee8                FLASH_IRQHandler
                0x0000000008001ee8                SPI3_IRQHandler
                0x0000000008001ee8                I2C1_ER_IRQHandler
                0x0000000008001ee8                LPTIM1_IRQHandler
                0x0000000008001ee8                I2C4_ER_IRQHandler
                0x0000000008001ee8                SAI1_IRQHandler
                0x0000000008001ee8                DMA2_Channel3_IRQHandler
                0x0000000008001ee8                TIM1_BRK_TIM15_IRQHandler
 .text.stm32_lock_acquire
                0x0000000008001eea       0x6e ./Core/ThreadSafe/newlib_lock_glue.o
 .text.stm32_lock_release
                0x0000000008001f58       0x52 ./Core/ThreadSafe/newlib_lock_glue.o
 .text.__retarget_lock_acquire_recursive
                0x0000000008001faa       0x28 ./Core/ThreadSafe/newlib_lock_glue.o
                0x0000000008001faa                __retarget_lock_acquire_recursive
 .text.__retarget_lock_release_recursive
                0x0000000008001fd2       0x28 ./Core/ThreadSafe/newlib_lock_glue.o
                0x0000000008001fd2                __retarget_lock_release_recursive
 *fill*         0x0000000008001ffa        0x2 
 .text.HAL_Init
                0x0000000008001ffc       0x40 ./Drivers/STM32L4xx_HAL_Driver/Src/stm32l4xx_hal.o
                0x0000000008001ffc                HAL_Init
 .text.HAL_DeInit
                0x000000000800203c       0x68 ./Drivers/STM32L4xx_HAL_Driver/Src/stm32l4xx_hal.o
                0x000000000800203c                HAL_DeInit
 .text.HAL_MspDeInit
                0x00000000080020a4        0xe ./Drivers/STM32L4xx_HAL_Driver/Src/stm32l4xx_hal.o
                0x00000000080020a4                HAL_MspDeInit
 *fill*         0x00000000080020b2        0x2 
 .text.HAL_InitTick
                0x00000000080020b4       0x78 ./Drivers/STM32L4xx_HAL_Driver/Src/stm32l4xx_hal.o
                0x00000000080020b4                HAL_InitTick
 .text.HAL_IncTick
                0x000000000800212c       0x28 ./Drivers/STM32L4xx_HAL_Driver/Src/stm32l4xx_hal.o
                0x000000000800212c                HAL_IncTick
 .text.HAL_GetTick
                0x0000000008002154       0x18 ./Drivers/STM32L4xx_HAL_Driver/Src/stm32l4xx_hal.o
                0x0000000008002154                HAL_GetTick
 .text.HAL_Delay
                0x000000000800216c       0x48 ./Drivers/STM32L4xx_HAL_Driver/Src/stm32l4xx_hal.o
                0x000000000800216c                HAL_Delay
 .text.HAL_GetDEVID
                0x00000000080021b4       0x1c ./Drivers/STM32L4xx_HAL_Driver/Src/stm32l4xx_hal.o
                0x00000000080021b4                HAL_GetDEVID
 .text.__NVIC_SetPriorityGrouping
                0x00000000080021d0       0x48 ./Drivers/STM32L4xx_HAL_Driver/Src/stm32l4xx_hal_cortex.o
 .text.__NVIC_GetPriorityGrouping
                0x0000000008002218       0x1c ./Drivers/STM32L4xx_HAL_Driver/Src/stm32l4xx_hal_cortex.o
 .text.__NVIC_EnableIRQ
                0x0000000008002234       0x3c ./Drivers/STM32L4xx_HAL_Driver/Src/stm32l4xx_hal_cortex.o
 .text.__NVIC_DisableIRQ
                0x0000000008002270       0x48 ./Drivers/STM32L4xx_HAL_Driver/Src/stm32l4xx_hal_cortex.o
 .text.__NVIC_SetPriority
                0x00000000080022b8       0x54 ./Drivers/STM32L4xx_HAL_Driver/Src/stm32l4xx_hal_cortex.o
 .text.NVIC_EncodePriority
                0x000000000800230c       0x66 ./Drivers/STM32L4xx_HAL_Driver/Src/stm32l4xx_hal_cortex.o
 *fill*         0x0000000008002372        0x2 
 .text.__NVIC_SystemReset
                0x0000000008002374       0x2c ./Drivers/STM32L4xx_HAL_Driver/Src/stm32l4xx_hal_cortex.o
 .text.SysTick_Config
                0x00000000080023a0       0x44 ./Drivers/STM32L4xx_HAL_Driver/Src/stm32l4xx_hal_cortex.o
 .text.HAL_NVIC_SetPriorityGrouping
                0x00000000080023e4       0x16 ./Drivers/STM32L4xx_HAL_Driver/Src/stm32l4xx_hal_cortex.o
                0x00000000080023e4                HAL_NVIC_SetPriorityGrouping
 .text.HAL_NVIC_SetPriority
                0x00000000080023fa       0x38 ./Drivers/STM32L4xx_HAL_Driver/Src/stm32l4xx_hal_cortex.o
                0x00000000080023fa                HAL_NVIC_SetPriority
 .text.HAL_NVIC_EnableIRQ
                0x0000000008002432       0x1c ./Drivers/STM32L4xx_HAL_Driver/Src/stm32l4xx_hal_cortex.o
                0x0000000008002432                HAL_NVIC_EnableIRQ
 .text.HAL_NVIC_DisableIRQ
                0x000000000800244e       0x1c ./Drivers/STM32L4xx_HAL_Driver/Src/stm32l4xx_hal_cortex.o
                0x000000000800244e                HAL_NVIC_DisableIRQ
 .text.HAL_NVIC_SystemReset
                0x000000000800246a        0x8 ./Drivers/STM32L4xx_HAL_Driver/Src/stm32l4xx_hal_cortex.o
                0x000000000800246a                HAL_NVIC_SystemReset
 .text.HAL_SYSTICK_Config
                0x0000000008002472       0x18 ./Drivers/STM32L4xx_HAL_Driver/Src/stm32l4xx_hal_cortex.o
                0x0000000008002472                HAL_SYSTICK_Config
 *fill*         0x000000000800248a        0x2 
 .text.HAL_CRC_Init
                0x000000000800248c       0xc8 ./Drivers/STM32L4xx_HAL_Driver/Src/stm32l4xx_hal_crc.o
                0x000000000800248c                HAL_CRC_Init
 .text.HAL_CRC_DeInit
                0x0000000008002554       0x60 ./Drivers/STM32L4xx_HAL_Driver/Src/stm32l4xx_hal_crc.o
                0x0000000008002554                HAL_CRC_DeInit
 .text.HAL_CRC_Accumulate
                0x00000000080025b4       0x88 ./Drivers/STM32L4xx_HAL_Driver/Src/stm32l4xx_hal_crc.o
                0x00000000080025b4                HAL_CRC_Accumulate
 .text.HAL_CRC_Calculate
                0x000000000800263c       0x98 ./Drivers/STM32L4xx_HAL_Driver/Src/stm32l4xx_hal_crc.o
                0x000000000800263c                HAL_CRC_Calculate
 .text.CRC_Handle_8
                0x00000000080026d4      0x11c ./Drivers/STM32L4xx_HAL_Driver/Src/stm32l4xx_hal_crc.o
 .text.CRC_Handle_16
                0x00000000080027f0       0x74 ./Drivers/STM32L4xx_HAL_Driver/Src/stm32l4xx_hal_crc.o
 .text.HAL_CRCEx_Polynomial_Set
                0x0000000008002864      0x10c ./Drivers/STM32L4xx_HAL_Driver/Src/stm32l4xx_hal_crc_ex.o
                0x0000000008002864                HAL_CRCEx_Polynomial_Set
 .text.HAL_DMA_Init
                0x0000000008002970      0x170 ./Drivers/STM32L4xx_HAL_Driver/Src/stm32l4xx_hal_dma.o
                0x0000000008002970                HAL_DMA_Init
 .text.HAL_DMA_DeInit
                0x0000000008002ae0      0x124 ./Drivers/STM32L4xx_HAL_Driver/Src/stm32l4xx_hal_dma.o
                0x0000000008002ae0                HAL_DMA_DeInit
 .text.HAL_DMA_Start_IT
                0x0000000008002c04       0xc0 ./Drivers/STM32L4xx_HAL_Driver/Src/stm32l4xx_hal_dma.o
                0x0000000008002c04                HAL_DMA_Start_IT
 .text.HAL_DMA_Abort
                0x0000000008002cc4       0x7c ./Drivers/STM32L4xx_HAL_Driver/Src/stm32l4xx_hal_dma.o
                0x0000000008002cc4                HAL_DMA_Abort
 .text.HAL_DMA_Abort_IT
                0x0000000008002d40       0x82 ./Drivers/STM32L4xx_HAL_Driver/Src/stm32l4xx_hal_dma.o
                0x0000000008002d40                HAL_DMA_Abort_IT
 .text.HAL_DMA_IRQHandler
                0x0000000008002dc2      0x15e ./Drivers/STM32L4xx_HAL_Driver/Src/stm32l4xx_hal_dma.o
                0x0000000008002dc2                HAL_DMA_IRQHandler
 .text.DMA_SetConfig
                0x0000000008002f20       0x60 ./Drivers/STM32L4xx_HAL_Driver/Src/stm32l4xx_hal_dma.o
 .text.HAL_FLASH_Program
                0x0000000008002f80       0xd8 ./Drivers/STM32L4xx_HAL_Driver/Src/stm32l4xx_hal_flash.o
                0x0000000008002f80                HAL_FLASH_Program
 .text.HAL_FLASH_Unlock
                0x0000000008003058       0x44 ./Drivers/STM32L4xx_HAL_Driver/Src/stm32l4xx_hal_flash.o
                0x0000000008003058                HAL_FLASH_Unlock
 .text.HAL_FLASH_Lock
                0x000000000800309c       0x20 ./Drivers/STM32L4xx_HAL_Driver/Src/stm32l4xx_hal_flash.o
                0x000000000800309c                HAL_FLASH_Lock
 .text.FLASH_WaitForLastOperation
                0x00000000080030bc       0xb0 ./Drivers/STM32L4xx_HAL_Driver/Src/stm32l4xx_hal_flash.o
                0x00000000080030bc                FLASH_WaitForLastOperation
 .text.FLASH_Program_DoubleWord
                0x000000000800316c       0x4c ./Drivers/STM32L4xx_HAL_Driver/Src/stm32l4xx_hal_flash.o
 .text.FLASH_Program_Fast
                0x00000000080031b8       0x6c ./Drivers/STM32L4xx_HAL_Driver/Src/stm32l4xx_hal_flash.o
 .text.HAL_FLASHEx_Erase
                0x0000000008003224      0x134 ./Drivers/STM32L4xx_HAL_Driver/Src/stm32l4xx_hal_flash_ex.o
                0x0000000008003224                HAL_FLASHEx_Erase
 .text.HAL_FLASHEx_OBGetConfig
                0x0000000008003358       0x84 ./Drivers/STM32L4xx_HAL_Driver/Src/stm32l4xx_hal_flash_ex.o
                0x0000000008003358                HAL_FLASHEx_OBGetConfig
 .text.FLASH_MassErase
                0x00000000080033dc       0x3c ./Drivers/STM32L4xx_HAL_Driver/Src/stm32l4xx_hal_flash_ex.o
 .text.FLASH_PageErase
                0x0000000008003418       0x48 ./Drivers/STM32L4xx_HAL_Driver/Src/stm32l4xx_hal_flash_ex.o
                0x0000000008003418                FLASH_PageErase
 .text.FLASH_FlushCaches
                0x0000000008003460       0x94 ./Drivers/STM32L4xx_HAL_Driver/Src/stm32l4xx_hal_flash_ex.o
                0x0000000008003460                FLASH_FlushCaches
 .text.FLASH_OB_GetWRP
                0x00000000080034f4       0x58 ./Drivers/STM32L4xx_HAL_Driver/Src/stm32l4xx_hal_flash_ex.o
 .text.FLASH_OB_GetRDP
                0x000000000800354c       0x34 ./Drivers/STM32L4xx_HAL_Driver/Src/stm32l4xx_hal_flash_ex.o
 .text.FLASH_OB_GetUser
                0x0000000008003580       0x28 ./Drivers/STM32L4xx_HAL_Driver/Src/stm32l4xx_hal_flash_ex.o
 .text.FLASH_OB_GetPCROP
                0x00000000080035a8       0x6c ./Drivers/STM32L4xx_HAL_Driver/Src/stm32l4xx_hal_flash_ex.o
 .text.HAL_GPIO_Init
                0x0000000008003614      0x2f4 ./Drivers/STM32L4xx_HAL_Driver/Src/stm32l4xx_hal_gpio.o
                0x0000000008003614                HAL_GPIO_Init
 .text.HAL_GPIO_DeInit
                0x0000000008003908      0x1b4 ./Drivers/STM32L4xx_HAL_Driver/Src/stm32l4xx_hal_gpio.o
                0x0000000008003908                HAL_GPIO_DeInit
 .text.HAL_GPIO_ReadPin
                0x0000000008003abc       0x30 ./Drivers/STM32L4xx_HAL_Driver/Src/stm32l4xx_hal_gpio.o
                0x0000000008003abc                HAL_GPIO_ReadPin
 .text.HAL_GPIO_WritePin
                0x0000000008003aec       0x30 ./Drivers/STM32L4xx_HAL_Driver/Src/stm32l4xx_hal_gpio.o
                0x0000000008003aec                HAL_GPIO_WritePin
 .text.HAL_GPIO_TogglePin
                0x0000000008003b1c       0x34 ./Drivers/STM32L4xx_HAL_Driver/Src/stm32l4xx_hal_gpio.o
                0x0000000008003b1c                HAL_GPIO_TogglePin
 .text.HAL_PCD_Init
                0x0000000008003b50      0x22e ./Drivers/STM32L4xx_HAL_Driver/Src/stm32l4xx_hal_pcd.o
                0x0000000008003b50                HAL_PCD_Init
 .text.HAL_PCD_DeInit
                0x0000000008003d7e       0x46 ./Drivers/STM32L4xx_HAL_Driver/Src/stm32l4xx_hal_pcd.o
                0x0000000008003d7e                HAL_PCD_DeInit
 .text.HAL_PCD_Start
                0x0000000008003dc4       0x44 ./Drivers/STM32L4xx_HAL_Driver/Src/stm32l4xx_hal_pcd.o
                0x0000000008003dc4                HAL_PCD_Start
 .text.HAL_PCD_Stop
                0x0000000008003e08       0x44 ./Drivers/STM32L4xx_HAL_Driver/Src/stm32l4xx_hal_pcd.o
                0x0000000008003e08                HAL_PCD_Stop
 .text.HAL_PCD_IRQHandler
                0x0000000008003e4c      0x24e ./Drivers/STM32L4xx_HAL_Driver/Src/stm32l4xx_hal_pcd.o
                0x0000000008003e4c                HAL_PCD_IRQHandler
 .text.HAL_PCD_SetAddress
                0x000000000800409a       0x4a ./Drivers/STM32L4xx_HAL_Driver/Src/stm32l4xx_hal_pcd.o
                0x000000000800409a                HAL_PCD_SetAddress
 .text.HAL_PCD_EP_Open
                0x00000000080040e4       0xd0 ./Drivers/STM32L4xx_HAL_Driver/Src/stm32l4xx_hal_pcd.o
                0x00000000080040e4                HAL_PCD_EP_Open
 .text.HAL_PCD_EP_Close
                0x00000000080041b4       0x94 ./Drivers/STM32L4xx_HAL_Driver/Src/stm32l4xx_hal_pcd.o
                0x00000000080041b4                HAL_PCD_EP_Close
 .text.HAL_PCD_EP_Receive
                0x0000000008004248       0x7c ./Drivers/STM32L4xx_HAL_Driver/Src/stm32l4xx_hal_pcd.o
                0x0000000008004248                HAL_PCD_EP_Receive
 .text.HAL_PCD_EP_GetRxCount
                0x00000000080042c4       0x30 ./Drivers/STM32L4xx_HAL_Driver/Src/stm32l4xx_hal_pcd.o
                0x00000000080042c4                HAL_PCD_EP_GetRxCount
 .text.HAL_PCD_EP_Transmit
                0x00000000080042f4       0x88 ./Drivers/STM32L4xx_HAL_Driver/Src/stm32l4xx_hal_pcd.o
                0x00000000080042f4                HAL_PCD_EP_Transmit
 .text.HAL_PCD_EP_SetStall
                0x000000000800437c       0xc4 ./Drivers/STM32L4xx_HAL_Driver/Src/stm32l4xx_hal_pcd.o
                0x000000000800437c                HAL_PCD_EP_SetStall
 .text.HAL_PCD_EP_ClrStall
                0x0000000008004440       0xac ./Drivers/STM32L4xx_HAL_Driver/Src/stm32l4xx_hal_pcd.o
                0x0000000008004440                HAL_PCD_EP_ClrStall
 .text.PCD_EP_ISR_Handler
                0x00000000080044ec      0x764 ./Drivers/STM32L4xx_HAL_Driver/Src/stm32l4xx_hal_pcd.o
 .text.HAL_PCD_EP_DB_Receive
                0x0000000008004c50      0x212 ./Drivers/STM32L4xx_HAL_Driver/Src/stm32l4xx_hal_pcd.o
 .text.HAL_PCD_EP_DB_Transmit
                0x0000000008004e62      0x79c ./Drivers/STM32L4xx_HAL_Driver/Src/stm32l4xx_hal_pcd.o
 .text.HAL_PCDEx_PMAConfig
                0x00000000080055fe       0x8a ./Drivers/STM32L4xx_HAL_Driver/Src/stm32l4xx_hal_pcd_ex.o
                0x00000000080055fe                HAL_PCDEx_PMAConfig
 .text.HAL_PCDEx_ActivateLPM
                0x0000000008005688       0x54 ./Drivers/STM32L4xx_HAL_Driver/Src/stm32l4xx_hal_pcd_ex.o
                0x0000000008005688                HAL_PCDEx_ActivateLPM
 .text.HAL_PCDEx_LPM_Callback
                0x00000000080056dc       0x18 ./Drivers/STM32L4xx_HAL_Driver/Src/stm32l4xx_hal_pcd_ex.o
                0x00000000080056dc                HAL_PCDEx_LPM_Callback
 .text.HAL_PWREx_GetVoltageRange
                0x00000000080056f4       0x1c ./Drivers/STM32L4xx_HAL_Driver/Src/stm32l4xx_hal_pwr_ex.o
                0x00000000080056f4                HAL_PWREx_GetVoltageRange
 .text.HAL_PWREx_ControlVoltageScaling
                0x0000000008005710       0xac ./Drivers/STM32L4xx_HAL_Driver/Src/stm32l4xx_hal_pwr_ex.o
                0x0000000008005710                HAL_PWREx_ControlVoltageScaling
 .text.HAL_PWREx_EnableVddUSB
                0x00000000080057bc       0x20 ./Drivers/STM32L4xx_HAL_Driver/Src/stm32l4xx_hal_pwr_ex.o
                0x00000000080057bc                HAL_PWREx_EnableVddUSB
 .text.HAL_RCC_DeInit
                0x00000000080057dc      0x130 ./Drivers/STM32L4xx_HAL_Driver/Src/stm32l4xx_hal_rcc.o
                0x00000000080057dc                HAL_RCC_DeInit
 .text.HAL_RCC_OscConfig
                0x000000000800590c      0x840 ./Drivers/STM32L4xx_HAL_Driver/Src/stm32l4xx_hal_rcc.o
                0x000000000800590c                HAL_RCC_OscConfig
 .text.HAL_RCC_ClockConfig
                0x000000000800614c      0x1c4 ./Drivers/STM32L4xx_HAL_Driver/Src/stm32l4xx_hal_rcc.o
                0x000000000800614c                HAL_RCC_ClockConfig
 .text.HAL_RCC_GetSysClockFreq
                0x0000000008006310      0x118 ./Drivers/STM32L4xx_HAL_Driver/Src/stm32l4xx_hal_rcc.o
                0x0000000008006310                HAL_RCC_GetSysClockFreq
 .text.HAL_RCC_GetHCLKFreq
                0x0000000008006428       0x18 ./Drivers/STM32L4xx_HAL_Driver/Src/stm32l4xx_hal_rcc.o
                0x0000000008006428                HAL_RCC_GetHCLKFreq
 .text.HAL_RCC_GetPCLK1Freq
                0x0000000008006440       0x2c ./Drivers/STM32L4xx_HAL_Driver/Src/stm32l4xx_hal_rcc.o
                0x0000000008006440                HAL_RCC_GetPCLK1Freq
 .text.HAL_RCC_GetPCLK2Freq
                0x000000000800646c       0x2c ./Drivers/STM32L4xx_HAL_Driver/Src/stm32l4xx_hal_rcc.o
                0x000000000800646c                HAL_RCC_GetPCLK2Freq
 .text.RCC_SetFlashLatencyFromMSIRange
                0x0000000008006498       0xc0 ./Drivers/STM32L4xx_HAL_Driver/Src/stm32l4xx_hal_rcc.o
 .text.HAL_RCCEx_PeriphCLKConfig
                0x0000000008006558      0x4d8 ./Drivers/STM32L4xx_HAL_Driver/Src/stm32l4xx_hal_rcc_ex.o
                0x0000000008006558                HAL_RCCEx_PeriphCLKConfig
 .text.RCCEx_PLLSAI1_Config
                0x0000000008006a30      0x1e4 ./Drivers/STM32L4xx_HAL_Driver/Src/stm32l4xx_hal_rcc_ex.o
 .text.HAL_SPI_Init
                0x0000000008006c14      0x146 ./Drivers/STM32L4xx_HAL_Driver/Src/stm32l4xx_hal_spi.o
                0x0000000008006c14                HAL_SPI_Init
 .text.HAL_SPI_DeInit
                0x0000000008006d5a       0x50 ./Drivers/STM32L4xx_HAL_Driver/Src/stm32l4xx_hal_spi.o
                0x0000000008006d5a                HAL_SPI_DeInit
 .text.HAL_SPI_Transmit
                0x0000000008006daa      0x2dc ./Drivers/STM32L4xx_HAL_Driver/Src/stm32l4xx_hal_spi.o
                0x0000000008006daa                HAL_SPI_Transmit
 *fill*         0x0000000008007086        0x2 
 .text.SPI_WaitFlagStateUntilTimeout
                0x0000000008007088      0x110 ./Drivers/STM32L4xx_HAL_Driver/Src/stm32l4xx_hal_spi.o
 .text.SPI_WaitFifoStateUntilTimeout
                0x0000000008007198      0x12c ./Drivers/STM32L4xx_HAL_Driver/Src/stm32l4xx_hal_spi.o
 .text.SPI_EndRxTxTransaction
                0x00000000080072c4       0x8c ./Drivers/STM32L4xx_HAL_Driver/Src/stm32l4xx_hal_spi.o
 .text.HAL_UART_Init
                0x0000000008007350       0x9c ./Drivers/STM32L4xx_HAL_Driver/Src/stm32l4xx_hal_uart.o
                0x0000000008007350                HAL_UART_Init
 .text.HAL_UART_DeInit
                0x00000000080073ec       0x72 ./Drivers/STM32L4xx_HAL_Driver/Src/stm32l4xx_hal_uart.o
                0x00000000080073ec                HAL_UART_DeInit
 .text.HAL_UART_Transmit
                0x000000000800745e      0x128 ./Drivers/STM32L4xx_HAL_Driver/Src/stm32l4xx_hal_uart.o
                0x000000000800745e                HAL_UART_Transmit
 .text.HAL_UART_DMAPause
                0x0000000008007586      0x136 ./Drivers/STM32L4xx_HAL_Driver/Src/stm32l4xx_hal_uart.o
                0x0000000008007586                HAL_UART_DMAPause
 .text.HAL_UART_DMAResume
                0x00000000080076bc      0x122 ./Drivers/STM32L4xx_HAL_Driver/Src/stm32l4xx_hal_uart.o
                0x00000000080076bc                HAL_UART_DMAResume
 *fill*         0x00000000080077de        0x2 
 .text.HAL_UART_IRQHandler
                0x00000000080077e0      0x5c4 ./Drivers/STM32L4xx_HAL_Driver/Src/stm32l4xx_hal_uart.o
                0x00000000080077e0                HAL_UART_IRQHandler
 .text.HAL_UART_TxCpltCallback
                0x0000000008007da4       0x14 ./Drivers/STM32L4xx_HAL_Driver/Src/stm32l4xx_hal_uart.o
                0x0000000008007da4                HAL_UART_TxCpltCallback
 .text.HAL_UART_RxCpltCallback
                0x0000000008007db8       0x14 ./Drivers/STM32L4xx_HAL_Driver/Src/stm32l4xx_hal_uart.o
                0x0000000008007db8                HAL_UART_RxCpltCallback
 .text.HAL_UART_RxHalfCpltCallback
                0x0000000008007dcc       0x14 ./Drivers/STM32L4xx_HAL_Driver/Src/stm32l4xx_hal_uart.o
                0x0000000008007dcc                HAL_UART_RxHalfCpltCallback
 .text.HAL_UART_ErrorCallback
                0x0000000008007de0       0x14 ./Drivers/STM32L4xx_HAL_Driver/Src/stm32l4xx_hal_uart.o
                0x0000000008007de0                HAL_UART_ErrorCallback
 .text.UART_SetConfig
                0x0000000008007df4      0x50c ./Drivers/STM32L4xx_HAL_Driver/Src/stm32l4xx_hal_uart.o
                0x0000000008007df4                UART_SetConfig
 .text.UART_AdvFeatureConfig
                0x0000000008008300      0x144 ./Drivers/STM32L4xx_HAL_Driver/Src/stm32l4xx_hal_uart.o
                0x0000000008008300                UART_AdvFeatureConfig
 .text.UART_CheckIdleState
                0x0000000008008444       0x92 ./Drivers/STM32L4xx_HAL_Driver/Src/stm32l4xx_hal_uart.o
                0x0000000008008444                UART_CheckIdleState
 .text.UART_WaitOnFlagUntilTimeout
                0x00000000080084d6      0x188 ./Drivers/STM32L4xx_HAL_Driver/Src/stm32l4xx_hal_uart.o
                0x00000000080084d6                UART_WaitOnFlagUntilTimeout
 *fill*         0x000000000800865e        0x2 
 .text.UART_Start_Receive_DMA
                0x0000000008008660      0x14c ./Drivers/STM32L4xx_HAL_Driver/Src/stm32l4xx_hal_uart.o
                0x0000000008008660                UART_Start_Receive_DMA
 .text.UART_EndTxTransfer
                0x00000000080087ac       0x4c ./Drivers/STM32L4xx_HAL_Driver/Src/stm32l4xx_hal_uart.o
 .text.UART_EndRxTransfer
                0x00000000080087f8       0xc6 ./Drivers/STM32L4xx_HAL_Driver/Src/stm32l4xx_hal_uart.o
 .text.UART_DMAReceiveCplt
                0x00000000080088be      0x124 ./Drivers/STM32L4xx_HAL_Driver/Src/stm32l4xx_hal_uart.o
 .text.UART_DMARxHalfCplt
                0x00000000080089e2       0x38 ./Drivers/STM32L4xx_HAL_Driver/Src/stm32l4xx_hal_uart.o
 .text.UART_DMAError
                0x0000000008008a1a       0x7c ./Drivers/STM32L4xx_HAL_Driver/Src/stm32l4xx_hal_uart.o
 .text.UART_DMAAbortOnError
                0x0000000008008a96       0x2c ./Drivers/STM32L4xx_HAL_Driver/Src/stm32l4xx_hal_uart.o
 .text.UART_EndTransmit_IT
                0x0000000008008ac2       0x54 ./Drivers/STM32L4xx_HAL_Driver/Src/stm32l4xx_hal_uart.o
 .text.HAL_UARTEx_WakeupCallback
                0x0000000008008b16       0x14 ./Drivers/STM32L4xx_HAL_Driver/Src/stm32l4xx_hal_uart_ex.o
                0x0000000008008b16                HAL_UARTEx_WakeupCallback
 .text.HAL_UARTEx_ReceiveToIdle_DMA
                0x0000000008008b2a       0xb6 ./Drivers/STM32L4xx_HAL_Driver/Src/stm32l4xx_hal_uart_ex.o
                0x0000000008008b2a                HAL_UARTEx_ReceiveToIdle_DMA
 .text.USB_CoreInit
                0x0000000008008be0       0x22 ./Drivers/STM32L4xx_HAL_Driver/Src/stm32l4xx_ll_usb.o
                0x0000000008008be0                USB_CoreInit
 .text.USB_EnableGlobalInt
                0x0000000008008c02       0x2e ./Drivers/STM32L4xx_HAL_Driver/Src/stm32l4xx_ll_usb.o
                0x0000000008008c02                USB_EnableGlobalInt
 .text.USB_DisableGlobalInt
                0x0000000008008c30       0x36 ./Drivers/STM32L4xx_HAL_Driver/Src/stm32l4xx_ll_usb.o
                0x0000000008008c30                USB_DisableGlobalInt
 .text.USB_SetCurrentMode
                0x0000000008008c66       0x1a ./Drivers/STM32L4xx_HAL_Driver/Src/stm32l4xx_ll_usb.o
                0x0000000008008c66                USB_SetCurrentMode
 .text.USB_DevInit
                0x0000000008008c80       0x42 ./Drivers/STM32L4xx_HAL_Driver/Src/stm32l4xx_ll_usb.o
                0x0000000008008c80                USB_DevInit
 *fill*         0x0000000008008cc2        0x2 
 .text.USB_ActivateEndpoint
                0x0000000008008cc4      0x728 ./Drivers/STM32L4xx_HAL_Driver/Src/stm32l4xx_ll_usb.o
                0x0000000008008cc4                USB_ActivateEndpoint
 .text.USB_DeactivateEndpoint
                0x00000000080093ec      0x3da ./Drivers/STM32L4xx_HAL_Driver/Src/stm32l4xx_ll_usb.o
                0x00000000080093ec                USB_DeactivateEndpoint
 .text.USB_EPStartXfer
                0x00000000080097c6     0x166c ./Drivers/STM32L4xx_HAL_Driver/Src/stm32l4xx_ll_usb.o
                0x00000000080097c6                USB_EPStartXfer
 .text.USB_EPSetStall
                0x000000000800ae32       0xa2 ./Drivers/STM32L4xx_HAL_Driver/Src/stm32l4xx_ll_usb.o
                0x000000000800ae32                USB_EPSetStall
 .text.USB_EPClearStall
                0x000000000800aed4      0x15c ./Drivers/STM32L4xx_HAL_Driver/Src/stm32l4xx_ll_usb.o
                0x000000000800aed4                USB_EPClearStall
 .text.USB_StopDevice
                0x000000000800b030       0x2e ./Drivers/STM32L4xx_HAL_Driver/Src/stm32l4xx_ll_usb.o
                0x000000000800b030                USB_StopDevice
 .text.USB_SetDevAddress
                0x000000000800b05e       0x28 ./Drivers/STM32L4xx_HAL_Driver/Src/stm32l4xx_ll_usb.o
                0x000000000800b05e                USB_SetDevAddress
 .text.USB_DevConnect
                0x000000000800b086       0x2e ./Drivers/STM32L4xx_HAL_Driver/Src/stm32l4xx_ll_usb.o
                0x000000000800b086                USB_DevConnect
 .text.USB_DevDisconnect
                0x000000000800b0b4       0x2a ./Drivers/STM32L4xx_HAL_Driver/Src/stm32l4xx_ll_usb.o
                0x000000000800b0b4                USB_DevDisconnect
 .text.USB_ReadInterrupts
                0x000000000800b0de       0x20 ./Drivers/STM32L4xx_HAL_Driver/Src/stm32l4xx_ll_usb.o
                0x000000000800b0de                USB_ReadInterrupts
 .text.USB_EP0_OutStart
                0x000000000800b0fe       0x18 ./Drivers/STM32L4xx_HAL_Driver/Src/stm32l4xx_ll_usb.o
                0x000000000800b0fe                USB_EP0_OutStart
 .text.USB_WritePMA
                0x000000000800b116       0x84 ./Drivers/STM32L4xx_HAL_Driver/Src/stm32l4xx_ll_usb.o
                0x000000000800b116                USB_WritePMA
 .text.USB_ReadPMA
                0x000000000800b19a       0x98 ./Drivers/STM32L4xx_HAL_Driver/Src/stm32l4xx_ll_usb.o
                0x000000000800b19a                USB_ReadPMA
 .text.USBD_CDC_Init
                0x000000000800b232       0xfe ./Middlewares/ST/STM32_USB_Device_Library/Class/CDC/Src/usbd_cdc.o
 .text.USBD_CDC_DeInit
                0x000000000800b330       0x74 ./Middlewares/ST/STM32_USB_Device_Library/Class/CDC/Src/usbd_cdc.o
 .text.USBD_CDC_Setup
                0x000000000800b3a4      0x190 ./Middlewares/ST/STM32_USB_Device_Library/Class/CDC/Src/usbd_cdc.o
 .text.USBD_CDC_DataIn
                0x000000000800b534       0xca ./Middlewares/ST/STM32_USB_Device_Library/Class/CDC/Src/usbd_cdc.o
 .text.USBD_CDC_DataOut
                0x000000000800b5fe       0x56 ./Middlewares/ST/STM32_USB_Device_Library/Class/CDC/Src/usbd_cdc.o
 .text.USBD_CDC_EP0_RxReady
                0x000000000800b654       0x5a ./Middlewares/ST/STM32_USB_Device_Library/Class/CDC/Src/usbd_cdc.o
 *fill*         0x000000000800b6ae        0x2 
 .text.USBD_CDC_GetFSCfgDesc
                0x000000000800b6b0       0x20 ./Middlewares/ST/STM32_USB_Device_Library/Class/CDC/Src/usbd_cdc.o
 .text.USBD_CDC_GetHSCfgDesc
                0x000000000800b6d0       0x20 ./Middlewares/ST/STM32_USB_Device_Library/Class/CDC/Src/usbd_cdc.o
 .text.USBD_CDC_GetOtherSpeedCfgDesc
                0x000000000800b6f0       0x20 ./Middlewares/ST/STM32_USB_Device_Library/Class/CDC/Src/usbd_cdc.o
 .text.USBD_CDC_GetDeviceQualifierDescriptor
                0x000000000800b710       0x20 ./Middlewares/ST/STM32_USB_Device_Library/Class/CDC/Src/usbd_cdc.o
                0x000000000800b710                USBD_CDC_GetDeviceQualifierDescriptor
 .text.USBD_CDC_RegisterInterface
                0x000000000800b730       0x2a ./Middlewares/ST/STM32_USB_Device_Library/Class/CDC/Src/usbd_cdc.o
                0x000000000800b730                USBD_CDC_RegisterInterface
 .text.USBD_CDC_SetTxBuffer
                0x000000000800b75a       0x3c ./Middlewares/ST/STM32_USB_Device_Library/Class/CDC/Src/usbd_cdc.o
                0x000000000800b75a                USBD_CDC_SetTxBuffer
 .text.USBD_CDC_SetRxBuffer
                0x000000000800b796       0x32 ./Middlewares/ST/STM32_USB_Device_Library/Class/CDC/Src/usbd_cdc.o
                0x000000000800b796                USBD_CDC_SetRxBuffer
 .text.USBD_CDC_TransmitPacket
                0x000000000800b7c8       0x60 ./Middlewares/ST/STM32_USB_Device_Library/Class/CDC/Src/usbd_cdc.o
                0x000000000800b7c8                USBD_CDC_TransmitPacket
 .text.USBD_CDC_ReceivePacket
                0x000000000800b828       0x54 ./Middlewares/ST/STM32_USB_Device_Library/Class/CDC/Src/usbd_cdc.o
                0x000000000800b828                USBD_CDC_ReceivePacket
 .text.USBD_Init
                0x000000000800b87c       0x60 ./Middlewares/ST/STM32_USB_Device_Library/Core/Src/usbd_core.o
                0x000000000800b87c                USBD_Init
 .text.USBD_DeInit
                0x000000000800b8dc       0x68 ./Middlewares/ST/STM32_USB_Device_Library/Core/Src/usbd_core.o
                0x000000000800b8dc                USBD_DeInit
 .text.USBD_RegisterClass
                0x000000000800b944       0x4e ./Middlewares/ST/STM32_USB_Device_Library/Core/Src/usbd_core.o
                0x000000000800b944                USBD_RegisterClass
 .text.USBD_Start
                0x000000000800b992       0x18 ./Middlewares/ST/STM32_USB_Device_Library/Core/Src/usbd_core.o
                0x000000000800b992                USBD_Start
 .text.USBD_RunTestMode
                0x000000000800b9aa       0x16 ./Middlewares/ST/STM32_USB_Device_Library/Core/Src/usbd_core.o
                0x000000000800b9aa                USBD_RunTestMode
 .text.USBD_SetClassConfig
                0x000000000800b9c0       0x38 ./Middlewares/ST/STM32_USB_Device_Library/Core/Src/usbd_core.o
                0x000000000800b9c0                USBD_SetClassConfig
 .text.USBD_ClrClassConfig
                0x000000000800b9f8       0x30 ./Middlewares/ST/STM32_USB_Device_Library/Core/Src/usbd_core.o
                0x000000000800b9f8                USBD_ClrClassConfig
 .text.USBD_LL_SetupStage
                0x000000000800ba28       0xaa ./Middlewares/ST/STM32_USB_Device_Library/Core/Src/usbd_core.o
                0x000000000800ba28                USBD_LL_SetupStage
 .text.USBD_LL_DataOutStage
                0x000000000800bad2       0xc6 ./Middlewares/ST/STM32_USB_Device_Library/Core/Src/usbd_core.o
                0x000000000800bad2                USBD_LL_DataOutStage
 .text.USBD_LL_DataInStage
                0x000000000800bb98      0x12c ./Middlewares/ST/STM32_USB_Device_Library/Core/Src/usbd_core.o
                0x000000000800bb98                USBD_LL_DataInStage
 .text.USBD_LL_Reset
                0x000000000800bcc4       0x9c ./Middlewares/ST/STM32_USB_Device_Library/Core/Src/usbd_core.o
                0x000000000800bcc4                USBD_LL_Reset
 .text.USBD_LL_SetSpeed
                0x000000000800bd60       0x20 ./Middlewares/ST/STM32_USB_Device_Library/Core/Src/usbd_core.o
                0x000000000800bd60                USBD_LL_SetSpeed
 .text.USBD_LL_Suspend
                0x000000000800bd80       0x2c ./Middlewares/ST/STM32_USB_Device_Library/Core/Src/usbd_core.o
                0x000000000800bd80                USBD_LL_Suspend
 .text.USBD_LL_Resume
                0x000000000800bdac       0x30 ./Middlewares/ST/STM32_USB_Device_Library/Core/Src/usbd_core.o
                0x000000000800bdac                USBD_LL_Resume
 .text.USBD_LL_SOF
                0x000000000800bddc       0x44 ./Middlewares/ST/STM32_USB_Device_Library/Core/Src/usbd_core.o
                0x000000000800bddc                USBD_LL_SOF
 .text.SWAPBYTE
                0x000000000800be20       0x3c ./Middlewares/ST/STM32_USB_Device_Library/Core/Src/usbd_ctlreq.o
 .text.USBD_StdDevReq
                0x000000000800be5c       0xdc ./Middlewares/ST/STM32_USB_Device_Library/Core/Src/usbd_ctlreq.o
                0x000000000800be5c                USBD_StdDevReq
 .text.USBD_StdItfReq
                0x000000000800bf38       0x92 ./Middlewares/ST/STM32_USB_Device_Library/Core/Src/usbd_ctlreq.o
                0x000000000800bf38                USBD_StdItfReq
 .text.USBD_StdEPReq
                0x000000000800bfca      0x2c4 ./Middlewares/ST/STM32_USB_Device_Library/Core/Src/usbd_ctlreq.o
                0x000000000800bfca                USBD_StdEPReq
 *fill*         0x000000000800c28e        0x2 
 .text.USBD_GetDescriptor
                0x000000000800c290      0x2d4 ./Middlewares/ST/STM32_USB_Device_Library/Core/Src/usbd_ctlreq.o
 .text.USBD_SetAddress
                0x000000000800c564       0x88 ./Middlewares/ST/STM32_USB_Device_Library/Core/Src/usbd_ctlreq.o
 .text.USBD_SetConfig
                0x000000000800c5ec      0x14c ./Middlewares/ST/STM32_USB_Device_Library/Core/Src/usbd_ctlreq.o
 .text.USBD_GetConfig
                0x000000000800c738       0x6c ./Middlewares/ST/STM32_USB_Device_Library/Core/Src/usbd_ctlreq.o
 .text.USBD_GetStatus
                0x000000000800c7a4       0x68 ./Middlewares/ST/STM32_USB_Device_Library/Core/Src/usbd_ctlreq.o
 .text.USBD_SetFeature
                0x000000000800c80c       0x28 ./Middlewares/ST/STM32_USB_Device_Library/Core/Src/usbd_ctlreq.o
 .text.USBD_ClrFeature
                0x000000000800c834       0x44 ./Middlewares/ST/STM32_USB_Device_Library/Core/Src/usbd_ctlreq.o
 .text.USBD_ParseSetupRequest
                0x000000000800c878       0x74 ./Middlewares/ST/STM32_USB_Device_Library/Core/Src/usbd_ctlreq.o
                0x000000000800c878                USBD_ParseSetupRequest
 .text.USBD_CtlError
                0x000000000800c8ec       0x22 ./Middlewares/ST/STM32_USB_Device_Library/Core/Src/usbd_ctlreq.o
                0x000000000800c8ec                USBD_CtlError
 .text.USBD_GetString
                0x000000000800c90e       0x8c ./Middlewares/ST/STM32_USB_Device_Library/Core/Src/usbd_ctlreq.o
                0x000000000800c90e                USBD_GetString
 .text.USBD_GetLen
                0x000000000800c99a       0x34 ./Middlewares/ST/STM32_USB_Device_Library/Core/Src/usbd_ctlreq.o
 .text.USBD_CtlSendData
                0x000000000800c9ce       0x36 ./Middlewares/ST/STM32_USB_Device_Library/Core/Src/usbd_ioreq.o
                0x000000000800c9ce                USBD_CtlSendData
 .text.USBD_CtlContinueSendData
                0x000000000800ca04       0x22 ./Middlewares/ST/STM32_USB_Device_Library/Core/Src/usbd_ioreq.o
                0x000000000800ca04                USBD_CtlContinueSendData
 .text.USBD_CtlPrepareRx
                0x000000000800ca26       0x3a ./Middlewares/ST/STM32_USB_Device_Library/Core/Src/usbd_ioreq.o
                0x000000000800ca26                USBD_CtlPrepareRx
 .text.USBD_CtlContinueRx
                0x000000000800ca60       0x22 ./Middlewares/ST/STM32_USB_Device_Library/Core/Src/usbd_ioreq.o
                0x000000000800ca60                USBD_CtlContinueRx
 .text.USBD_CtlSendStatus
                0x000000000800ca82       0x26 ./Middlewares/ST/STM32_USB_Device_Library/Core/Src/usbd_ioreq.o
                0x000000000800ca82                USBD_CtlSendStatus
 .text.USBD_CtlReceiveStatus
                0x000000000800caa8       0x26 ./Middlewares/ST/STM32_USB_Device_Library/Core/Src/usbd_ioreq.o
                0x000000000800caa8                USBD_CtlReceiveStatus
 .text.stm32_lock_init
                0x000000000800cace       0x2c ./USB_DEVICE/App/ring_buffer.o
 .text.stm32_lock_acquire
                0x000000000800cafa       0x6e ./USB_DEVICE/App/ring_buffer.o
 .text.stm32_lock_release
                0x000000000800cb68       0x52 ./USB_DEVICE/App/ring_buffer.o
 *fill*         0x000000000800cbba        0x2 
 .text.ring_buffer_init
                0x000000000800cbbc       0x48 ./USB_DEVICE/App/ring_buffer.o
                0x000000000800cbbc                ring_buffer_init
 .text.ring_buffer_deinit
                0x000000000800cc04       0x44 ./USB_DEVICE/App/ring_buffer.o
                0x000000000800cc04                ring_buffer_deinit
 .text.ring_buffer_available_bytes
                0x000000000800cc48       0x80 ./USB_DEVICE/App/ring_buffer.o
                0x000000000800cc48                ring_buffer_available_bytes
 .text.ring_buffer_free_bytes
                0x000000000800ccc8       0x54 ./USB_DEVICE/App/ring_buffer.o
 .text.ring_buffer_write
                0x000000000800cd1c       0xb8 ./USB_DEVICE/App/ring_buffer.o
                0x000000000800cd1c                ring_buffer_write
 .text.ring_buffer_read
                0x000000000800cdd4       0xd0 ./USB_DEVICE/App/ring_buffer.o
                0x000000000800cdd4                ring_buffer_read
 .text.MX_USB_DEVICE_DeInit
                0x000000000800cea4       0x18 ./USB_DEVICE/App/usb_device.o
                0x000000000800cea4                MX_USB_DEVICE_DeInit
 .text.MX_USB_DEVICE_Init
                0x000000000800cebc       0x60 ./USB_DEVICE/App/usb_device.o
                0x000000000800cebc                MX_USB_DEVICE_Init
 .text.CDC_Init_FS
                0x000000000800cf1c       0x2c ./USB_DEVICE/App/usbd_cdc_if.o
 .text.CDC_DeInit_FS
                0x000000000800cf48       0x10 ./USB_DEVICE/App/usbd_cdc_if.o
 .text.CDC_Control_FS
                0x000000000800cf58      0x168 ./USB_DEVICE/App/usbd_cdc_if.o
 .text.CDC_Receive_FS
                0x000000000800d0c0       0x58 ./USB_DEVICE/App/usbd_cdc_if.o
 .text.CDC_Transmit_FS
                0x000000000800d118       0x4c ./USB_DEVICE/App/usbd_cdc_if.o
                0x000000000800d118                CDC_Transmit_FS
 .text.CDC_TransmitCplt_FS
                0x000000000800d164       0x22 ./USB_DEVICE/App/usbd_cdc_if.o
 .text.CDC_Available_FS
                0x000000000800d186        0xe ./USB_DEVICE/App/usbd_cdc_if.o
                0x000000000800d186                CDC_Available_FS
 .text.CDC_Read_FS
                0x000000000800d194       0x38 ./USB_DEVICE/App/usbd_cdc_if.o
                0x000000000800d194                CDC_Read_FS
 .text.board_reset_hook
                0x000000000800d1cc       0x28 ./USB_DEVICE/App/usbd_cdc_if.o
                0x000000000800d1cc                board_reset_hook
 .text.USBD_FS_DeviceDescriptor
                0x000000000800d1f4       0x24 ./USB_DEVICE/App/usbd_desc.o
                0x000000000800d1f4                USBD_FS_DeviceDescriptor
 .text.USBD_FS_LangIDStrDescriptor
                0x000000000800d218       0x24 ./USB_DEVICE/App/usbd_desc.o
                0x000000000800d218                USBD_FS_LangIDStrDescriptor
 .text.USBD_FS_ProductStrDescriptor
                0x000000000800d23c       0x3c ./USB_DEVICE/App/usbd_desc.o
                0x000000000800d23c                USBD_FS_ProductStrDescriptor
 .text.USBD_FS_ManufacturerStrDescriptor
                0x000000000800d278       0x28 ./USB_DEVICE/App/usbd_desc.o
                0x000000000800d278                USBD_FS_ManufacturerStrDescriptor
 .text.USBD_FS_SerialStrDescriptor
                0x000000000800d2a0       0x24 ./USB_DEVICE/App/usbd_desc.o
                0x000000000800d2a0                USBD_FS_SerialStrDescriptor
 .text.USBD_FS_ConfigStrDescriptor
                0x000000000800d2c4       0x3c ./USB_DEVICE/App/usbd_desc.o
                0x000000000800d2c4                USBD_FS_ConfigStrDescriptor
 .text.USBD_FS_InterfaceStrDescriptor
                0x000000000800d300       0x3c ./USB_DEVICE/App/usbd_desc.o
                0x000000000800d300                USBD_FS_InterfaceStrDescriptor
 .text.Get_SerialNum
                0x000000000800d33c       0x58 ./USB_DEVICE/App/usbd_desc.o
 .text.IntToUnicode
                0x000000000800d394       0x7e ./USB_DEVICE/App/usbd_desc.o
 *fill*         0x000000000800d412        0x2 
 .text.HAL_PCD_MspInit
                0x000000000800d414       0xcc ./USB_DEVICE/Target/usbd_conf.o
                0x000000000800d414                HAL_PCD_MspInit
 .text.HAL_PCD_MspDeInit
                0x000000000800d4e0       0x40 ./USB_DEVICE/Target/usbd_conf.o
                0x000000000800d4e0                HAL_PCD_MspDeInit
 .text.HAL_PCD_SetupStageCallback
                0x000000000800d520       0x24 ./USB_DEVICE/Target/usbd_conf.o
                0x000000000800d520                HAL_PCD_SetupStageCallback
 .text.HAL_PCD_DataOutStageCallback
                0x000000000800d544       0x36 ./USB_DEVICE/Target/usbd_conf.o
                0x000000000800d544                HAL_PCD_DataOutStageCallback
 .text.HAL_PCD_DataInStageCallback
                0x000000000800d57a       0x34 ./USB_DEVICE/Target/usbd_conf.o
                0x000000000800d57a                HAL_PCD_DataInStageCallback
 .text.HAL_PCD_SOFCallback
                0x000000000800d5ae       0x1c ./USB_DEVICE/Target/usbd_conf.o
                0x000000000800d5ae                HAL_PCD_SOFCallback
 .text.HAL_PCD_ResetCallback
                0x000000000800d5ca       0x3c ./USB_DEVICE/Target/usbd_conf.o
                0x000000000800d5ca                HAL_PCD_ResetCallback
 *fill*         0x000000000800d606        0x2 
 .text.HAL_PCD_SuspendCallback
                0x000000000800d608       0x34 ./USB_DEVICE/Target/usbd_conf.o
                0x000000000800d608                HAL_PCD_SuspendCallback
 .text.HAL_PCD_ResumeCallback
                0x000000000800d63c       0x38 ./USB_DEVICE/Target/usbd_conf.o
                0x000000000800d63c                HAL_PCD_ResumeCallback
 .text.USBD_LL_Init
                0x000000000800d674       0xc4 ./USB_DEVICE/Target/usbd_conf.o
                0x000000000800d674                USBD_LL_Init
 .text.USBD_LL_DeInit
                0x000000000800d738       0x64 ./USB_DEVICE/Target/usbd_conf.o
                0x000000000800d738                USBD_LL_DeInit
 .text.USBD_LL_Start
                0x000000000800d79c       0x64 ./USB_DEVICE/Target/usbd_conf.o
                0x000000000800d79c                USBD_LL_Start
 .text.USBD_LL_Stop
                0x000000000800d800       0x64 ./USB_DEVICE/Target/usbd_conf.o
                0x000000000800d800                USBD_LL_Stop
 .text.USBD_LL_OpenEP
                0x000000000800d864       0x7c ./USB_DEVICE/Target/usbd_conf.o
                0x000000000800d864                USBD_LL_OpenEP
 .text.USBD_LL_CloseEP
                0x000000000800d8e0       0x6c ./USB_DEVICE/Target/usbd_conf.o
                0x000000000800d8e0                USBD_LL_CloseEP
 .text.USBD_LL_StallEP
                0x000000000800d94c       0x6c ./USB_DEVICE/Target/usbd_conf.o
                0x000000000800d94c                USBD_LL_StallEP
 .text.USBD_LL_ClearStallEP
                0x000000000800d9b8       0x6c ./USB_DEVICE/Target/usbd_conf.o
                0x000000000800d9b8                USBD_LL_ClearStallEP
 .text.USBD_LL_IsStallEP
                0x000000000800da24       0x5a ./USB_DEVICE/Target/usbd_conf.o
                0x000000000800da24                USBD_LL_IsStallEP
 *fill*         0x000000000800da7e        0x2 
 .text.USBD_LL_SetUSBAddress
                0x000000000800da80       0x6c ./USB_DEVICE/Target/usbd_conf.o
                0x000000000800da80                USBD_LL_SetUSBAddress
 .text.USBD_LL_Transmit
                0x000000000800daec       0x70 ./USB_DEVICE/Target/usbd_conf.o
                0x000000000800daec                USBD_LL_Transmit
 .text.USBD_LL_PrepareReceive
                0x000000000800db5c       0x70 ./USB_DEVICE/Target/usbd_conf.o
                0x000000000800db5c                USBD_LL_PrepareReceive
 .text.USBD_LL_GetRxDataSize
                0x000000000800dbcc       0x26 ./USB_DEVICE/Target/usbd_conf.o
                0x000000000800dbcc                USBD_LL_GetRxDataSize
 *fill*         0x000000000800dbf2        0x2 
 .text.USBD_static_malloc
                0x000000000800dbf4       0x1c ./USB_DEVICE/Target/usbd_conf.o
                0x000000000800dbf4                USBD_static_malloc
 .text.USBD_static_free
                0x000000000800dc10       0x14 ./USB_DEVICE/Target/usbd_conf.o
                0x000000000800dc10                USBD_static_free
 .text.SystemClockConfig_Resume
                0x000000000800dc24        0xc ./USB_DEVICE/Target/usbd_conf.o
 .text.calloc   0x000000000800dc30       0x10 c:/st/stm32cubeide_1.7.0/stm32cubeide/plugins/com.st.stm32cube.ide.mcu.externaltools.gnu-tools-for-stm32.10.3-2021.10.win32_1.0.0.202111181127/tools/bin/../lib/gcc/arm-none-eabi/10.3.1/../../../../arm-none-eabi/lib/thumb/v7e-m+fp/hard\libc_nano.a(lib_a-calloc.o)
                0x000000000800dc30                calloc
 .text.__errno  0x000000000800dc40        0xc c:/st/stm32cubeide_1.7.0/stm32cubeide/plugins/com.st.stm32cube.ide.mcu.externaltools.gnu-tools-for-stm32.10.3-2021.10.win32_1.0.0.202111181127/tools/bin/../lib/gcc/arm-none-eabi/10.3.1/../../../../arm-none-eabi/lib/thumb/v7e-m+fp/hard\libc_nano.a(lib_a-errno.o)
                0x000000000800dc40                __errno
 .text.__libc_init_array
                0x000000000800dc4c       0x48 c:/st/stm32cubeide_1.7.0/stm32cubeide/plugins/com.st.stm32cube.ide.mcu.externaltools.gnu-tools-for-stm32.10.3-2021.10.win32_1.0.0.202111181127/tools/bin/../lib/gcc/arm-none-eabi/10.3.1/../../../../arm-none-eabi/lib/thumb/v7e-m+fp/hard\libc_nano.a(lib_a-init.o)
                0x000000000800dc4c                __libc_init_array
 .text.free     0x000000000800dc94       0x10 c:/st/stm32cubeide_1.7.0/stm32cubeide/plugins/com.st.stm32cube.ide.mcu.externaltools.gnu-tools-for-stm32.10.3-2021.10.win32_1.0.0.202111181127/tools/bin/../lib/gcc/arm-none-eabi/10.3.1/../../../../arm-none-eabi/lib/thumb/v7e-m+fp/hard\libc_nano.a(lib_a-malloc.o)
                0x000000000800dc94                free
 .text.memset   0x000000000800dca4       0x10 c:/st/stm32cubeide_1.7.0/stm32cubeide/plugins/com.st.stm32cube.ide.mcu.externaltools.gnu-tools-for-stm32.10.3-2021.10.win32_1.0.0.202111181127/tools/bin/../lib/gcc/arm-none-eabi/10.3.1/../../../../arm-none-eabi/lib/thumb/v7e-m+fp/hard\libc_nano.a(lib_a-memset.o)
                0x000000000800dca4                memset
 .text._calloc_r
                0x000000000800dcb4       0x2c c:/st/stm32cubeide_1.7.0/stm32cubeide/plugins/com.st.stm32cube.ide.mcu.externaltools.gnu-tools-for-stm32.10.3-2021.10.win32_1.0.0.202111181127/tools/bin/../lib/gcc/arm-none-eabi/10.3.1/../../../../arm-none-eabi/lib/thumb/v7e-m+fp/hard\libc_nano.a(lib_a-nano-callocr.o)
                0x000000000800dcb4                _calloc_r
 .text._free_r  0x000000000800dce0       0x98 c:/st/stm32cubeide_1.7.0/stm32cubeide/plugins/com.st.stm32cube.ide.mcu.externaltools.gnu-tools-for-stm32.10.3-2021.10.win32_1.0.0.202111181127/tools/bin/../lib/gcc/arm-none-eabi/10.3.1/../../../../arm-none-eabi/lib/thumb/v7e-m+fp/hard\libc_nano.a(lib_a-nano-freer.o)
                0x000000000800dce0                _free_r
 .text.sbrk_aligned
                0x000000000800dd78       0x40 c:/st/stm32cubeide_1.7.0/stm32cubeide/plugins/com.st.stm32cube.ide.mcu.externaltools.gnu-tools-for-stm32.10.3-2021.10.win32_1.0.0.202111181127/tools/bin/../lib/gcc/arm-none-eabi/10.3.1/../../../../arm-none-eabi/lib/thumb/v7e-m+fp/hard\libc_nano.a(lib_a-nano-mallocr.o)
 .text._malloc_r
                0x000000000800ddb8       0xe8 c:/st/stm32cubeide_1.7.0/stm32cubeide/plugins/com.st.stm32cube.ide.mcu.externaltools.gnu-tools-for-stm32.10.3-2021.10.win32_1.0.0.202111181127/tools/bin/../lib/gcc/arm-none-eabi/10.3.1/../../../../arm-none-eabi/lib/thumb/v7e-m+fp/hard\libc_nano.a(lib_a-nano-mallocr.o)
                0x000000000800ddb8                _malloc_r
 .text._sbrk_r  0x000000000800dea0       0x20 c:/st/stm32cubeide_1.7.0/stm32cubeide/plugins/com.st.stm32cube.ide.mcu.externaltools.gnu-tools-for-stm32.10.3-2021.10.win32_1.0.0.202111181127/tools/bin/../lib/gcc/arm-none-eabi/10.3.1/../../../../arm-none-eabi/lib/thumb/v7e-m+fp/hard\libc_nano.a(lib_a-sbrkr.o)
                0x000000000800dea0                _sbrk_r
 .text.__malloc_lock
                0x000000000800dec0        0xc c:/st/stm32cubeide_1.7.0/stm32cubeide/plugins/com.st.stm32cube.ide.mcu.externaltools.gnu-tools-for-stm32.10.3-2021.10.win32_1.0.0.202111181127/tools/bin/../lib/gcc/arm-none-eabi/10.3.1/../../../../arm-none-eabi/lib/thumb/v7e-m+fp/hard\libc_nano.a(lib_a-mlock.o)
                0x000000000800dec0                __malloc_lock
 .text.__malloc_unlock
                0x000000000800decc        0xc c:/st/stm32cubeide_1.7.0/stm32cubeide/plugins/com.st.stm32cube.ide.mcu.externaltools.gnu-tools-for-stm32.10.3-2021.10.win32_1.0.0.202111181127/tools/bin/../lib/gcc/arm-none-eabi/10.3.1/../../../../arm-none-eabi/lib/thumb/v7e-m+fp/hard\libc_nano.a(lib_a-mlock.o)
                0x000000000800decc                __malloc_unlock
 *(.glue_7)
 .glue_7        0x000000000800ded8        0x0 linker stubs
 *(.glue_7t)
 .glue_7t       0x000000000800ded8        0x0 linker stubs
 *(.eh_frame)
 .eh_frame      0x000000000800ded8        0x0 c:/st/stm32cubeide_1.7.0/stm32cubeide/plugins/com.st.stm32cube.ide.mcu.externaltools.gnu-tools-for-stm32.10.3-2021.10.win32_1.0.0.202111181127/tools/bin/../lib/gcc/arm-none-eabi/10.3.1/thumb/v7e-m+fp/hard/crtbegin.o
 *(.init)
 .init          0x000000000800ded8        0x4 c:/st/stm32cubeide_1.7.0/stm32cubeide/plugins/com.st.stm32cube.ide.mcu.externaltools.gnu-tools-for-stm32.10.3-2021.10.win32_1.0.0.202111181127/tools/bin/../lib/gcc/arm-none-eabi/10.3.1/thumb/v7e-m+fp/hard/crti.o
                0x000000000800ded8                _init
 .init          0x000000000800dedc        0x8 c:/st/stm32cubeide_1.7.0/stm32cubeide/plugins/com.st.stm32cube.ide.mcu.externaltools.gnu-tools-for-stm32.10.3-2021.10.win32_1.0.0.202111181127/tools/bin/../lib/gcc/arm-none-eabi/10.3.1/thumb/v7e-m+fp/hard/crtn.o
 *(.fini)
 .fini          0x000000000800dee4        0x4 c:/st/stm32cubeide_1.7.0/stm32cubeide/plugins/com.st.stm32cube.ide.mcu.externaltools.gnu-tools-for-stm32.10.3-2021.10.win32_1.0.0.202111181127/tools/bin/../lib/gcc/arm-none-eabi/10.3.1/thumb/v7e-m+fp/hard/crti.o
                0x000000000800dee4                _fini
 .fini          0x000000000800dee8        0x8 c:/st/stm32cubeide_1.7.0/stm32cubeide/plugins/com.st.stm32cube.ide.mcu.externaltools.gnu-tools-for-stm32.10.3-2021.10.win32_1.0.0.202111181127/tools/bin/../lib/gcc/arm-none-eabi/10.3.1/thumb/v7e-m+fp/hard/crtn.o
                0x000000000800def0                . = ALIGN (0x4)
                0x000000000800def0                _etext = .

.vfp11_veneer   0x000000000800def0        0x0
 .vfp11_veneer  0x000000000800def0        0x0 linker stubs

.v4_bx          0x000000000800def0        0x0
 .v4_bx         0x000000000800def0        0x0 linker stubs

.iplt           0x000000000800def0        0x0
 .iplt          0x000000000800def0        0x0 c:/st/stm32cubeide_1.7.0/stm32cubeide/plugins/com.st.stm32cube.ide.mcu.externaltools.gnu-tools-for-stm32.10.3-2021.10.win32_1.0.0.202111181127/tools/bin/../lib/gcc/arm-none-eabi/10.3.1/thumb/v7e-m+fp/hard/crtbegin.o

.rodata         0x000000000800def0       0x90
                0x000000000800def0                . = ALIGN (0x4)
 *(.rodata)
 .rodata        0x000000000800def0       0x46 ./USB_DEVICE/App/usbd_desc.o
 *(.rodata*)
 *fill*         0x000000000800df36        0x2 
 .rodata.AHBPrescTable
                0x000000000800df38       0x10 ./Core/Src/system_stm32l4xx.o
                0x000000000800df38                AHBPrescTable
 .rodata.APBPrescTable
                0x000000000800df48        0x8 ./Core/Src/system_stm32l4xx.o
                0x000000000800df48                APBPrescTable
 .rodata.MSIRangeTable
                0x000000000800df50       0x30 ./Core/Src/system_stm32l4xx.o
                0x000000000800df50                MSIRangeTable
                0x000000000800df80                . = ALIGN (0x4)

.ARM.extab      0x000000000800df80        0x0
                0x000000000800df80                . = ALIGN (0x4)
 *(.ARM.extab* .gnu.linkonce.armextab.*)
                0x000000000800df80                . = ALIGN (0x4)

.ARM            0x000000000800df80        0x8
                0x000000000800df80                . = ALIGN (0x4)
                0x000000000800df80                __exidx_start = .
 *(.ARM.exidx*)
 .ARM.exidx     0x000000000800df80        0x8 c:/st/stm32cubeide_1.7.0/stm32cubeide/plugins/com.st.stm32cube.ide.mcu.externaltools.gnu-tools-for-stm32.10.3-2021.10.win32_1.0.0.202111181127/tools/bin/../lib/gcc/arm-none-eabi/10.3.1/thumb/v7e-m+fp/hard\libgcc.a(_udivmoddi4.o)
                0x000000000800df88                __exidx_end = .
                0x000000000800df88                . = ALIGN (0x4)

.rel.dyn        0x000000000800df88        0x0
 .rel.iplt      0x000000000800df88        0x0 c:/st/stm32cubeide_1.7.0/stm32cubeide/plugins/com.st.stm32cube.ide.mcu.externaltools.gnu-tools-for-stm32.10.3-2021.10.win32_1.0.0.202111181127/tools/bin/../lib/gcc/arm-none-eabi/10.3.1/thumb/v7e-m+fp/hard/crtbegin.o

.preinit_array  0x000000000800df88        0x0
                0x000000000800df88                . = ALIGN (0x4)
                0x000000000800df88                PROVIDE (__preinit_array_start = .)
 *(.preinit_array*)
                0x000000000800df88                PROVIDE (__preinit_array_end = .)
                0x000000000800df88                . = ALIGN (0x4)

.init_array     0x000000000800df88        0x4
                0x000000000800df88                . = ALIGN (0x4)
                0x000000000800df88                PROVIDE (__init_array_start = .)
 *(SORT_BY_NAME(.init_array.*))
 *(.init_array*)
 .init_array    0x000000000800df88        0x4 c:/st/stm32cubeide_1.7.0/stm32cubeide/plugins/com.st.stm32cube.ide.mcu.externaltools.gnu-tools-for-stm32.10.3-2021.10.win32_1.0.0.202111181127/tools/bin/../lib/gcc/arm-none-eabi/10.3.1/thumb/v7e-m+fp/hard/crtbegin.o
                0x000000000800df8c                PROVIDE (__init_array_end = .)
                0x000000000800df8c                . = ALIGN (0x4)

.fini_array     0x000000000800df8c        0x4
                0x000000000800df8c                . = ALIGN (0x4)
                [!provide]                        PROVIDE (__fini_array_start = .)
 *(SORT_BY_NAME(.fini_array.*))
 *(.fini_array*)
 .fini_array    0x000000000800df8c        0x4 c:/st/stm32cubeide_1.7.0/stm32cubeide/plugins/com.st.stm32cube.ide.mcu.externaltools.gnu-tools-for-stm32.10.3-2021.10.win32_1.0.0.202111181127/tools/bin/../lib/gcc/arm-none-eabi/10.3.1/thumb/v7e-m+fp/hard/crtbegin.o
                [!provide]                        PROVIDE (__fini_array_end = .)
                0x000000000800df90                . = ALIGN (0x4)
                0x000000000800df90                _sidata = LOADADDR (.data)

.data           0x0000000020000000      0x204 load address 0x000000000800df90
                0x0000000020000000                . = ALIGN (0x4)
                0x0000000020000000                _sdata = .
 *(.data)
 *(.data*)
 .data.SystemCoreClock
                0x0000000020000000        0x4 ./Core/Src/system_stm32l4xx.o
                0x0000000020000000                SystemCoreClock
 .data.uwTickPrio
                0x0000000020000004        0x4 ./Drivers/STM32L4xx_HAL_Driver/Src/stm32l4xx_hal.o
                0x0000000020000004                uwTickPrio
 .data.uwTickFreq
                0x0000000020000008        0x1 ./Drivers/STM32L4xx_HAL_Driver/Src/stm32l4xx_hal.o
                0x0000000020000008                uwTickFreq
 *fill*         0x0000000020000009        0x3 
 .data.pFlash   0x000000002000000c       0x20 ./Drivers/STM32L4xx_HAL_Driver/Src/stm32l4xx_hal_flash.o
                0x000000002000000c                pFlash
 .data.USBD_CDC_DeviceQualifierDesc
                0x000000002000002c        0xa ./Middlewares/ST/STM32_USB_Device_Library/Class/CDC/Src/usbd_cdc.o
 *fill*         0x0000000020000036        0x2 
 .data.USBD_CDC
                0x0000000020000038       0x38 ./Middlewares/ST/STM32_USB_Device_Library/Class/CDC/Src/usbd_cdc.o
                0x0000000020000038                USBD_CDC
 .data.USBD_CDC_CfgHSDesc
                0x0000000020000070       0x43 ./Middlewares/ST/STM32_USB_Device_Library/Class/CDC/Src/usbd_cdc.o
 *fill*         0x00000000200000b3        0x1 
 .data.USBD_CDC_CfgFSDesc
                0x00000000200000b4       0x43 ./Middlewares/ST/STM32_USB_Device_Library/Class/CDC/Src/usbd_cdc.o
 *fill*         0x00000000200000f7        0x1 
 .data.USBD_CDC_OtherSpeedCfgDesc
                0x00000000200000f8       0x43 ./Middlewares/ST/STM32_USB_Device_Library/Class/CDC/Src/usbd_cdc.o
 *fill*         0x000000002000013b        0x1 
 .data.USBD_Interface_fops_FS
                0x000000002000013c       0x14 ./USB_DEVICE/App/usbd_cdc_if.o
                0x000000002000013c                USBD_Interface_fops_FS
 .data.FS_Desc  0x0000000020000150       0x1c ./USB_DEVICE/App/usbd_desc.o
                0x0000000020000150                FS_Desc
 .data.USBD_FS_DeviceDesc
                0x000000002000016c       0x12 ./USB_DEVICE/App/usbd_desc.o
                0x000000002000016c                USBD_FS_DeviceDesc
 *fill*         0x000000002000017e        0x2 
 .data.USBD_LangIDDesc
                0x0000000020000180        0x4 ./USB_DEVICE/App/usbd_desc.o
                0x0000000020000180                USBD_LangIDDesc
 .data.USBD_StringSerial
                0x0000000020000184       0x1a ./USB_DEVICE/App/usbd_desc.o
                0x0000000020000184                USBD_StringSerial
 *fill*         0x000000002000019e        0x2 
 .data._impure_ptr
                0x00000000200001a0        0x4 c:/st/stm32cubeide_1.7.0/stm32cubeide/plugins/com.st.stm32cube.ide.mcu.externaltools.gnu-tools-for-stm32.10.3-2021.10.win32_1.0.0.202111181127/tools/bin/../lib/gcc/arm-none-eabi/10.3.1/../../../../arm-none-eabi/lib/thumb/v7e-m+fp/hard\libc_nano.a(lib_a-impure.o)
                0x00000000200001a0                _impure_ptr
 .data.impure_data
                0x00000000200001a4       0x60 c:/st/stm32cubeide_1.7.0/stm32cubeide/plugins/com.st.stm32cube.ide.mcu.externaltools.gnu-tools-for-stm32.10.3-2021.10.win32_1.0.0.202111181127/tools/bin/../lib/gcc/arm-none-eabi/10.3.1/../../../../arm-none-eabi/lib/thumb/v7e-m+fp/hard\libc_nano.a(lib_a-impure.o)
 *(.RamFunc)
 *(.RamFunc*)
                0x0000000020000204                . = ALIGN (0x4)
                0x0000000020000204                _edata = .

.igot.plt       0x0000000020000204        0x0 load address 0x000000000800e194
 .igot.plt      0x0000000020000204        0x0 c:/st/stm32cubeide_1.7.0/stm32cubeide/plugins/com.st.stm32cube.ide.mcu.externaltools.gnu-tools-for-stm32.10.3-2021.10.win32_1.0.0.202111181127/tools/bin/../lib/gcc/arm-none-eabi/10.3.1/thumb/v7e-m+fp/hard/crtbegin.o
                0x0000000020000204                . = ALIGN (0x4)

.bss            0x0000000020000204     0x1dec load address 0x000000000800e194
                0x0000000020000204                _sbss = .
                0x0000000020000204                __bss_start__ = _sbss
 *(.bss)
 .bss           0x0000000020000204       0x1c c:/st/stm32cubeide_1.7.0/stm32cubeide/plugins/com.st.stm32cube.ide.mcu.externaltools.gnu-tools-for-stm32.10.3-2021.10.win32_1.0.0.202111181127/tools/bin/../lib/gcc/arm-none-eabi/10.3.1/thumb/v7e-m+fp/hard/crtbegin.o
 *(.bss*)
 .bss.usb_rx_buf
                0x0000000020000220       0x40 ./Core/Src/bootloader.o
                0x0000000020000220                usb_rx_buf
 .bss.uart_rx_buf
                0x0000000020000260       0x40 ./Core/Src/bootloader.o
                0x0000000020000260                uart_rx_buf
 .bss.is_fpga_conf
                0x00000000200002a0        0x1 ./Core/Src/cl10.o
                0x00000000200002a0                is_fpga_conf
 *fill*         0x00000000200002a1        0x3 
 .bss.hcrc      0x00000000200002a4       0x24 ./Core/Src/main.o
                0x00000000200002a4                hcrc
 .bss.hspi2     0x00000000200002c8       0x64 ./Core/Src/main.o
                0x00000000200002c8                hspi2
 .bss.huart4    0x000000002000032c       0x84 ./Core/Src/main.o
                0x000000002000032c                huart4
 .bss.huart1    0x00000000200003b0       0x84 ./Core/Src/main.o
                0x00000000200003b0                huart1
 .bss.huart2    0x0000000020000434       0x84 ./Core/Src/main.o
                0x0000000020000434                huart2
 .bss.hdma_uart4_rx
                0x00000000200004b8       0x48 ./Core/Src/main.o
                0x00000000200004b8                hdma_uart4_rx
 .bss.hdma_usart1_rx
                0x0000000020000500       0x48 ./Core/Src/main.o
                0x0000000020000500                hdma_usart1_rx
 .bss.is_stm    0x0000000020000548        0x1 ./Core/Src/main.o
                0x0000000020000548                is_stm
 .bss.is_fpga   0x0000000020000549        0x1 ./Core/Src/main.o
                0x0000000020000549                is_fpga
 .bss.is_esp    0x000000002000054a        0x1 ./Core/Src/main.o
                0x000000002000054a                is_esp
 .bss.is_app_err
                0x000000002000054b        0x1 ./Core/Src/main.o
                0x000000002000054b                is_app_err
 .bss.__sbrk_heap_end
                0x000000002000054c        0x4 ./Core/Src/sysmem.o
 .bss.__lock___malloc_recursive_mutex
                0x0000000020000550        0x2 ./Core/ThreadSafe/newlib_lock_glue.o
                0x0000000020000550                __lock___malloc_recursive_mutex
 *fill*         0x0000000020000552        0x2 
 .bss.uwTick    0x0000000020000554        0x4 ./Drivers/STM32L4xx_HAL_Driver/Src/stm32l4xx_hal.o
                0x0000000020000554                uwTick
 .bss.cfgidx.0  0x0000000020000558        0x1 ./Middlewares/ST/STM32_USB_Device_Library/Core/Src/usbd_ctlreq.o
 *fill*         0x0000000020000559        0x3 
 .bss.ring_buffer
                0x000000002000055c       0x14 ./USB_DEVICE/App/ring_buffer.o
                0x000000002000055c                ring_buffer
 .bss.mutex     0x0000000020000570        0x2 ./USB_DEVICE/App/ring_buffer.o
                0x0000000020000570                mutex
 *fill*         0x0000000020000572        0x2 
 .bss.hUsbDeviceFS
                0x0000000020000574      0x2d0 ./USB_DEVICE/App/usb_device.o
                0x0000000020000574                hUsbDeviceFS
 .bss.rts       0x0000000020000844        0x1 ./USB_DEVICE/App/usbd_cdc_if.o
                0x0000000020000844                rts
 .bss.dtr       0x0000000020000845        0x1 ./USB_DEVICE/App/usbd_cdc_if.o
                0x0000000020000845                dtr
 .bss.is_reset_enabled
                0x0000000020000846        0x1 ./USB_DEVICE/App/usbd_cdc_if.o
                0x0000000020000846                is_reset_enabled
 .bss.is_reset  0x0000000020000847        0x1 ./USB_DEVICE/App/usbd_cdc_if.o
                0x0000000020000847                is_reset
 .bss.is_console_enabled
                0x0000000020000848        0x1 ./USB_DEVICE/App/usbd_cdc_if.o
                0x0000000020000848                is_console_enabled
 *fill*         0x0000000020000849        0x3 
 .bss.UserRxBufferFS
                0x000000002000084c       0x80 ./USB_DEVICE/App/usbd_cdc_if.o
                0x000000002000084c                UserRxBufferFS
 .bss.UserTxBufferFS
                0x00000000200008cc     0x1000 ./USB_DEVICE/App/usbd_cdc_if.o
                0x00000000200008cc                UserTxBufferFS
 .bss.USBD_StrDesc
                0x00000000200018cc      0x200 ./USB_DEVICE/App/usbd_desc.o
                0x00000000200018cc                USBD_StrDesc
 .bss.hpcd_USB_FS
                0x0000000020001acc      0x2f8 ./USB_DEVICE/Target/usbd_conf.o
                0x0000000020001acc                hpcd_USB_FS
 .bss.mem.0     0x0000000020001dc4      0x220 ./USB_DEVICE/Target/usbd_conf.o
 .bss.__malloc_free_list
                0x0000000020001fe4        0x4 c:/st/stm32cubeide_1.7.0/stm32cubeide/plugins/com.st.stm32cube.ide.mcu.externaltools.gnu-tools-for-stm32.10.3-2021.10.win32_1.0.0.202111181127/tools/bin/../lib/gcc/arm-none-eabi/10.3.1/../../../../arm-none-eabi/lib/thumb/v7e-m+fp/hard\libc_nano.a(lib_a-nano-mallocr.o)
                0x0000000020001fe4                __malloc_free_list
 .bss.__malloc_sbrk_start
                0x0000000020001fe8        0x4 c:/st/stm32cubeide_1.7.0/stm32cubeide/plugins/com.st.stm32cube.ide.mcu.externaltools.gnu-tools-for-stm32.10.3-2021.10.win32_1.0.0.202111181127/tools/bin/../lib/gcc/arm-none-eabi/10.3.1/../../../../arm-none-eabi/lib/thumb/v7e-m+fp/hard\libc_nano.a(lib_a-nano-mallocr.o)
                0x0000000020001fe8                __malloc_sbrk_start
 .bss.errno     0x0000000020001fec        0x4 c:/st/stm32cubeide_1.7.0/stm32cubeide/plugins/com.st.stm32cube.ide.mcu.externaltools.gnu-tools-for-stm32.10.3-2021.10.win32_1.0.0.202111181127/tools/bin/../lib/gcc/arm-none-eabi/10.3.1/../../../../arm-none-eabi/lib/thumb/v7e-m+fp/hard\libc_nano.a(lib_a-reent.o)
                0x0000000020001fec                errno
 *(COMMON)
                0x0000000020001ff0                . = ALIGN (0x4)
                0x0000000020001ff0                _ebss = .
                0x0000000020001ff0                __bss_end__ = _ebss

._user_heap_stack
                0x0000000020001ff0      0x600 load address 0x000000000800e194
                0x0000000020001ff0                . = ALIGN (0x8)
                [!provide]                        PROVIDE (end = .)
                0x0000000020001ff0                PROVIDE (_end = .)
                0x00000000200021f0                . = (. + _Min_Heap_Size)
 *fill*         0x0000000020001ff0      0x200 
                0x00000000200025f0                . = (. + _Min_Stack_Size)
 *fill*         0x00000000200021f0      0x400 
                0x00000000200025f0                . = ALIGN (0x8)

/DISCARD/
 libc.a(*)
 libm.a(*)
 libgcc.a(*)

.ARM.attributes
                0x0000000000000000       0x30
 *(.ARM.attributes)
 .ARM.attributes
                0x0000000000000000       0x1e c:/st/stm32cubeide_1.7.0/stm32cubeide/plugins/com.st.stm32cube.ide.mcu.externaltools.gnu-tools-for-stm32.10.3-2021.10.win32_1.0.0.202111181127/tools/bin/../lib/gcc/arm-none-eabi/10.3.1/thumb/v7e-m+fp/hard/crti.o
 .ARM.attributes
                0x000000000000001e       0x34 c:/st/stm32cubeide_1.7.0/stm32cubeide/plugins/com.st.stm32cube.ide.mcu.externaltools.gnu-tools-for-stm32.10.3-2021.10.win32_1.0.0.202111181127/tools/bin/../lib/gcc/arm-none-eabi/10.3.1/thumb/v7e-m+fp/hard/crtbegin.o
 .ARM.attributes
                0x0000000000000052       0x34 ./Core/Src/bootloader.o
 .ARM.attributes
                0x0000000000000086       0x34 ./Core/Src/cl10.o
 .ARM.attributes
                0x00000000000000ba       0x34 ./Core/Src/esp32c3.o
 .ARM.attributes
                0x00000000000000ee       0x34 ./Core/Src/main.o
 .ARM.attributes
                0x0000000000000122       0x34 ./Core/Src/stm32l4xx_hal_msp.o
 .ARM.attributes
                0x0000000000000156       0x34 ./Core/Src/stm32l4xx_it.o
 .ARM.attributes
                0x000000000000018a       0x34 ./Core/Src/sysmem.o
 .ARM.attributes
                0x00000000000001be       0x34 ./Core/Src/system_stm32l4xx.o
 .ARM.attributes
                0x00000000000001f2       0x21 ./Core/Startup/startup_stm32l452retx.o
 .ARM.attributes
                0x0000000000000213       0x34 ./Core/ThreadSafe/newlib_lock_glue.o
 .ARM.attributes
                0x0000000000000247       0x34 ./Drivers/STM32L4xx_HAL_Driver/Src/stm32l4xx_hal.o
 .ARM.attributes
                0x000000000000027b       0x34 ./Drivers/STM32L4xx_HAL_Driver/Src/stm32l4xx_hal_cortex.o
 .ARM.attributes
                0x00000000000002af       0x34 ./Drivers/STM32L4xx_HAL_Driver/Src/stm32l4xx_hal_crc.o
 .ARM.attributes
                0x00000000000002e3       0x34 ./Drivers/STM32L4xx_HAL_Driver/Src/stm32l4xx_hal_crc_ex.o
 .ARM.attributes
                0x0000000000000317       0x34 ./Drivers/STM32L4xx_HAL_Driver/Src/stm32l4xx_hal_dma.o
 .ARM.attributes
                0x000000000000034b       0x34 ./Drivers/STM32L4xx_HAL_Driver/Src/stm32l4xx_hal_flash.o
 .ARM.attributes
                0x000000000000037f       0x34 ./Drivers/STM32L4xx_HAL_Driver/Src/stm32l4xx_hal_flash_ex.o
 .ARM.attributes
                0x00000000000003b3       0x34 ./Drivers/STM32L4xx_HAL_Driver/Src/stm32l4xx_hal_gpio.o
 .ARM.attributes
                0x00000000000003e7       0x34 ./Drivers/STM32L4xx_HAL_Driver/Src/stm32l4xx_hal_pcd.o
 .ARM.attributes
                0x000000000000041b       0x34 ./Drivers/STM32L4xx_HAL_Driver/Src/stm32l4xx_hal_pcd_ex.o
 .ARM.attributes
                0x000000000000044f       0x34 ./Drivers/STM32L4xx_HAL_Driver/Src/stm32l4xx_hal_pwr_ex.o
 .ARM.attributes
                0x0000000000000483       0x34 ./Drivers/STM32L4xx_HAL_Driver/Src/stm32l4xx_hal_rcc.o
 .ARM.attributes
                0x00000000000004b7       0x34 ./Drivers/STM32L4xx_HAL_Driver/Src/stm32l4xx_hal_rcc_ex.o
 .ARM.attributes
                0x00000000000004eb       0x34 ./Drivers/STM32L4xx_HAL_Driver/Src/stm32l4xx_hal_spi.o
 .ARM.attributes
                0x000000000000051f       0x34 ./Drivers/STM32L4xx_HAL_Driver/Src/stm32l4xx_hal_uart.o
 .ARM.attributes
                0x0000000000000553       0x34 ./Drivers/STM32L4xx_HAL_Driver/Src/stm32l4xx_hal_uart_ex.o
 .ARM.attributes
                0x0000000000000587       0x34 ./Drivers/STM32L4xx_HAL_Driver/Src/stm32l4xx_ll_usb.o
 .ARM.attributes
                0x00000000000005bb       0x34 ./Middlewares/ST/STM32_USB_Device_Library/Class/CDC/Src/usbd_cdc.o
 .ARM.attributes
                0x00000000000005ef       0x34 ./Middlewares/ST/STM32_USB_Device_Library/Core/Src/usbd_core.o
 .ARM.attributes
                0x0000000000000623       0x34 ./Middlewares/ST/STM32_USB_Device_Library/Core/Src/usbd_ctlreq.o
 .ARM.attributes
                0x0000000000000657       0x34 ./Middlewares/ST/STM32_USB_Device_Library/Core/Src/usbd_ioreq.o
 .ARM.attributes
                0x000000000000068b       0x34 ./USB_DEVICE/App/ring_buffer.o
 .ARM.attributes
                0x00000000000006bf       0x34 ./USB_DEVICE/App/usb_device.o
 .ARM.attributes
                0x00000000000006f3       0x34 ./USB_DEVICE/App/usbd_cdc_if.o
 .ARM.attributes
                0x0000000000000727       0x34 ./USB_DEVICE/App/usbd_desc.o
 .ARM.attributes
                0x000000000000075b       0x34 ./USB_DEVICE/Target/usbd_conf.o
 .ARM.attributes
                0x000000000000078f       0x34 c:/st/stm32cubeide_1.7.0/stm32cubeide/plugins/com.st.stm32cube.ide.mcu.externaltools.gnu-tools-for-stm32.10.3-2021.10.win32_1.0.0.202111181127/tools/bin/../lib/gcc/arm-none-eabi/10.3.1/../../../../arm-none-eabi/lib/thumb/v7e-m+fp/hard\libc_nano.a(lib_a-calloc.o)
 .ARM.attributes
                0x00000000000007c3       0x34 c:/st/stm32cubeide_1.7.0/stm32cubeide/plugins/com.st.stm32cube.ide.mcu.externaltools.gnu-tools-for-stm32.10.3-2021.10.win32_1.0.0.202111181127/tools/bin/../lib/gcc/arm-none-eabi/10.3.1/../../../../arm-none-eabi/lib/thumb/v7e-m+fp/hard\libc_nano.a(lib_a-errno.o)
 .ARM.attributes
                0x00000000000007f7       0x34 c:/st/stm32cubeide_1.7.0/stm32cubeide/plugins/com.st.stm32cube.ide.mcu.externaltools.gnu-tools-for-stm32.10.3-2021.10.win32_1.0.0.202111181127/tools/bin/../lib/gcc/arm-none-eabi/10.3.1/../../../../arm-none-eabi/lib/thumb/v7e-m+fp/hard\libc_nano.a(lib_a-impure.o)
 .ARM.attributes
                0x000000000000082b       0x34 c:/st/stm32cubeide_1.7.0/stm32cubeide/plugins/com.st.stm32cube.ide.mcu.externaltools.gnu-tools-for-stm32.10.3-2021.10.win32_1.0.0.202111181127/tools/bin/../lib/gcc/arm-none-eabi/10.3.1/../../../../arm-none-eabi/lib/thumb/v7e-m+fp/hard\libc_nano.a(lib_a-init.o)
 .ARM.attributes
                0x000000000000085f       0x34 c:/st/stm32cubeide_1.7.0/stm32cubeide/plugins/com.st.stm32cube.ide.mcu.externaltools.gnu-tools-for-stm32.10.3-2021.10.win32_1.0.0.202111181127/tools/bin/../lib/gcc/arm-none-eabi/10.3.1/../../../../arm-none-eabi/lib/thumb/v7e-m+fp/hard\libc_nano.a(lib_a-malloc.o)
 .ARM.attributes
                0x0000000000000893       0x34 c:/st/stm32cubeide_1.7.0/stm32cubeide/plugins/com.st.stm32cube.ide.mcu.externaltools.gnu-tools-for-stm32.10.3-2021.10.win32_1.0.0.202111181127/tools/bin/../lib/gcc/arm-none-eabi/10.3.1/../../../../arm-none-eabi/lib/thumb/v7e-m+fp/hard\libc_nano.a(lib_a-memset.o)
 .ARM.attributes
                0x00000000000008c7       0x34 c:/st/stm32cubeide_1.7.0/stm32cubeide/plugins/com.st.stm32cube.ide.mcu.externaltools.gnu-tools-for-stm32.10.3-2021.10.win32_1.0.0.202111181127/tools/bin/../lib/gcc/arm-none-eabi/10.3.1/../../../../arm-none-eabi/lib/thumb/v7e-m+fp/hard\libc_nano.a(lib_a-nano-callocr.o)
 .ARM.attributes
                0x00000000000008fb       0x34 c:/st/stm32cubeide_1.7.0/stm32cubeide/plugins/com.st.stm32cube.ide.mcu.externaltools.gnu-tools-for-stm32.10.3-2021.10.win32_1.0.0.202111181127/tools/bin/../lib/gcc/arm-none-eabi/10.3.1/../../../../arm-none-eabi/lib/thumb/v7e-m+fp/hard\libc_nano.a(lib_a-nano-freer.o)
 .ARM.attributes
                0x000000000000092f       0x34 c:/st/stm32cubeide_1.7.0/stm32cubeide/plugins/com.st.stm32cube.ide.mcu.externaltools.gnu-tools-for-stm32.10.3-2021.10.win32_1.0.0.202111181127/tools/bin/../lib/gcc/arm-none-eabi/10.3.1/../../../../arm-none-eabi/lib/thumb/v7e-m+fp/hard\libc_nano.a(lib_a-nano-mallocr.o)
 .ARM.attributes
                0x0000000000000963       0x34 c:/st/stm32cubeide_1.7.0/stm32cubeide/plugins/com.st.stm32cube.ide.mcu.externaltools.gnu-tools-for-stm32.10.3-2021.10.win32_1.0.0.202111181127/tools/bin/../lib/gcc/arm-none-eabi/10.3.1/../../../../arm-none-eabi/lib/thumb/v7e-m+fp/hard\libc_nano.a(lib_a-sbrkr.o)
 .ARM.attributes
                0x0000000000000997       0x34 c:/st/stm32cubeide_1.7.0/stm32cubeide/plugins/com.st.stm32cube.ide.mcu.externaltools.gnu-tools-for-stm32.10.3-2021.10.win32_1.0.0.202111181127/tools/bin/../lib/gcc/arm-none-eabi/10.3.1/../../../../arm-none-eabi/lib/thumb/v7e-m+fp/hard\libc_nano.a(lib_a-mlock.o)
 .ARM.attributes
                0x00000000000009cb       0x34 c:/st/stm32cubeide_1.7.0/stm32cubeide/plugins/com.st.stm32cube.ide.mcu.externaltools.gnu-tools-for-stm32.10.3-2021.10.win32_1.0.0.202111181127/tools/bin/../lib/gcc/arm-none-eabi/10.3.1/../../../../arm-none-eabi/lib/thumb/v7e-m+fp/hard\libc_nano.a(lib_a-reent.o)
 .ARM.attributes
                0x00000000000009ff       0x1e c:/st/stm32cubeide_1.7.0/stm32cubeide/plugins/com.st.stm32cube.ide.mcu.externaltools.gnu-tools-for-stm32.10.3-2021.10.win32_1.0.0.202111181127/tools/bin/../lib/gcc/arm-none-eabi/10.3.1/thumb/v7e-m+fp/hard\libgcc.a(_aeabi_uldivmod.o)
 .ARM.attributes