Archive member included to satisfy reference by file (symbol)

c:/st/stm32cubeide_1.7.0/stm32cubeide/plugins/com.st.stm32cube.ide.mcu.externaltools.gnu-tools-for-stm32.10.3-2021.10.win32_1.0.0.202111181127/tools/bin/../lib/gcc/arm-none-eabi/10.3.1/../../../../arm-none-eabi/lib/thumb/v7e-m+fp/hard\libc_nano.a(lib_a-calloc.o)
                              ./Core/Src/ring_buffer.o (calloc)
c:/st/stm32cubeide_1.7.0/stm32cubeide/plugins/com.st.stm32cube.ide.mcu.externaltools.gnu-tools-for-stm32.10.3-2021.10.win32_1.0.0.202111181127/tools/bin/../lib/gcc/arm-none-eabi/10.3.1/../../../../arm-none-eabi/lib/thumb/v7e-m+fp/hard\libc_nano.a(lib_a-errno.o)
                              ./Core/Src/syscalls.o (__errno)
c:/st/stm32cubeide_1.7.0/stm32cubeide/plugins/com.st.stm32cube.ide.mcu.externaltools.gnu-tools-for-stm32.10.3-2021.10.win32_1.0.0.202111181127/tools/bin/../lib/gcc/arm-none-eabi/10.3.1/../../../../arm-none-eabi/lib/thumb/v7e-m+fp/hard\libc_nano.a(lib_a-exit.o)
                              c:/st/stm32cubeide_1.7.0/stm32cubeide/plugins/com.st.stm32cube.ide.mcu.externaltools.gnu-tools-for-stm32.10.3-2021.10.win32_1.0.0.202111181127/tools/bin/../lib/gcc/arm-none-eabi/10.3.1/../../../../arm-none-eabi/lib/thumb/v7e-m+fp/hard/crt0.o (exit)
c:/st/stm32cubeide_1.7.0/stm32cubeide/plugins/com.st.stm32cube.ide.mcu.externaltools.gnu-tools-for-stm32.10.3-2021.10.win32_1.0.0.202111181127/tools/bin/../lib/gcc/arm-none-eabi/10.3.1/../../../../arm-none-eabi/lib/thumb/v7e-m+fp/hard\libc_nano.a(lib_a-impure.o)
                              c:/st/stm32cubeide_1.7.0/stm32cubeide/plugins/com.st.stm32cube.ide.mcu.externaltools.gnu-tools-for-stm32.10.3-2021.10.win32_1.0.0.202111181127/tools/bin/../lib/gcc/arm-none-eabi/10.3.1/../../../../arm-none-eabi/lib/thumb/v7e-m+fp/hard\libc_nano.a(lib_a-exit.o) (_global_impure_ptr)
c:/st/stm32cubeide_1.7.0/stm32cubeide/plugins/com.st.stm32cube.ide.mcu.externaltools.gnu-tools-for-stm32.10.3-2021.10.win32_1.0.0.202111181127/tools/bin/../lib/gcc/arm-none-eabi/10.3.1/../../../../arm-none-eabi/lib/thumb/v7e-m+fp/hard\libc_nano.a(lib_a-init.o)
                              c:/st/stm32cubeide_1.7.0/stm32cubeide/plugins/com.st.stm32cube.ide.mcu.externaltools.gnu-tools-for-stm32.10.3-2021.10.win32_1.0.0.202111181127/tools/bin/../lib/gcc/arm-none-eabi/10.3.1/../../../../arm-none-eabi/lib/thumb/v7e-m+fp/hard/crt0.o (__libc_init_array)
c:/st/stm32cubeide_1.7.0/stm32cubeide/plugins/com.st.stm32cube.ide.mcu.externaltools.gnu-tools-for-stm32.10.3-2021.10.win32_1.0.0.202111181127/tools/bin/../lib/gcc/arm-none-eabi/10.3.1/../../../../arm-none-eabi/lib/thumb/v7e-m+fp/hard\libc_nano.a(lib_a-malloc.o)
                              ./Core/Src/ring_buffer.o (malloc)
c:/st/stm32cubeide_1.7.0/stm32cubeide/plugins/com.st.stm32cube.ide.mcu.externaltools.gnu-tools-for-stm32.10.3-2021.10.win32_1.0.0.202111181127/tools/bin/../lib/gcc/arm-none-eabi/10.3.1/../../../../arm-none-eabi/lib/thumb/v7e-m+fp/hard\libc_nano.a(lib_a-memset.o)
                              c:/st/stm32cubeide_1.7.0/stm32cubeide/plugins/com.st.stm32cube.ide.mcu.externaltools.gnu-tools-for-stm32.10.3-2021.10.win32_1.0.0.202111181127/tools/bin/../lib/gcc/arm-none-eabi/10.3.1/../../../../arm-none-eabi/lib/thumb/v7e-m+fp/hard/crt0.o (memset)
c:/st/stm32cubeide_1.7.0/stm32cubeide/plugins/com.st.stm32cube.ide.mcu.externaltools.gnu-tools-for-stm32.10.3-2021.10.win32_1.0.0.202111181127/tools/bin/../lib/gcc/arm-none-eabi/10.3.1/../../../../arm-none-eabi/lib/thumb/v7e-m+fp/hard\libc_nano.a(lib_a-nano-callocr.o)
                              c:/st/stm32cubeide_1.7.0/stm32cubeide/plugins/com.st.stm32cube.ide.mcu.externaltools.gnu-tools-for-stm32.10.3-2021.10.win32_1.0.0.202111181127/tools/bin/../lib/gcc/arm-none-eabi/10.3.1/../../../../arm-none-eabi/lib/thumb/v7e-m+fp/hard\libc_nano.a(lib_a-calloc.o) (_calloc_r)
c:/st/stm32cubeide_1.7.0/stm32cubeide/plugins/com.st.stm32cube.ide.mcu.externaltools.gnu-tools-for-stm32.10.3-2021.10.win32_1.0.0.202111181127/tools/bin/../lib/gcc/arm-none-eabi/10.3.1/../../../../arm-none-eabi/lib/thumb/v7e-m+fp/hard\libc_nano.a(lib_a-nano-freer.o)
                              c:/st/stm32cubeide_1.7.0/stm32cubeide/plugins/com.st.stm32cube.ide.mcu.externaltools.gnu-tools-for-stm32.10.3-2021.10.win32_1.0.0.202111181127/tools/bin/../lib/gcc/arm-none-eabi/10.3.1/../../../../arm-none-eabi/lib/thumb/v7e-m+fp/hard\libc_nano.a(lib_a-malloc.o) (_free_r)
c:/st/stm32cubeide_1.7.0/stm32cubeide/plugins/com.st.stm32cube.ide.mcu.externaltools.gnu-tools-for-stm32.10.3-2021.10.win32_1.0.0.202111181127/tools/bin/../lib/gcc/arm-none-eabi/10.3.1/../../../../arm-none-eabi/lib/thumb/v7e-m+fp/hard\libc_nano.a(lib_a-nano-mallocr.o)
                              c:/st/stm32cubeide_1.7.0/stm32cubeide/plugins/com.st.stm32cube.ide.mcu.externaltools.gnu-tools-for-stm32.10.3-2021.10.win32_1.0.0.202111181127/tools/bin/../lib/gcc/arm-none-eabi/10.3.1/../../../../arm-none-eabi/lib/thumb/v7e-m+fp/hard\libc_nano.a(lib_a-malloc.o) (_malloc_r)
[...]
Memory Configuration

Name             Origin             Length             Attributes
RAM              0x0000000020000000 0x0000000000028000 xrw
RAM2             0x0000000010000000 0x0000000000008000 xrw
FLASH            0x0000000008000000 0x0000000000010000 xr
*default*        0x0000000000000000 0xffffffffffffffff

Linker script and memory map

LOAD c:/st/stm32cubeide_1.7.0/stm32cubeide/plugins/com.st.stm32cube.ide.mcu.externaltools.gnu-tools-for-stm32.10.3-2021.10.win32_1.0.0.202111181127/tools/bin/../lib/gcc/arm-none-eabi/10.3.1/thumb/v7e-m+fp/hard/crti.o
LOAD c:/st/stm32cubeide_1.7.0/stm32cubeide/plugins/com.st.stm32cube.ide.mcu.externaltools.gnu-tools-for-stm32.10.3-2021.10.win32_1.0.0.202111181127/tools/bin/../lib/gcc/arm-none-eabi/10.3.1/thumb/v7e-m+fp/hard/crtbegin.o
LOAD c:/st/stm32cubeide_1.7.0/stm32cubeide/plugins/com.st.stm32cube.ide.mcu.externaltools.gnu-tools-for-stm32.10.3-2021.10.win32_1.0.0.202111181127/tools/bin/../lib/gcc/arm-none-eabi/10.3.1/../../../../arm-none-eabi/lib/thumb/v7e-m+fp/hard/crt0.o
LOAD ./Core/Src/bootloader.o
LOAD ./Core/Src/main.o
LOAD ./Core/Src/ring_buffer.o
LOAD ./Core/Src/stm32l4xx_hal_msp.o
LOAD ./Core/Src/stm32l4xx_it.o
LOAD ./Core/Src/syscalls.o
LOAD ./Core/Src/sysmem.o
LOAD ./Core/Src/system_stm32l4xx.o
LOAD ./Core/Startup/startup_stm32l452retx.o
LOAD ./Drivers/STM32L4xx_HAL_Driver/Src/stm32l4xx_hal.o
LOAD ./Drivers/STM32L4xx_HAL_Driver/Src/stm32l4xx_hal_cortex.o
LOAD ./Drivers/STM32L4xx_HAL_Driver/Src/stm32l4xx_hal_crc.o
LOAD ./Drivers/STM32L4xx_HAL_Driver/Src/stm32l4xx_hal_crc_ex.o
LOAD ./Drivers/STM32L4xx_HAL_Driver/Src/stm32l4xx_hal_dma.o
LOAD ./Drivers/STM32L4xx_HAL_Driver/Src/stm32l4xx_hal_dma_ex.o
LOAD ./Drivers/STM32L4xx_HAL_Driver/Src/stm32l4xx_hal_exti.o
LOAD ./Drivers/STM32L4xx_HAL_Driver/Src/stm32l4xx_hal_flash.o
LOAD ./Drivers/STM32L4xx_HAL_Driver/Src/stm32l4xx_hal_flash_ex.o
LOAD ./Drivers/STM32L4xx_HAL_Driver/Src/stm32l4xx_hal_flash_ramfunc.o
LOAD ./Drivers/STM32L4xx_HAL_Driver/Src/stm32l4xx_hal_gpio.o
LOAD ./Drivers/STM32L4xx_HAL_Driver/Src/stm32l4xx_hal_i2c.o
LOAD ./Drivers/STM32L4xx_HAL_Driver/Src/stm32l4xx_hal_i2c_ex.o
LOAD ./Drivers/STM32L4xx_HAL_Driver/Src/stm32l4xx_hal_pcd.o
LOAD ./Drivers/STM32L4xx_HAL_Driver/Src/stm32l4xx_hal_pcd_ex.o
LOAD ./Drivers/STM32L4xx_HAL_Driver/Src/stm32l4xx_hal_pwr.o
LOAD ./Drivers/STM32L4xx_HAL_Driver/Src/stm32l4xx_hal_pwr_ex.o
LOAD ./Drivers/STM32L4xx_HAL_Driver/Src/stm32l4xx_hal_rcc.o
LOAD ./Drivers/STM32L4xx_HAL_Driver/Src/stm32l4xx_hal_rcc_ex.o
LOAD ./Drivers/STM32L4xx_HAL_Driver/Src/stm32l4xx_hal_spi.o
LOAD ./Drivers/STM32L4xx_HAL_Driver/Src/stm32l4xx_hal_spi_ex.o
LOAD ./Drivers/STM32L4xx_HAL_Driver/Src/stm32l4xx_hal_tim.o
LOAD ./Drivers/STM32L4xx_HAL_Driver/Src/stm32l4xx_hal_tim_ex.o
LOAD ./Drivers/STM32L4xx_HAL_Driver/Src/stm32l4xx_hal_uart.o
LOAD ./Drivers/STM32L4xx_HAL_Driver/Src/stm32l4xx_hal_uart_ex.o
LOAD ./Drivers/STM32L4xx_HAL_Driver/Src/stm32l4xx_ll_usb.o
LOAD ./Middlewares/ST/STM32_USB_Device_Library/Class/CDC/Src/usbd_cdc.o
LOAD ./Middlewares/ST/STM32_USB_Device_Library/Core/Src/usbd_core.o
LOAD ./Middlewares/ST/STM32_USB_Device_Library/Core/Src/usbd_ctlreq.o
LOAD ./Middlewares/ST/STM32_USB_Device_Library/Core/Src/usbd_ioreq.o
LOAD ./USB_DEVICE/App/usb_device.o
LOAD ./USB_DEVICE/App/usbd_cdc_if.o
LOAD ./USB_DEVICE/App/usbd_desc.o
LOAD ./USB_DEVICE/Target/usbd_conf.o
START GROUP
LOAD c:/st/stm32cubeide_1.7.0/stm32cubeide/plugins/com.st.stm32cube.ide.mcu.externaltools.gnu-tools-for-stm32.10.3-2021.10.win32_1.0.0.202111181127/tools/bin/../lib/gcc/arm-none-eabi/10.3.1/../../../../arm-none-eabi/lib/thumb/v7e-m+fp/hard\libc_nano.a
LOAD c:/st/stm32cubeide_1.7.0/stm32cubeide/plugins/com.st.stm32cube.ide.mcu.externaltools.gnu-tools-for-stm32.10.3-2021.10.win32_1.0.0.202111181127/tools/bin/../lib/gcc/arm-none-eabi/10.3.1/../../../../arm-none-eabi/lib/thumb/v7e-m+fp/hard\libm.a
END GROUP
START GROUP
LOAD c:/st/stm32cubeide_1.7.0/stm32cubeide/plugins/com.st.stm32cube.ide.mcu.externaltools.gnu-tools-for-stm32.10.3-2021.10.win32_1.0.0.202111181127/tools/bin/../lib/gcc/arm-none-eabi/10.3.1/thumb/v7e-m+fp/hard\libgcc.a
LOAD c:/st/stm32cubeide_1.7.0/stm32cubeide/plugins/com.st.stm32cube.ide.mcu.externaltools.gnu-tools-for-stm32.10.3-2021.10.win32_1.0.0.202111181127/tools/bin/../lib/gcc/arm-none-eabi/10.3.1/../../../../arm-none-eabi/lib/thumb/v7e-m+fp/hard\libc_nano.a
END GROUP
START GROUP
LOAD c:/st/stm32cubeide_1.7.0/stm32cubeide/plugins/com.st.stm32cube.ide.mcu.externaltools.gnu-tools-for-stm32.10.3-2021.10.win32_1.0.0.202111181127/tools/bin/../lib/gcc/arm-none-eabi/10.3.1/thumb/v7e-m+fp/hard\libgcc.a
LOAD c:/st/stm32cubeide_1.7.0/stm32cubeide/plugins/com.st.stm32cube.ide.mcu.externaltools.gnu-tools-for-stm32.10.3-2021.10.win32_1.0.0.202111181127/tools/bin/../lib/gcc/arm-none-eabi/10.3.1/../../../../arm-none-eabi/lib/thumb/v7e-m+fp/hard\libc_nano.a
LOAD c:/st/stm32cubeide_1.7.0/stm32cubeide/plugins/com.st.stm32cube.ide.mcu.externaltools.gnu-tools-for-stm32.10.3-2021.10.win32_1.0.0.202111181127/tools/bin/../lib/gcc/arm-none-eabi/10.3.1/../../../../arm-none-eabi/lib/thumb/v7e-m+fp/hard\libnosys.a
END GROUP
START GROUP
LOAD c:/st/stm32cubeide_1.7.0/stm32cubeide/plugins/com.st.stm32cube.ide.mcu.externaltools.gnu-tools-for-stm32.10.3-2021.10.win32_1.0.0.202111181127/tools/bin/../lib/gcc/arm-none-eabi/10.3.1/thumb/v7e-m+fp/hard\libgcc.a
LOAD c:/st/stm32cubeide_1.7.0/stm32cubeide/plugins/com.st.stm32cube.ide.mcu.externaltools.gnu-tools-for-stm32.10.3-2021.10.win32_1.0.0.202111181127/tools/bin/../lib/gcc/arm-none-eabi/10.3.1/../../../../arm-none-eabi/lib/thumb/v7e-m+fp/hard\libc_nano.a
LOAD c:/st/stm32cubeide_1.7.0/stm32cubeide/plugins/com.st.stm32cube.ide.mcu.externaltools.gnu-tools-for-stm32.10.3-2021.10.win32_1.0.0.202111181127/tools/bin/../lib/gcc/arm-none-eabi/10.3.1/../../../../arm-none-eabi/lib/thumb/v7e-m+fp/hard\libnosys.a
END GROUP
LOAD c:/st/stm32cubeide_1.7.0/stm32cubeide/plugins/com.st.stm32cube.ide.mcu.externaltools.gnu-tools-for-stm32.10.3-2021.10.win32_1.0.0.202111181127/tools/bin/../lib/gcc/arm-none-eabi/10.3.1/thumb/v7e-m+fp/hard/crtend.o
LOAD c:/st/stm32cubeide_1.7.0/stm32cubeide/plugins/com.st.stm32cube.ide.mcu.externaltools.gnu-tools-for-stm32.10.3-2021.10.win32_1.0.0.202111181127/tools/bin/../lib/gcc/arm-none-eabi/10.3.1/thumb/v7e-m+fp/hard/crtn.o
                0x0000000020028000                _estack = (ORIGIN (RAM) + LENGTH (RAM))
                0x0000000000000200                _Min_Heap_Size = 0x200
                0x0000000000000400                _Min_Stack_Size = 0x400

.isr_vector     0x0000000008000000      0x194
                0x0000000008000000                . = ALIGN (0x4)
 *(.isr_vector)
 .isr_vector    0x0000000008000000      0x194 ./Core/Startup/startup_stm32l452retx.o
                0x0000000008000000                g_pfnVectors
                0x0000000008000194                . = ALIGN (0x4)

.text           0x0000000008000194     0xd778
                0x0000000008000194                . = ALIGN (0x4)
 *(.text)
 .text          0x0000000008000194       0x40 c:/st/stm32cubeide_1.7.0/stm32cubeide/plugins/com.st.stm32cube.ide.mcu.externaltools.gnu-tools-for-stm32.10.3-2021.10.win32_1.0.0.202111181127/tools/bin/../lib/gcc/arm-none-eabi/10.3.1/thumb/v7e-m+fp/hard/crtbegin.o
 .text          0x00000000080001d4       0x30 c:/st/stm32cubeide_1.7.0/stm32cubeide/plugins/com.st.stm32cube.ide.mcu.externaltools.gnu-tools-for-stm32.10.3-2021.10.win32_1.0.0.202111181127/tools/bin/../lib/gcc/arm-none-eabi/10.3.1/thumb/v7e-m+fp/hard\libgcc.a(_aeabi_uldivmod.o)
                0x00000000080001d4                __aeabi_uldivmod
 .text          0x0000000008000204      0x2d0 c:/st/stm32cubeide_1.7.0/stm32cubeide/plugins/com.st.stm32cube.ide.mcu.externaltools.gnu-tools-for-stm32.10.3-2021.10.win32_1.0.0.202111181127/tools/bin/../lib/gcc/arm-none-eabi/10.3.1/thumb/v7e-m+fp/hard\libgcc.a(_udivmoddi4.o)
                0x0000000008000204                __udivmoddi4
 .text          0x00000000080004d4        0x4 c:/st/stm32cubeide_1.7.0/stm32cubeide/plugins/com.st.stm32cube.ide.mcu.externaltools.gnu-tools-for-stm32.10.3-2021.10.win32_1.0.0.202111181127/tools/bin/../lib/gcc/arm-none-eabi/10.3.1/thumb/v7e-m+fp/hard\libgcc.a(_dvmd_tls.o)
                0x00000000080004d4                __aeabi_idiv0
                0x00000000080004d4                __aeabi_ldiv0
 *(.text*)
 .text.reset    0x00000000080004d8       0x60 ./Core/Src/bootloader.o
                0x00000000080004d8                reset
 .text.bootloader_init
                0x0000000008000538       0xa4 ./Core/Src/bootloader.o
                0x0000000008000538                bootloader_init
 .text.command_handler
                0x00000000080005dc       0x7c ./Core/Src/bootloader.o
                0x00000000080005dc                command_handler
 .text.jump_to_user_application
                0x0000000008000658       0x4c ./Core/Src/bootloader.o
                0x0000000008000658                jump_to_user_application
 .text.flash_stm_program
                0x00000000080006a4      0x3c8 ./Core/Src/bootloader.o
 .text.usb_cmd_timeout
                0x0000000008000a6c       0x38 ./Core/Src/bootloader.o
                0x0000000008000a6c                usb_cmd_timeout
 .text.send_reply
                0x0000000008000aa4       0x24 ./Core/Src/bootloader.o
                0x0000000008000aa4                send_reply
 .text.calculate_crc
                0x0000000008000ac8       0x54 ./Core/Src/bootloader.o
 .text.HAL_UARTEx_RxEventCallback
                0x0000000008000b1c       0xa0 ./Core/Src/bootloader.o
                0x0000000008000b1c                HAL_UARTEx_RxEventCallback
 .text.flash_esp_program
                0x0000000008000bbc       0xe0 ./Core/Src/bootloader.o
 .text.conf_ps_fpga
                0x0000000008000c9c      0x1b8 ./Core/Src/bootloader.o
 .text.fpga_usb_to_uart
                0x0000000008000e54       0x68 ./Core/Src/bootloader.o
 .text.main     0x0000000008000ebc       0x8c ./Core/Src/main.o
                0x0000000008000ebc                main
 .text.SystemClock_Config
                0x0000000008000f48       0xa6 ./Core/Src/main.o
                0x0000000008000f48                SystemClock_Config
 *fill*         0x0000000008000fee        0x2 
 .text.MX_CRC_Init
                0x0000000008000ff0       0x44 ./Core/Src/main.o
 .text.MX_SPI2_Init
                0x0000000008001034       0x7c ./Core/Src/main.o
 .text.MX_UART4_Init
                0x00000000080010b0       0x60 ./Core/Src/main.o
 .text.MX_USART1_UART_Init
                0x0000000008001110       0x60 ./Core/Src/main.o
 .text.MX_USART2_UART_Init
                0x0000000008001170       0x60 ./Core/Src/main.o
 .text.MX_DMA_Init
                0x00000000080011d0       0x64 ./Core/Src/main.o
 .text.MX_GPIO_Init
                0x0000000008001234      0x1f0 ./Core/Src/main.o
 .text.deInitializer
                0x0000000008001424       0x74 ./Core/Src/main.o
                0x0000000008001424                deInitializer
 .text.Error_Handler
                0x0000000008001498       0x20 ./Core/Src/main.o
                0x0000000008001498                Error_Handler
 .text.ring_buffer_init
                0x00000000080014b8       0x64 ./Core/Src/ring_buffer.o
                0x00000000080014b8                ring_buffer_init
 .text.ring_buffer_available_bytes
                0x000000000800151c       0x9c ./Core/Src/ring_buffer.o
                0x000000000800151c                ring_buffer_available_bytes
 .text.ring_buffer_write
                0x00000000080015b8      0x100 ./Core/Src/ring_buffer.o
                0x00000000080015b8                ring_buffer_write
 .text.ring_buffer_read
                0x00000000080016b8      0x10c ./Core/Src/ring_buffer.o
                0x00000000080016b8                ring_buffer_read
 .text.ring_buffer_deinit
                0x00000000080017c4       0x50 ./Core/Src/ring_buffer.o
                0x00000000080017c4                ring_buffer_deinit
 .text.HAL_MspInit
                0x0000000008001814       0x48 ./Core/Src/stm32l4xx_hal_msp.o
                0x0000000008001814                HAL_MspInit
 .text.HAL_CRC_MspInit
                0x000000000800185c       0x40 ./Core/Src/stm32l4xx_hal_msp.o
                0x000000000800185c                HAL_CRC_MspInit
 .text.HAL_CRC_MspDeInit
                0x000000000800189c       0x34 ./Core/Src/stm32l4xx_hal_msp.o
                0x000000000800189c                HAL_CRC_MspDeInit
 .text.HAL_SPI_MspInit
                0x00000000080018d0       0xc4 ./Core/Src/stm32l4xx_hal_msp.o
                0x00000000080018d0                HAL_SPI_MspInit
 .text.HAL_SPI_MspDeInit
                0x0000000008001994       0x48 ./Core/Src/stm32l4xx_hal_msp.o
                0x0000000008001994                HAL_SPI_MspDeInit
 .text.HAL_UART_MspInit
                0x00000000080019dc      0x2e8 ./Core/Src/stm32l4xx_hal_msp.o
                0x00000000080019dc                HAL_UART_MspInit
 .text.HAL_UART_MspDeInit
                0x0000000008001cc4       0xb4 ./Core/Src/stm32l4xx_hal_msp.o
                0x0000000008001cc4                HAL_UART_MspDeInit
 .text.NMI_Handler
                0x0000000008001d78        0x6 ./Core/Src/stm32l4xx_it.o
                0x0000000008001d78                NMI_Handler
 *fill*         0x0000000008001d7e        0x2 
 .text.HardFault_Handler
                0x0000000008001d80       0x1c ./Core/Src/stm32l4xx_it.o
                0x0000000008001d80                HardFault_Handler
 .text.MemManage_Handler
                0x0000000008001d9c        0x6 ./Core/Src/stm32l4xx_it.o
                0x0000000008001d9c                MemManage_Handler
 .text.BusFault_Handler
                0x0000000008001da2        0x6 ./Core/Src/stm32l4xx_it.o
                0x0000000008001da2                BusFault_Handler
 .text.UsageFault_Handler
                0x0000000008001da8        0x6 ./Core/Src/stm32l4xx_it.o
                0x0000000008001da8                UsageFault_Handler
 .text.SVC_Handler
                0x0000000008001dae        0xe ./Core/Src/stm32l4xx_it.o
                0x0000000008001dae                SVC_Handler
 .text.DebugMon_Handler
                0x0000000008001dbc        0xe ./Core/Src/stm32l4xx_it.o
                0x0000000008001dbc                DebugMon_Handler
 .text.PendSV_Handler
                0x0000000008001dca        0xe ./Core/Src/stm32l4xx_it.o
                0x0000000008001dca                PendSV_Handler
 .text.SysTick_Handler
                0x0000000008001dd8        0xc ./Core/Src/stm32l4xx_it.o
                0x0000000008001dd8                SysTick_Handler
 .text.DMA1_Channel5_IRQHandler
                0x0000000008001de4       0x14 ./Core/Src/stm32l4xx_it.o
                0x0000000008001de4                DMA1_Channel5_IRQHandler
 .text.USART1_IRQHandler
                0x0000000008001df8       0x14 ./Core/Src/stm32l4xx_it.o
                0x0000000008001df8                USART1_IRQHandler
 .text.UART4_IRQHandler
                0x0000000008001e0c       0x14 ./Core/Src/stm32l4xx_it.o
                0x0000000008001e0c                UART4_IRQHandler
 .text.DMA2_Channel5_IRQHandler
                0x0000000008001e20       0x14 ./Core/Src/stm32l4xx_it.o
                0x0000000008001e20                DMA2_Channel5_IRQHandler
 .text.USB_IRQHandler
                0x0000000008001e34       0x14 ./Core/Src/stm32l4xx_it.o
                0x0000000008001e34                USB_IRQHandler
 .text._sbrk    0x0000000008001e48       0x6c ./Core/Src/sysmem.o
                0x0000000008001e48                _sbrk
 .text.SystemInit
                0x0000000008001eb4       0x24 ./Core/Src/system_stm32l4xx.o
                0x0000000008001eb4                SystemInit
 .text.Boot_Reset_Handler
                0x0000000008001ed8       0x50 ./Core/Startup/startup_stm32l452retx.o
                0x0000000008001ed8                Boot_Reset_Handler
 .text.Default_Handler
                0x0000000008001f28        0x2 ./Core/Startup/startup_stm32l452retx.o
                0x0000000008001f28                RTC_Alarm_IRQHandler
                0x0000000008001f28                EXTI2_IRQHandler
                0x0000000008001f28                TIM1_CC_IRQHandler
                0x0000000008001f28                TSC_IRQHandler
                0x0000000008001f28                TAMP_STAMP_IRQHandler
                0x0000000008001f28                EXTI3_IRQHandler
                0x0000000008001f28                LPTIM2_IRQHandler
                0x0000000008001f28                DFSDM1_FLT1_IRQHandler
                0x0000000008001f28                I2C3_ER_IRQHandler
                0x0000000008001f28                EXTI0_IRQHandler
                0x0000000008001f28                I2C2_EV_IRQHandler
                0x0000000008001f28                CAN1_RX0_IRQHandler
                0x0000000008001f28                FPU_IRQHandler
                0x0000000008001f28                TIM1_UP_TIM16_IRQHandler
                0x0000000008001f28                SPI1_IRQHandler
                0x0000000008001f28                TIM6_DAC_IRQHandler
                0x0000000008001f28                DMA2_Channel2_IRQHandler
                0x0000000008001f28                DMA1_Channel4_IRQHandler
                0x0000000008001f28                ADC1_IRQHandler
                0x0000000008001f28                USART3_IRQHandler
                0x0000000008001f28                DMA1_Channel7_IRQHandler
                0x0000000008001f28                CAN1_RX1_IRQHandler
                0x0000000008001f28                DMA2_Channel1_IRQHandler
                0x0000000008001f28                QUADSPI_IRQHandler
                0x0000000008001f28                I2C1_EV_IRQHandler
                0x0000000008001f28                DMA1_Channel6_IRQHandler
                0x0000000008001f28                DMA2_Channel4_IRQHandler
                0x0000000008001f28                TIM3_IRQHandler
                0x0000000008001f28                RCC_IRQHandler
                0x0000000008001f28                TIM1_TRG_COM_IRQHandler
                0x0000000008001f28                DMA1_Channel1_IRQHandler
                0x0000000008001f28                Default_Handler
                0x0000000008001f28                DMA2_Channel7_IRQHandler
                0x0000000008001f28                EXTI15_10_IRQHandler
                0x0000000008001f28                SDMMC1_IRQHandler
                0x0000000008001f28                I2C3_EV_IRQHandler
                0x0000000008001f28                EXTI9_5_IRQHandler
                0x0000000008001f28                RTC_WKUP_IRQHandler
                0x0000000008001f28                PVD_PVM_IRQHandler
                0x0000000008001f28                SPI2_IRQHandler
                0x0000000008001f28                CAN1_TX_IRQHandler
                0x0000000008001f28                CRS_IRQHandler
                0x0000000008001f28                EXTI4_IRQHandler
                0x0000000008001f28                RNG_IRQHandler
                0x0000000008001f28                DMA1_Channel3_IRQHandler
                0x0000000008001f28                COMP_IRQHandler
                0x0000000008001f28                WWDG_IRQHandler
                0x0000000008001f28                I2C4_EV_IRQHandler
                0x0000000008001f28                LPUART1_IRQHandler
                0x0000000008001f28                DMA2_Channel6_IRQHandler
                0x0000000008001f28                TIM2_IRQHandler
                0x0000000008001f28                EXTI1_IRQHandler
                0x0000000008001f28                USART2_IRQHandler
                0x0000000008001f28                DFSDM1_FLT0_IRQHandler
                0x0000000008001f28                I2C2_ER_IRQHandler
                0x0000000008001f28                DMA1_Channel2_IRQHandler
                0x0000000008001f28                CAN1_SCE_IRQHandler
                0x0000000008001f28                FLASH_IRQHandler
                0x0000000008001f28                SPI3_IRQHandler
                0x0000000008001f28                I2C1_ER_IRQHandler
                0x0000000008001f28                LPTIM1_IRQHandler
                0x0000000008001f28                I2C4_ER_IRQHandler
                0x0000000008001f28                SAI1_IRQHandler
                0x0000000008001f28                DMA2_Channel3_IRQHandler
                0x0000000008001f28                TIM1_BRK_TIM15_IRQHandler
 *fill*         0x0000000008001f2a        0x2 
 .text.HAL_Init
                0x0000000008001f2c       0x40 ./Drivers/STM32L4xx_HAL_Driver/Src/stm32l4xx_hal.o
                0x0000000008001f2c                HAL_Init
 .text.HAL_DeInit
                0x0000000008001f6c       0x68 ./Drivers/STM32L4xx_HAL_Driver/Src/stm32l4xx_hal.o
                0x0000000008001f6c                HAL_DeInit
 .text.HAL_MspDeInit
                0x0000000008001fd4        0xe ./Drivers/STM32L4xx_HAL_Driver/Src/stm32l4xx_hal.o
                0x0000000008001fd4                HAL_MspDeInit
 *fill*         0x0000000008001fe2        0x2 
 .text.HAL_InitTick
                0x0000000008001fe4       0x78 ./Drivers/STM32L4xx_HAL_Driver/Src/stm32l4xx_hal.o
                0x0000000008001fe4                HAL_InitTick
 .text.HAL_IncTick
                0x000000000800205c       0x28 ./Drivers/STM32L4xx_HAL_Driver/Src/stm32l4xx_hal.o
                0x000000000800205c                HAL_IncTick
 .text.HAL_GetTick
                0x0000000008002084       0x18 ./Drivers/STM32L4xx_HAL_Driver/Src/stm32l4xx_hal.o
                0x0000000008002084                HAL_GetTick
 .text.HAL_Delay
                0x000000000800209c       0x48 ./Drivers/STM32L4xx_HAL_Driver/Src/stm32l4xx_hal.o
                0x000000000800209c                HAL_Delay
 .text.__NVIC_SetPriorityGrouping
                0x00000000080020e4       0x48 ./Drivers/STM32L4xx_HAL_Driver/Src/stm32l4xx_hal_cortex.o
 .text.__NVIC_GetPriorityGrouping
                0x000000000800212c       0x1c ./Drivers/STM32L4xx_HAL_Driver/Src/stm32l4xx_hal_cortex.o
 .text.__NVIC_EnableIRQ
                0x0000000008002148       0x3c ./Drivers/STM32L4xx_HAL_Driver/Src/stm32l4xx_hal_cortex.o
 .text.__NVIC_DisableIRQ
                0x0000000008002184       0x48 ./Drivers/STM32L4xx_HAL_Driver/Src/stm32l4xx_hal_cortex.o
 .text.__NVIC_SetPriority
                0x00000000080021cc       0x54 ./Drivers/STM32L4xx_HAL_Driver/Src/stm32l4xx_hal_cortex.o
 .text.NVIC_EncodePriority
                0x0000000008002220       0x66 ./Drivers/STM32L4xx_HAL_Driver/Src/stm32l4xx_hal_cortex.o
 *fill*         0x0000000008002286        0x2 
 .text.__NVIC_SystemReset
                0x0000000008002288       0x2c ./Drivers/STM32L4xx_HAL_Driver/Src/stm32l4xx_hal_cortex.o
 .text.SysTick_Config
                0x00000000080022b4       0x44 ./Drivers/STM32L4xx_HAL_Driver/Src/stm32l4xx_hal_cortex.o
 .text.HAL_NVIC_SetPriorityGrouping
                0x00000000080022f8       0x16 ./Drivers/STM32L4xx_HAL_Driver/Src/stm32l4xx_hal_cortex.o
                0x00000000080022f8                HAL_NVIC_SetPriorityGrouping
 .text.HAL_NVIC_SetPriority
                0x000000000800230e       0x38 ./Drivers/STM32L4xx_HAL_Driver/Src/stm32l4xx_hal_cortex.o
                0x000000000800230e                HAL_NVIC_SetPriority
 .text.HAL_NVIC_EnableIRQ
                0x0000000008002346       0x1c ./Drivers/STM32L4xx_HAL_Driver/Src/stm32l4xx_hal_cortex.o
                0x0000000008002346                HAL_NVIC_EnableIRQ
 .text.HAL_NVIC_DisableIRQ
                0x0000000008002362       0x1c ./Drivers/STM32L4xx_HAL_Driver/Src/stm32l4xx_hal_cortex.o
                0x0000000008002362                HAL_NVIC_DisableIRQ
 .text.HAL_NVIC_SystemReset
                0x000000000800237e        0x8 ./Drivers/STM32L4xx_HAL_Driver/Src/stm32l4xx_hal_cortex.o
                0x000000000800237e                HAL_NVIC_SystemReset
 .text.HAL_SYSTICK_Config
                0x0000000008002386       0x18 ./Drivers/STM32L4xx_HAL_Driver/Src/stm32l4xx_hal_cortex.o
                0x0000000008002386                HAL_SYSTICK_Config
 *fill*         0x000000000800239e        0x2 
 .text.HAL_CRC_Init
                0x00000000080023a0       0xc8 ./Drivers/STM32L4xx_HAL_Driver/Src/stm32l4xx_hal_crc.o
                0x00000000080023a0                HAL_CRC_Init
 .text.HAL_CRC_DeInit
                0x0000000008002468       0x60 ./Drivers/STM32L4xx_HAL_Driver/Src/stm32l4xx_hal_crc.o
                0x0000000008002468                HAL_CRC_DeInit
 .text.HAL_CRC_Accumulate
                0x00000000080024c8       0x88 ./Drivers/STM32L4xx_HAL_Driver/Src/stm32l4xx_hal_crc.o
                0x00000000080024c8                HAL_CRC_Accumulate
 .text.HAL_CRC_Calculate
                0x0000000008002550       0x98 ./Drivers/STM32L4xx_HAL_Driver/Src/stm32l4xx_hal_crc.o
                0x0000000008002550                HAL_CRC_Calculate
 .text.CRC_Handle_8
                0x00000000080025e8      0x11c ./Drivers/STM32L4xx_HAL_Driver/Src/stm32l4xx_hal_crc.o
 .text.CRC_Handle_16
                0x0000000008002704       0x74 ./Drivers/STM32L4xx_HAL_Driver/Src/stm32l4xx_hal_crc.o
 .text.HAL_CRCEx_Polynomial_Set
                0x0000000008002778      0x10c ./Drivers/STM32L4xx_HAL_Driver/Src/stm32l4xx_hal_crc_ex.o
                0x0000000008002778                HAL_CRCEx_Polynomial_Set
 .text.HAL_DMA_Init
                0x0000000008002884      0x170 ./Drivers/STM32L4xx_HAL_Driver/Src/stm32l4xx_hal_dma.o
                0x0000000008002884                HAL_DMA_Init
 .text.HAL_DMA_DeInit
                0x00000000080029f4      0x124 ./Drivers/STM32L4xx_HAL_Driver/Src/stm32l4xx_hal_dma.o
                0x00000000080029f4                HAL_DMA_DeInit
 .text.HAL_DMA_Start_IT
                0x0000000008002b18       0xc0 ./Drivers/STM32L4xx_HAL_Driver/Src/stm32l4xx_hal_dma.o
                0x0000000008002b18                HAL_DMA_Start_IT
 .text.HAL_DMA_Abort
                0x0000000008002bd8       0x7c ./Drivers/STM32L4xx_HAL_Driver/Src/stm32l4xx_hal_dma.o
                0x0000000008002bd8                HAL_DMA_Abort
 .text.HAL_DMA_Abort_IT
                0x0000000008002c54       0x82 ./Drivers/STM32L4xx_HAL_Driver/Src/stm32l4xx_hal_dma.o
                0x0000000008002c54                HAL_DMA_Abort_IT
 .text.HAL_DMA_IRQHandler
                0x0000000008002cd6      0x15e ./Drivers/STM32L4xx_HAL_Driver/Src/stm32l4xx_hal_dma.o
                0x0000000008002cd6                HAL_DMA_IRQHandler
 .text.DMA_SetConfig
                0x0000000008002e34       0x60 ./Drivers/STM32L4xx_HAL_Driver/Src/stm32l4xx_hal_dma.o
 .text.HAL_FLASH_Program
                0x0000000008002e94       0xd8 ./Drivers/STM32L4xx_HAL_Driver/Src/stm32l4xx_hal_flash.o
                0x0000000008002e94                HAL_FLASH_Program
 .text.HAL_FLASH_Unlock
                0x0000000008002f6c       0x44 ./Drivers/STM32L4xx_HAL_Driver/Src/stm32l4xx_hal_flash.o
                0x0000000008002f6c                HAL_FLASH_Unlock
 .text.HAL_FLASH_Lock
                0x0000000008002fb0       0x20 ./Drivers/STM32L4xx_HAL_Driver/Src/stm32l4xx_hal_flash.o
                0x0000000008002fb0                HAL_FLASH_Lock
 .text.FLASH_WaitForLastOperation
                0x0000000008002fd0       0xb0 ./Drivers/STM32L4xx_HAL_Driver/Src/stm32l4xx_hal_flash.o
                0x0000000008002fd0                FLASH_WaitForLastOperation
 .text.FLASH_Program_DoubleWord
                0x0000000008003080       0x4c ./Drivers/STM32L4xx_HAL_Driver/Src/stm32l4xx_hal_flash.o
 .text.FLASH_Program_Fast
                0x00000000080030cc       0x6c ./Drivers/STM32L4xx_HAL_Driver/Src/stm32l4xx_hal_flash.o
 .text.HAL_FLASHEx_Erase
                0x0000000008003138      0x134 ./Drivers/STM32L4xx_HAL_Driver/Src/stm32l4xx_hal_flash_ex.o
                0x0000000008003138                HAL_FLASHEx_Erase
 .text.FLASH_MassErase
                0x000000000800326c       0x3c ./Drivers/STM32L4xx_HAL_Driver/Src/stm32l4xx_hal_flash_ex.o
 .text.FLASH_PageErase
                0x00000000080032a8       0x48 ./Drivers/STM32L4xx_HAL_Driver/Src/stm32l4xx_hal_flash_ex.o
                0x00000000080032a8                FLASH_PageErase
 .text.FLASH_FlushCaches
                0x00000000080032f0       0x94 ./Drivers/STM32L4xx_HAL_Driver/Src/stm32l4xx_hal_flash_ex.o
                0x00000000080032f0                FLASH_FlushCaches
 .text.HAL_GPIO_Init
                0x0000000008003384      0x2f4 ./Drivers/STM32L4xx_HAL_Driver/Src/stm32l4xx_hal_gpio.o
                0x0000000008003384                HAL_GPIO_Init
 .text.HAL_GPIO_DeInit
                0x0000000008003678      0x1b4 ./Drivers/STM32L4xx_HAL_Driver/Src/stm32l4xx_hal_gpio.o
                0x0000000008003678                HAL_GPIO_DeInit
 .text.HAL_GPIO_ReadPin
                0x000000000800382c       0x30 ./Drivers/STM32L4xx_HAL_Driver/Src/stm32l4xx_hal_gpio.o
                0x000000000800382c                HAL_GPIO_ReadPin
 .text.HAL_GPIO_WritePin
                0x000000000800385c       0x30 ./Drivers/STM32L4xx_HAL_Driver/Src/stm32l4xx_hal_gpio.o
                0x000000000800385c                HAL_GPIO_WritePin
 .text.HAL_GPIO_TogglePin
                0x000000000800388c       0x34 ./Drivers/STM32L4xx_HAL_Driver/Src/stm32l4xx_hal_gpio.o
                0x000000000800388c                HAL_GPIO_TogglePin
 .text.HAL_PCD_Init
                0x00000000080038c0      0x22e ./Drivers/STM32L4xx_HAL_Driver/Src/stm32l4xx_hal_pcd.o
                0x00000000080038c0                HAL_PCD_Init
 .text.HAL_PCD_DeInit
                0x0000000008003aee       0x46 ./Drivers/STM32L4xx_HAL_Driver/Src/stm32l4xx_hal_pcd.o
                0x0000000008003aee                HAL_PCD_DeInit
 .text.HAL_PCD_Start
                0x0000000008003b34       0x44 ./Drivers/STM32L4xx_HAL_Driver/Src/stm32l4xx_hal_pcd.o
                0x0000000008003b34                HAL_PCD_Start
 .text.HAL_PCD_Stop
                0x0000000008003b78       0x44 ./Drivers/STM32L4xx_HAL_Driver/Src/stm32l4xx_hal_pcd.o
                0x0000000008003b78                HAL_PCD_Stop
 .text.HAL_PCD_IRQHandler
                0x0000000008003bbc      0x24e ./Drivers/STM32L4xx_HAL_Driver/Src/stm32l4xx_hal_pcd.o
                0x0000000008003bbc                HAL_PCD_IRQHandler
 .text.HAL_PCD_SetAddress
                0x0000000008003e0a       0x4a ./Drivers/STM32L4xx_HAL_Driver/Src/stm32l4xx_hal_pcd.o
                0x0000000008003e0a                HAL_PCD_SetAddress
 .text.HAL_PCD_EP_Open
                0x0000000008003e54       0xd0 ./Drivers/STM32L4xx_HAL_Driver/Src/stm32l4xx_hal_pcd.o
                0x0000000008003e54                HAL_PCD_EP_Open
 .text.HAL_PCD_EP_Close
                0x0000000008003f24       0x94 ./Drivers/STM32L4xx_HAL_Driver/Src/stm32l4xx_hal_pcd.o
                0x0000000008003f24                HAL_PCD_EP_Close
 .text.HAL_PCD_EP_Receive
                0x0000000008003fb8       0x7c ./Drivers/STM32L4xx_HAL_Driver/Src/stm32l4xx_hal_pcd.o
                0x0000000008003fb8                HAL_PCD_EP_Receive
 .text.HAL_PCD_EP_GetRxCount
                0x0000000008004034       0x30 ./Drivers/STM32L4xx_HAL_Driver/Src/stm32l4xx_hal_pcd.o
                0x0000000008004034                HAL_PCD_EP_GetRxCount
 .text.HAL_PCD_EP_Transmit
                0x0000000008004064       0x88 ./Drivers/STM32L4xx_HAL_Driver/Src/stm32l4xx_hal_pcd.o
                0x0000000008004064                HAL_PCD_EP_Transmit
 .text.HAL_PCD_EP_SetStall
                0x00000000080040ec       0xc4 ./Drivers/STM32L4xx_HAL_Driver/Src/stm32l4xx_hal_pcd.o
                0x00000000080040ec                HAL_PCD_EP_SetStall
 .text.HAL_PCD_EP_ClrStall
                0x00000000080041b0       0xac ./Drivers/STM32L4xx_HAL_Driver/Src/stm32l4xx_hal_pcd.o
                0x00000000080041b0                HAL_PCD_EP_ClrStall
 .text.PCD_EP_ISR_Handler
                0x000000000800425c      0x764 ./Drivers/STM32L4xx_HAL_Driver/Src/stm32l4xx_hal_pcd.o
 .text.HAL_PCD_EP_DB_Receive
                0x00000000080049c0      0x212 ./Drivers/STM32L4xx_HAL_Driver/Src/stm32l4xx_hal_pcd.o
 .text.HAL_PCD_EP_DB_Transmit
                0x0000000008004bd2      0x79c ./Drivers/STM32L4xx_HAL_Driver/Src/stm32l4xx_hal_pcd.o
 .text.HAL_PCDEx_PMAConfig
                0x000000000800536e       0x8a ./Drivers/STM32L4xx_HAL_Driver/Src/stm32l4xx_hal_pcd_ex.o
                0x000000000800536e                HAL_PCDEx_PMAConfig
 .text.HAL_PCDEx_ActivateLPM
                0x00000000080053f8       0x54 ./Drivers/STM32L4xx_HAL_Driver/Src/stm32l4xx_hal_pcd_ex.o
                0x00000000080053f8                HAL_PCDEx_ActivateLPM
 .text.HAL_PCDEx_LPM_Callback
                0x000000000800544c       0x18 ./Drivers/STM32L4xx_HAL_Driver/Src/stm32l4xx_hal_pcd_ex.o
                0x000000000800544c                HAL_PCDEx_LPM_Callback
 .text.HAL_PWREx_GetVoltageRange
                0x0000000008005464       0x1c ./Drivers/STM32L4xx_HAL_Driver/Src/stm32l4xx_hal_pwr_ex.o
                0x0000000008005464                HAL_PWREx_GetVoltageRange
 .text.HAL_PWREx_ControlVoltageScaling
                0x0000000008005480       0xac ./Drivers/STM32L4xx_HAL_Driver/Src/stm32l4xx_hal_pwr_ex.o
                0x0000000008005480                HAL_PWREx_ControlVoltageScaling
 .text.HAL_PWREx_EnableVddUSB
                0x000000000800552c       0x20 ./Drivers/STM32L4xx_HAL_Driver/Src/stm32l4xx_hal_pwr_ex.o
                0x000000000800552c                HAL_PWREx_EnableVddUSB
 .text.HAL_RCC_DeInit
                0x000000000800554c      0x130 ./Drivers/STM32L4xx_HAL_Driver/Src/stm32l4xx_hal_rcc.o
                0x000000000800554c                HAL_RCC_DeInit
 .text.HAL_RCC_OscConfig
                0x000000000800567c      0x840 ./Drivers/STM32L4xx_HAL_Driver/Src/stm32l4xx_hal_rcc.o
                0x000000000800567c                HAL_RCC_OscConfig
 .text.HAL_RCC_ClockConfig
                0x0000000008005ebc      0x1c4 ./Drivers/STM32L4xx_HAL_Driver/Src/stm32l4xx_hal_rcc.o
                0x0000000008005ebc                HAL_RCC_ClockConfig
 .text.HAL_RCC_GetSysClockFreq
                0x0000000008006080      0x118 ./Drivers/STM32L4xx_HAL_Driver/Src/stm32l4xx_hal_rcc.o
                0x0000000008006080                HAL_RCC_GetSysClockFreq
 .text.HAL_RCC_GetHCLKFreq
                0x0000000008006198       0x18 ./Drivers/STM32L4xx_HAL_Driver/Src/stm32l4xx_hal_rcc.o
                0x0000000008006198                HAL_RCC_GetHCLKFreq
 .text.HAL_RCC_GetPCLK1Freq
                0x00000000080061b0       0x2c ./Drivers/STM32L4xx_HAL_Driver/Src/stm32l4xx_hal_rcc.o
                0x00000000080061b0                HAL_RCC_GetPCLK1Freq
 .text.HAL_RCC_GetPCLK2Freq
                0x00000000080061dc       0x2c ./Drivers/STM32L4xx_HAL_Driver/Src/stm32l4xx_hal_rcc.o
                0x00000000080061dc                HAL_RCC_GetPCLK2Freq
 .text.RCC_SetFlashLatencyFromMSIRange
                0x0000000008006208       0xc0 ./Drivers/STM32L4xx_HAL_Driver/Src/stm32l4xx_hal_rcc.o
 .text.HAL_RCCEx_PeriphCLKConfig
                0x00000000080062c8      0x4d8 ./Drivers/STM32L4xx_HAL_Driver/Src/stm32l4xx_hal_rcc_ex.o
                0x00000000080062c8                HAL_RCCEx_PeriphCLKConfig
 .text.RCCEx_PLLSAI1_Config
                0x00000000080067a0      0x1e4 ./Drivers/STM32L4xx_HAL_Driver/Src/stm32l4xx_hal_rcc_ex.o
 .text.HAL_SPI_Init
                0x0000000008006984      0x146 ./Drivers/STM32L4xx_HAL_Driver/Src/stm32l4xx_hal_spi.o
                0x0000000008006984                HAL_SPI_Init
 .text.HAL_SPI_DeInit
                0x0000000008006aca       0x50 ./Drivers/STM32L4xx_HAL_Driver/Src/stm32l4xx_hal_spi.o
                0x0000000008006aca                HAL_SPI_DeInit
 .text.HAL_SPI_Transmit
                0x0000000008006b1a      0x2dc ./Drivers/STM32L4xx_HAL_Driver/Src/stm32l4xx_hal_spi.o
                0x0000000008006b1a                HAL_SPI_Transmit
 *fill*         0x0000000008006df6        0x2 
 .text.SPI_WaitFlagStateUntilTimeout
                0x0000000008006df8      0x110 ./Drivers/STM32L4xx_HAL_Driver/Src/stm32l4xx_hal_spi.o
 .text.SPI_WaitFifoStateUntilTimeout
                0x0000000008006f08      0x12c ./Drivers/STM32L4xx_HAL_Driver/Src/stm32l4xx_hal_spi.o
 .text.SPI_EndRxTxTransaction
                0x0000000008007034       0x8c ./Drivers/STM32L4xx_HAL_Driver/Src/stm32l4xx_hal_spi.o
 .text.HAL_UART_Init
                0x00000000080070c0       0x9c ./Drivers/STM32L4xx_HAL_Driver/Src/stm32l4xx_hal_uart.o
                0x00000000080070c0                HAL_UART_Init
 .text.HAL_UART_DeInit
                0x000000000800715c       0x72 ./Drivers/STM32L4xx_HAL_Driver/Src/stm32l4xx_hal_uart.o
                0x000000000800715c                HAL_UART_DeInit
 .text.HAL_UART_Transmit
                0x00000000080071ce      0x128 ./Drivers/STM32L4xx_HAL_Driver/Src/stm32l4xx_hal_uart.o
                0x00000000080071ce                HAL_UART_Transmit
 .text.HAL_UART_DMAPause
                0x00000000080072f6      0x136 ./Drivers/STM32L4xx_HAL_Driver/Src/stm32l4xx_hal_uart.o
                0x00000000080072f6                HAL_UART_DMAPause
 .text.HAL_UART_DMAResume
                0x000000000800742c      0x122 ./Drivers/STM32L4xx_HAL_Driver/Src/stm32l4xx_hal_uart.o
                0x000000000800742c                HAL_UART_DMAResume
 *fill*         0x000000000800754e        0x2 
 .text.HAL_UART_IRQHandler
                0x0000000008007550      0x5c4 ./Drivers/STM32L4xx_HAL_Driver/Src/stm32l4xx_hal_uart.o
                0x0000000008007550                HAL_UART_IRQHandler
 .text.HAL_UART_TxCpltCallback
                0x0000000008007b14       0x14 ./Drivers/STM32L4xx_HAL_Driver/Src/stm32l4xx_hal_uart.o
                0x0000000008007b14                HAL_UART_TxCpltCallback
 .text.HAL_UART_RxCpltCallback
                0x0000000008007b28       0x14 ./Drivers/STM32L4xx_HAL_Driver/Src/stm32l4xx_hal_uart.o
                0x0000000008007b28                HAL_UART_RxCpltCallback
 .text.HAL_UART_RxHalfCpltCallback
                0x0000000008007b3c       0x14 ./Drivers/STM32L4xx_HAL_Driver/Src/stm32l4xx_hal_uart.o
                0x0000000008007b3c                HAL_UART_RxHalfCpltCallback
 .text.HAL_UART_ErrorCallback
                0x0000000008007b50       0x14 ./Drivers/STM32L4xx_HAL_Driver/Src/stm32l4xx_hal_uart.o
                0x0000000008007b50                HAL_UART_ErrorCallback
 .text.UART_SetConfig
                0x0000000008007b64      0x50c ./Drivers/STM32L4xx_HAL_Driver/Src/stm32l4xx_hal_uart.o
                0x0000000008007b64                UART_SetConfig
 .text.UART_AdvFeatureConfig
                0x0000000008008070      0x144 ./Drivers/STM32L4xx_HAL_Driver/Src/stm32l4xx_hal_uart.o
                0x0000000008008070                UART_AdvFeatureConfig
 .text.UART_CheckIdleState
                0x00000000080081b4       0x92 ./Drivers/STM32L4xx_HAL_Driver/Src/stm32l4xx_hal_uart.o
                0x00000000080081b4                UART_CheckIdleState
 .text.UART_WaitOnFlagUntilTimeout
                0x0000000008008246      0x188 ./Drivers/STM32L4xx_HAL_Driver/Src/stm32l4xx_hal_uart.o
                0x0000000008008246                UART_WaitOnFlagUntilTimeout
 *fill*         0x00000000080083ce        0x2 
 .text.UART_Start_Receive_DMA
                0x00000000080083d0      0x14c ./Drivers/STM32L4xx_HAL_Driver/Src/stm32l4xx_hal_uart.o
                0x00000000080083d0                UART_Start_Receive_DMA
 .text.UART_EndTxTransfer
                0x000000000800851c       0x4c ./Drivers/STM32L4xx_HAL_Driver/Src/stm32l4xx_hal_uart.o
 .text.UART_EndRxTransfer
                0x0000000008008568       0xc6 ./Drivers/STM32L4xx_HAL_Driver/Src/stm32l4xx_hal_uart.o
 .text.UART_DMAReceiveCplt
                0x000000000800862e      0x124 ./Drivers/STM32L4xx_HAL_Driver/Src/stm32l4xx_hal_uart.o
 .text.UART_DMARxHalfCplt
                0x0000000008008752       0x38 ./Drivers/STM32L4xx_HAL_Driver/Src/stm32l4xx_hal_uart.o
 .text.UART_DMAError
                0x000000000800878a       0x7c ./Drivers/STM32L4xx_HAL_Driver/Src/stm32l4xx_hal_uart.o
 .text.UART_DMAAbortOnError
                0x0000000008008806       0x2c ./Drivers/STM32L4xx_HAL_Driver/Src/stm32l4xx_hal_uart.o
 .text.UART_EndTransmit_IT
                0x0000000008008832       0x54 ./Drivers/STM32L4xx_HAL_Driver/Src/stm32l4xx_hal_uart.o
 .text.HAL_UARTEx_WakeupCallback
                0x0000000008008886       0x14 ./Drivers/STM32L4xx_HAL_Driver/Src/stm32l4xx_hal_uart_ex.o
                0x0000000008008886                HAL_UARTEx_WakeupCallback
 .text.HAL_UARTEx_ReceiveToIdle_DMA
                0x000000000800889a       0xb6 ./Drivers/STM32L4xx_HAL_Driver/Src/stm32l4xx_hal_uart_ex.o
                0x000000000800889a                HAL_UARTEx_ReceiveToIdle_DMA
 .text.USB_CoreInit
                0x0000000008008950       0x22 ./Drivers/STM32L4xx_HAL_Driver/Src/stm32l4xx_ll_usb.o
                0x0000000008008950                USB_CoreInit
 .text.USB_EnableGlobalInt
                0x0000000008008972       0x2e ./Drivers/STM32L4xx_HAL_Driver/Src/stm32l4xx_ll_usb.o
                0x0000000008008972                USB_EnableGlobalInt
 .text.USB_DisableGlobalInt
                0x00000000080089a0       0x36 ./Drivers/STM32L4xx_HAL_Driver/Src/stm32l4xx_ll_usb.o
                0x00000000080089a0                USB_DisableGlobalInt
 .text.USB_SetCurrentMode
                0x00000000080089d6       0x1a ./Drivers/STM32L4xx_HAL_Driver/Src/stm32l4xx_ll_usb.o
                0x00000000080089d6                USB_SetCurrentMode
 .text.USB_DevInit
                0x00000000080089f0       0x42 ./Drivers/STM32L4xx_HAL_Driver/Src/stm32l4xx_ll_usb.o
                0x00000000080089f0                USB_DevInit
 *fill*         0x0000000008008a32        0x2 
 .text.USB_ActivateEndpoint
                0x0000000008008a34      0x728 ./Drivers/STM32L4xx_HAL_Driver/Src/stm32l4xx_ll_usb.o
                0x0000000008008a34                USB_ActivateEndpoint
 .text.USB_DeactivateEndpoint
                0x000000000800915c      0x3da ./Drivers/STM32L4xx_HAL_Driver/Src/stm32l4xx_ll_usb.o
                0x000000000800915c                USB_DeactivateEndpoint
 .text.USB_EPStartXfer
                0x0000000008009536     0x166c ./Drivers/STM32L4xx_HAL_Driver/Src/stm32l4xx_ll_usb.o
                0x0000000008009536                USB_EPStartXfer
 .text.USB_EPSetStall
                0x000000000800aba2       0xa2 ./Drivers/STM32L4xx_HAL_Driver/Src/stm32l4xx_ll_usb.o
                0x000000000800aba2                USB_EPSetStall
 .text.USB_EPClearStall
                0x000000000800ac44      0x15c ./Drivers/STM32L4xx_HAL_Driver/Src/stm32l4xx_ll_usb.o
                0x000000000800ac44                USB_EPClearStall
 .text.USB_StopDevice
                0x000000000800ada0       0x2e ./Drivers/STM32L4xx_HAL_Driver/Src/stm32l4xx_ll_usb.o
                0x000000000800ada0                USB_StopDevice
 .text.USB_SetDevAddress
                0x000000000800adce       0x28 ./Drivers/STM32L4xx_HAL_Driver/Src/stm32l4xx_ll_usb.o
                0x000000000800adce                USB_SetDevAddress
 .text.USB_DevConnect
                0x000000000800adf6       0x2e ./Drivers/STM32L4xx_HAL_Driver/Src/stm32l4xx_ll_usb.o
                0x000000000800adf6                USB_DevConnect
 .text.USB_DevDisconnect
                0x000000000800ae24       0x2a ./Drivers/STM32L4xx_HAL_Driver/Src/stm32l4xx_ll_usb.o
                0x000000000800ae24                USB_DevDisconnect
 .text.USB_ReadInterrupts
                0x000000000800ae4e       0x20 ./Drivers/STM32L4xx_HAL_Driver/Src/stm32l4xx_ll_usb.o
                0x000000000800ae4e                USB_ReadInterrupts
 .text.USB_EP0_OutStart
                0x000000000800ae6e       0x18 ./Drivers/STM32L4xx_HAL_Driver/Src/stm32l4xx_ll_usb.o
                0x000000000800ae6e                USB_EP0_OutStart
 .text.USB_WritePMA
                0x000000000800ae86       0x84 ./Drivers/STM32L4xx_HAL_Driver/Src/stm32l4xx_ll_usb.o
                0x000000000800ae86                USB_WritePMA
 .text.USB_ReadPMA
                0x000000000800af0a       0x98 ./Drivers/STM32L4xx_HAL_Driver/Src/stm32l4xx_ll_usb.o
                0x000000000800af0a                USB_ReadPMA
 .text.USBD_CDC_Init
                0x000000000800afa2       0xfe ./Middlewares/ST/STM32_USB_Device_Library/Class/CDC/Src/usbd_cdc.o
 .text.USBD_CDC_DeInit
                0x000000000800b0a0       0x74 ./Middlewares/ST/STM32_USB_Device_Library/Class/CDC/Src/usbd_cdc.o
 .text.USBD_CDC_Setup
                0x000000000800b114      0x190 ./Middlewares/ST/STM32_USB_Device_Library/Class/CDC/Src/usbd_cdc.o
 .text.USBD_CDC_DataIn
                0x000000000800b2a4       0xca ./Middlewares/ST/STM32_USB_Device_Library/Class/CDC/Src/usbd_cdc.o
 .text.USBD_CDC_DataOut
                0x000000000800b36e       0x56 ./Middlewares/ST/STM32_USB_Device_Library/Class/CDC/Src/usbd_cdc.o
 .text.USBD_CDC_EP0_RxReady
                0x000000000800b3c4       0x5a ./Middlewares/ST/STM32_USB_Device_Library/Class/CDC/Src/usbd_cdc.o
 *fill*         0x000000000800b41e        0x2 
 .text.USBD_CDC_GetFSCfgDesc
                0x000000000800b420       0x20 ./Middlewares/ST/STM32_USB_Device_Library/Class/CDC/Src/usbd_cdc.o
 .text.USBD_CDC_GetHSCfgDesc
                0x000000000800b440       0x20 ./Middlewares/ST/STM32_USB_Device_Library/Class/CDC/Src/usbd_cdc.o
 .text.USBD_CDC_GetOtherSpeedCfgDesc
                0x000000000800b460       0x20 ./Middlewares/ST/STM32_USB_Device_Library/Class/CDC/Src/usbd_cdc.o
 .text.USBD_CDC_GetDeviceQualifierDescriptor
                0x000000000800b480       0x20 ./Middlewares/ST/STM32_USB_Device_Library/Class/CDC/Src/usbd_cdc.o
                0x000000000800b480                USBD_CDC_GetDeviceQualifierDescriptor
 .text.USBD_CDC_RegisterInterface
                0x000000000800b4a0       0x2a ./Middlewares/ST/STM32_USB_Device_Library/Class/CDC/Src/usbd_cdc.o
                0x000000000800b4a0                USBD_CDC_RegisterInterface
 .text.USBD_CDC_SetTxBuffer
                0x000000000800b4ca       0x3c ./Middlewares/ST/STM32_USB_Device_Library/Class/CDC/Src/usbd_cdc.o
                0x000000000800b4ca                USBD_CDC_SetTxBuffer
 .text.USBD_CDC_SetRxBuffer
                0x000000000800b506       0x32 ./Middlewares/ST/STM32_USB_Device_Library/Class/CDC/Src/usbd_cdc.o
                0x000000000800b506                USBD_CDC_SetRxBuffer
 .text.USBD_CDC_TransmitPacket
                0x000000000800b538       0x60 ./Middlewares/ST/STM32_USB_Device_Library/Class/CDC/Src/usbd_cdc.o
                0x000000000800b538                USBD_CDC_TransmitPacket
 .text.USBD_CDC_ReceivePacket
                0x000000000800b598       0x54 ./Middlewares/ST/STM32_USB_Device_Library/Class/CDC/Src/usbd_cdc.o
                0x000000000800b598                USBD_CDC_ReceivePacket
 .text.USBD_Init
                0x000000000800b5ec       0x60 ./Middlewares/ST/STM32_USB_Device_Library/Core/Src/usbd_core.o
                0x000000000800b5ec                USBD_Init
 .text.USBD_DeInit
                0x000000000800b64c       0x68 ./Middlewares/ST/STM32_USB_Device_Library/Core/Src/usbd_core.o
                0x000000000800b64c                USBD_DeInit
 .text.USBD_RegisterClass
                0x000000000800b6b4       0x4e ./Middlewares/ST/STM32_USB_Device_Library/Core/Src/usbd_core.o
                0x000000000800b6b4                USBD_RegisterClass
 .text.USBD_Start
                0x000000000800b702       0x18 ./Middlewares/ST/STM32_USB_Device_Library/Core/Src/usbd_core.o
                0x000000000800b702                USBD_Start
 .text.USBD_RunTestMode
                0x000000000800b71a       0x16 ./Middlewares/ST/STM32_USB_Device_Library/Core/Src/usbd_core.o
                0x000000000800b71a                USBD_RunTestMode
 .text.USBD_SetClassConfig
                0x000000000800b730       0x38 ./Middlewares/ST/STM32_USB_Device_Library/Core/Src/usbd_core.o
                0x000000000800b730                USBD_SetClassConfig
 .text.USBD_ClrClassConfig
                0x000000000800b768       0x30 ./Middlewares/ST/STM32_USB_Device_Library/Core/Src/usbd_core.o
                0x000000000800b768                USBD_ClrClassConfig
 .text.USBD_LL_SetupStage
                0x000000000800b798       0xaa ./Middlewares/ST/STM32_USB_Device_Library/Core/Src/usbd_core.o
                0x000000000800b798                USBD_LL_SetupStage
 .text.USBD_LL_DataOutStage
                0x000000000800b842       0xc6 ./Middlewares/ST/STM32_USB_Device_Library/Core/Src/usbd_core.o
                0x000000000800b842                USBD_LL_DataOutStage
 .text.USBD_LL_DataInStage
                0x000000000800b908      0x12c ./Middlewares/ST/STM32_USB_Device_Library/Core/Src/usbd_core.o
                0x000000000800b908                USBD_LL_DataInStage
 .text.USBD_LL_Reset
                0x000000000800ba34       0x9c ./Middlewares/ST/STM32_USB_Device_Library/Core/Src/usbd_core.o
                0x000000000800ba34                USBD_LL_Reset
 .text.USBD_LL_SetSpeed
                0x000000000800bad0       0x20 ./Middlewares/ST/STM32_USB_Device_Library/Core/Src/usbd_core.o
                0x000000000800bad0                USBD_LL_SetSpeed
 .text.USBD_LL_Suspend
                0x000000000800baf0       0x2c ./Middlewares/ST/STM32_USB_Device_Library/Core/Src/usbd_core.o
                0x000000000800baf0                USBD_LL_Suspend
 .text.USBD_LL_Resume
                0x000000000800bb1c       0x30 ./Middlewares/ST/STM32_USB_Device_Library/Core/Src/usbd_core.o
                0x000000000800bb1c                USBD_LL_Resume
 .text.USBD_LL_SOF
                0x000000000800bb4c       0x44 ./Middlewares/ST/STM32_USB_Device_Library/Core/Src/usbd_core.o
                0x000000000800bb4c                USBD_LL_SOF
 .text.SWAPBYTE
                0x000000000800bb90       0x3c ./Middlewares/ST/STM32_USB_Device_Library/Core/Src/usbd_ctlreq.o
 .text.USBD_StdDevReq
                0x000000000800bbcc       0xdc ./Middlewares/ST/STM32_USB_Device_Library/Core/Src/usbd_ctlreq.o
                0x000000000800bbcc                USBD_StdDevReq
 .text.USBD_StdItfReq
                0x000000000800bca8       0x92 ./Middlewares/ST/STM32_USB_Device_Library/Core/Src/usbd_ctlreq.o
                0x000000000800bca8                USBD_StdItfReq
 .text.USBD_StdEPReq
                0x000000000800bd3a      0x2c4 ./Middlewares/ST/STM32_USB_Device_Library/Core/Src/usbd_ctlreq.o
                0x000000000800bd3a                USBD_StdEPReq
 *fill*         0x000000000800bffe        0x2 
 .text.USBD_GetDescriptor
                0x000000000800c000      0x2d4 ./Middlewares/ST/STM32_USB_Device_Library/Core/Src/usbd_ctlreq.o
 .text.USBD_SetAddress
                0x000000000800c2d4       0x88 ./Middlewares/ST/STM32_USB_Device_Library/Core/Src/usbd_ctlreq.o
 .text.USBD_SetConfig
                0x000000000800c35c      0x14c ./Middlewares/ST/STM32_USB_Device_Library/Core/Src/usbd_ctlreq.o
 .text.USBD_GetConfig
                0x000000000800c4a8       0x6c ./Middlewares/ST/STM32_USB_Device_Library/Core/Src/usbd_ctlreq.o
 .text.USBD_GetStatus
                0x000000000800c514       0x68 ./Middlewares/ST/STM32_USB_Device_Library/Core/Src/usbd_ctlreq.o
 .text.USBD_SetFeature
                0x000000000800c57c       0x28 ./Middlewares/ST/STM32_USB_Device_Library/Core/Src/usbd_ctlreq.o
 .text.USBD_ClrFeature
                0x000000000800c5a4       0x44 ./Middlewares/ST/STM32_USB_Device_Library/Core/Src/usbd_ctlreq.o
 .text.USBD_ParseSetupRequest
                0x000000000800c5e8       0x74 ./Middlewares/ST/STM32_USB_Device_Library/Core/Src/usbd_ctlreq.o
                0x000000000800c5e8                USBD_ParseSetupRequest
 .text.USBD_CtlError
                0x000000000800c65c       0x22 ./Middlewares/ST/STM32_USB_Device_Library/Core/Src/usbd_ctlreq.o
                0x000000000800c65c                USBD_CtlError
 .text.USBD_GetString
                0x000000000800c67e       0x8c ./Middlewares/ST/STM32_USB_Device_Library/Core/Src/usbd_ctlreq.o
                0x000000000800c67e                USBD_GetString
 .text.USBD_GetLen
                0x000000000800c70a       0x34 ./Middlewares/ST/STM32_USB_Device_Library/Core/Src/usbd_ctlreq.o
 .text.USBD_CtlSendData
                0x000000000800c73e       0x36 ./Middlewares/ST/STM32_USB_Device_Library/Core/Src/usbd_ioreq.o
                0x000000000800c73e                USBD_CtlSendData
 .text.USBD_CtlContinueSendData
                0x000000000800c774       0x22 ./Middlewares/ST/STM32_USB_Device_Library/Core/Src/usbd_ioreq.o
                0x000000000800c774                USBD_CtlContinueSendData
 .text.USBD_CtlPrepareRx
                0x000000000800c796       0x3a ./Middlewares/ST/STM32_USB_Device_Library/Core/Src/usbd_ioreq.o
                0x000000000800c796                USBD_CtlPrepareRx
 .text.USBD_CtlContinueRx
                0x000000000800c7d0       0x22 ./Middlewares/ST/STM32_USB_Device_Library/Core/Src/usbd_ioreq.o
                0x000000000800c7d0                USBD_CtlContinueRx
 .text.USBD_CtlSendStatus
                0x000000000800c7f2       0x26 ./Middlewares/ST/STM32_USB_Device_Library/Core/Src/usbd_ioreq.o
                0x000000000800c7f2                USBD_CtlSendStatus
 .text.USBD_CtlReceiveStatus
                0x000000000800c818       0x26 ./Middlewares/ST/STM32_USB_Device_Library/Core/Src/usbd_ioreq.o
                0x000000000800c818                USBD_CtlReceiveStatus
 *fill*         0x000000000800c83e        0x2 
 .text.MX_USB_DEVICE_DeInit
                0x000000000800c840       0x14 ./USB_DEVICE/App/usb_device.o
                0x000000000800c840                MX_USB_DEVICE_DeInit
 .text.MX_USB_DEVICE_Init
                0x000000000800c854       0x60 ./USB_DEVICE/App/usb_device.o
                0x000000000800c854                MX_USB_DEVICE_Init
 .text.CDC_Init_FS
                0x000000000800c8b4       0x4c ./USB_DEVICE/App/usbd_cdc_if.o
 .text.CDC_DeInit_FS
                0x000000000800c900       0x38 ./USB_DEVICE/App/usbd_cdc_if.o
 .text.CDC_Control_FS
                0x000000000800c938      0x108 ./USB_DEVICE/App/usbd_cdc_if.o
 .text.CDC_Receive_FS
                0x000000000800ca40       0x84 ./USB_DEVICE/App/usbd_cdc_if.o
 .text.CDC_Transmit_FS
                0x000000000800cac4       0x4c ./USB_DEVICE/App/usbd_cdc_if.o
                0x000000000800cac4                CDC_Transmit_FS
 .text.CDC_TransmitCplt_FS
                0x000000000800cb10       0x22 ./USB_DEVICE/App/usbd_cdc_if.o
 *fill*         0x000000000800cb32        0x2 
 .text.CDC_Available_FS
                0x000000000800cb34       0x30 ./USB_DEVICE/App/usbd_cdc_if.o
                0x000000000800cb34                CDC_Available_FS
 .text.CDC_Read_FS
                0x000000000800cb64       0x70 ./USB_DEVICE/App/usbd_cdc_if.o
                0x000000000800cb64                CDC_Read_FS
 .text.board_reset_hook
                0x000000000800cbd4       0x28 ./USB_DEVICE/App/usbd_cdc_if.o
                0x000000000800cbd4                board_reset_hook
 .text.USBD_FS_DeviceDescriptor
                0x000000000800cbfc       0x24 ./USB_DEVICE/App/usbd_desc.o
                0x000000000800cbfc                USBD_FS_DeviceDescriptor
 .text.USBD_FS_LangIDStrDescriptor
                0x000000000800cc20       0x24 ./USB_DEVICE/App/usbd_desc.o
                0x000000000800cc20                USBD_FS_LangIDStrDescriptor
 .text.USBD_FS_ProductStrDescriptor
                0x000000000800cc44       0x3c ./USB_DEVICE/App/usbd_desc.o
                0x000000000800cc44                USBD_FS_ProductStrDescriptor
 .text.USBD_FS_ManufacturerStrDescriptor
                0x000000000800cc80       0x28 ./USB_DEVICE/App/usbd_desc.o
                0x000000000800cc80                USBD_FS_ManufacturerStrDescriptor
 .text.USBD_FS_SerialStrDescriptor
                0x000000000800cca8       0x24 ./USB_DEVICE/App/usbd_desc.o
                0x000000000800cca8                USBD_FS_SerialStrDescriptor
 .text.USBD_FS_ConfigStrDescriptor
                0x000000000800cccc       0x3c ./USB_DEVICE/App/usbd_desc.o
                0x000000000800cccc                USBD_FS_ConfigStrDescriptor
 .text.USBD_FS_InterfaceStrDescriptor
                0x000000000800cd08       0x3c ./USB_DEVICE/App/usbd_desc.o
                0x000000000800cd08                USBD_FS_InterfaceStrDescriptor
 .text.Get_SerialNum
                0x000000000800cd44       0x58 ./USB_DEVICE/App/usbd_desc.o
 .text.IntToUnicode
                0x000000000800cd9c       0x7e ./USB_DEVICE/App/usbd_desc.o
 *fill*         0x000000000800ce1a        0x2 
 .text.HAL_PCD_MspInit
                0x000000000800ce1c       0xcc ./USB_DEVICE/Target/usbd_conf.o
                0x000000000800ce1c                HAL_PCD_MspInit
 .text.HAL_PCD_MspDeInit
                0x000000000800cee8       0x40 ./USB_DEVICE/Target/usbd_conf.o
                0x000000000800cee8                HAL_PCD_MspDeInit
 .text.HAL_PCD_SetupStageCallback
                0x000000000800cf28       0x24 ./USB_DEVICE/Target/usbd_conf.o
                0x000000000800cf28                HAL_PCD_SetupStageCallback
 .text.HAL_PCD_DataOutStageCallback
                0x000000000800cf4c       0x36 ./USB_DEVICE/Target/usbd_conf.o
                0x000000000800cf4c                HAL_PCD_DataOutStageCallback
 .text.HAL_PCD_DataInStageCallback
                0x000000000800cf82       0x34 ./USB_DEVICE/Target/usbd_conf.o
                0x000000000800cf82                HAL_PCD_DataInStageCallback
 .text.HAL_PCD_SOFCallback
                0x000000000800cfb6       0x1c ./USB_DEVICE/Target/usbd_conf.o
                0x000000000800cfb6                HAL_PCD_SOFCallback
 .text.HAL_PCD_ResetCallback
                0x000000000800cfd2       0x3c ./USB_DEVICE/Target/usbd_conf.o
                0x000000000800cfd2                HAL_PCD_ResetCallback
 *fill*         0x000000000800d00e        0x2 
 .text.HAL_PCD_SuspendCallback
                0x000000000800d010       0x34 ./USB_DEVICE/Target/usbd_conf.o
                0x000000000800d010                HAL_PCD_SuspendCallback
 .text.HAL_PCD_ResumeCallback
                0x000000000800d044       0x38 ./USB_DEVICE/Target/usbd_conf.o
                0x000000000800d044                HAL_PCD_ResumeCallback
 .text.USBD_LL_Init
                0x000000000800d07c       0xc4 ./USB_DEVICE/Target/usbd_conf.o
                0x000000000800d07c                USBD_LL_Init
 .text.USBD_LL_DeInit
                0x000000000800d140       0x64 ./USB_DEVICE/Target/usbd_conf.o
                0x000000000800d140                USBD_LL_DeInit
 .text.USBD_LL_Start
                0x000000000800d1a4       0x64 ./USB_DEVICE/Target/usbd_conf.o
                0x000000000800d1a4                USBD_LL_Start
 .text.USBD_LL_Stop
                0x000000000800d208       0x64 ./USB_DEVICE/Target/usbd_conf.o
                0x000000000800d208                USBD_LL_Stop
 .text.USBD_LL_OpenEP
                0x000000000800d26c       0x7c ./USB_DEVICE/Target/usbd_conf.o
                0x000000000800d26c                USBD_LL_OpenEP
 .text.USBD_LL_CloseEP
                0x000000000800d2e8       0x6c ./USB_DEVICE/Target/usbd_conf.o
                0x000000000800d2e8                USBD_LL_CloseEP
 .text.USBD_LL_StallEP
                0x000000000800d354       0x6c ./USB_DEVICE/Target/usbd_conf.o
                0x000000000800d354                USBD_LL_StallEP
 .text.USBD_LL_ClearStallEP
                0x000000000800d3c0       0x6c ./USB_DEVICE/Target/usbd_conf.o
                0x000000000800d3c0                USBD_LL_ClearStallEP
 .text.USBD_LL_IsStallEP
                0x000000000800d42c       0x5a ./USB_DEVICE/Target/usbd_conf.o
                0x000000000800d42c                USBD_LL_IsStallEP
 *fill*         0x000000000800d486        0x2 
 .text.USBD_LL_SetUSBAddress
                0x000000000800d488       0x6c ./USB_DEVICE/Target/usbd_conf.o
                0x000000000800d488                USBD_LL_SetUSBAddress
 .text.USBD_LL_Transmit
                0x000000000800d4f4       0x70 ./USB_DEVICE/Target/usbd_conf.o
                0x000000000800d4f4                USBD_LL_Transmit
 .text.USBD_LL_PrepareReceive
                0x000000000800d564       0x70 ./USB_DEVICE/Target/usbd_conf.o
                0x000000000800d564                USBD_LL_PrepareReceive
 .text.USBD_LL_GetRxDataSize
                0x000000000800d5d4       0x26 ./USB_DEVICE/Target/usbd_conf.o
                0x000000000800d5d4                USBD_LL_GetRxDataSize
 *fill*         0x000000000800d5fa        0x2 
 .text.USBD_static_malloc
                0x000000000800d5fc       0x1c ./USB_DEVICE/Target/usbd_conf.o
                0x000000000800d5fc                USBD_static_malloc
 .text.USBD_static_free
                0x000000000800d618       0x14 ./USB_DEVICE/Target/usbd_conf.o
                0x000000000800d618                USBD_static_free
 .text.SystemClockConfig_Resume
                0x000000000800d62c        0xc ./USB_DEVICE/Target/usbd_conf.o
 .text.calloc   0x000000000800d638       0x10 c:/st/stm32cubeide_1.7.0/stm32cubeide/plugins/com.st.stm32cube.ide.mcu.externaltools.gnu-tools-for-stm32.10.3-2021.10.win32_1.0.0.202111181127/tools/bin/../lib/gcc/arm-none-eabi/10.3.1/../../../../arm-none-eabi/lib/thumb/v7e-m+fp/hard\libc_nano.a(lib_a-calloc.o)
                0x000000000800d638                calloc
 .text.__errno  0x000000000800d648        0xc c:/st/stm32cubeide_1.7.0/stm32cubeide/plugins/com.st.stm32cube.ide.mcu.externaltools.gnu-tools-for-stm32.10.3-2021.10.win32_1.0.0.202111181127/tools/bin/../lib/gcc/arm-none-eabi/10.3.1/../../../../arm-none-eabi/lib/thumb/v7e-m+fp/hard\libc_nano.a(lib_a-errno.o)
                0x000000000800d648                __errno
 .text.__libc_init_array
                0x000000000800d654       0x48 c:/st/stm32cubeide_1.7.0/stm32cubeide/plugins/com.st.stm32cube.ide.mcu.externaltools.gnu-tools-for-stm32.10.3-2021.10.win32_1.0.0.202111181127/tools/bin/../lib/gcc/arm-none-eabi/10.3.1/../../../../arm-none-eabi/lib/thumb/v7e-m+fp/hard\libc_nano.a(lib_a-init.o)
                0x000000000800d654                __libc_init_array
 .text.malloc   0x000000000800d69c       0x10 c:/st/stm32cubeide_1.7.0/stm32cubeide/plugins/com.st.stm32cube.ide.mcu.externaltools.gnu-tools-for-stm32.10.3-2021.10.win32_1.0.0.202111181127/tools/bin/../lib/gcc/arm-none-eabi/10.3.1/../../../../arm-none-eabi/lib/thumb/v7e-m+fp/hard\libc_nano.a(lib_a-malloc.o)
                0x000000000800d69c                malloc
 .text.free     0x000000000800d6ac       0x10 c:/st/stm32cubeide_1.7.0/stm32cubeide/plugins/com.st.stm32cube.ide.mcu.externaltools.gnu-tools-for-stm32.10.3-2021.10.win32_1.0.0.202111181127/tools/bin/../lib/gcc/arm-none-eabi/10.3.1/../../../../arm-none-eabi/lib/thumb/v7e-m+fp/hard\libc_nano.a(lib_a-malloc.o)
                0x000000000800d6ac                free
 .text.memset   0x000000000800d6bc       0x10 c:/st/stm32cubeide_1.7.0/stm32cubeide/plugins/com.st.stm32cube.ide.mcu.externaltools.gnu-tools-for-stm32.10.3-2021.10.win32_1.0.0.202111181127/tools/bin/../lib/gcc/arm-none-eabi/10.3.1/../../../../arm-none-eabi/lib/thumb/v7e-m+fp/hard\libc_nano.a(lib_a-memset.o)
                0x000000000800d6bc                memset
 .text._calloc_r
                0x000000000800d6cc       0x2c c:/st/stm32cubeide_1.7.0/stm32cubeide/plugins/com.st.stm32cube.ide.mcu.externaltools.gnu-tools-for-stm32.10.3-2021.10.win32_1.0.0.202111181127/tools/bin/../lib/gcc/arm-none-eabi/10.3.1/../../../../arm-none-eabi/lib/thumb/v7e-m+fp/hard\libc_nano.a(lib_a-nano-callocr.o)
                0x000000000800d6cc                _calloc_r
 .text._free_r  0x000000000800d6f8       0x98 c:/st/stm32cubeide_1.7.0/stm32cubeide/plugins/com.st.stm32cube.ide.mcu.externaltools.gnu-tools-for-stm32.10.3-2021.10.win32_1.0.0.202111181127/tools/bin/../lib/gcc/arm-none-eabi/10.3.1/../../../../arm-none-eabi/lib/thumb/v7e-m+fp/hard\libc_nano.a(lib_a-nano-freer.o)
                0x000000000800d6f8                _free_r
 .text.sbrk_aligned
                0x000000000800d790       0x40 c:/st/stm32cubeide_1.7.0/stm32cubeide/plugins/com.st.stm32cube.ide.mcu.externaltools.gnu-tools-for-stm32.10.3-2021.10.win32_1.0.0.202111181127/tools/bin/../lib/gcc/arm-none-eabi/10.3.1/../../../../arm-none-eabi/lib/thumb/v7e-m+fp/hard\libc_nano.a(lib_a-nano-mallocr.o)
 .text._malloc_r
                0x000000000800d7d0       0xe8 c:/st/stm32cubeide_1.7.0/stm32cubeide/plugins/com.st.stm32cube.ide.mcu.externaltools.gnu-tools-for-stm32.10.3-2021.10.win32_1.0.0.202111181127/tools/bin/../lib/gcc/arm-none-eabi/10.3.1/../../../../arm-none-eabi/lib/thumb/v7e-m+fp/hard\libc_nano.a(lib_a-nano-mallocr.o)
                0x000000000800d7d0                _malloc_r
 .text._sbrk_r  0x000000000800d8b8       0x20 c:/st/stm32cubeide_1.7.0/stm32cubeide/plugins/com.st.stm32cube.ide.mcu.externaltools.gnu-tools-for-stm32.10.3-2021.10.win32_1.0.0.202111181127/tools/bin/../lib/gcc/arm-none-eabi/10.3.1/../../../../arm-none-eabi/lib/thumb/v7e-m+fp/hard\libc_nano.a(lib_a-sbrkr.o)
                0x000000000800d8b8                _sbrk_r
 .text.__malloc_lock
                0x000000000800d8d8        0xc c:/st/stm32cubeide_1.7.0/stm32cubeide/plugins/com.st.stm32cube.ide.mcu.externaltools.gnu-tools-for-stm32.10.3-2021.10.win32_1.0.0.202111181127/tools/bin/../lib/gcc/arm-none-eabi/10.3.1/../../../../arm-none-eabi/lib/thumb/v7e-m+fp/hard\libc_nano.a(lib_a-mlock.o)
                0x000000000800d8d8                __malloc_lock
 .text.__malloc_unlock
                0x000000000800d8e4        0xc c:/st/stm32cubeide_1.7.0/stm32cubeide/plugins/com.st.stm32cube.ide.mcu.externaltools.gnu-tools-for-stm32.10.3-2021.10.win32_1.0.0.202111181127/tools/bin/../lib/gcc/arm-none-eabi/10.3.1/../../../../arm-none-eabi/lib/thumb/v7e-m+fp/hard\libc_nano.a(lib_a-mlock.o)
                0x000000000800d8e4                __malloc_unlock
 .text.__retarget_lock_acquire_recursive
                0x000000000800d8f0        0x2 c:/st/stm32cubeide_1.7.0/stm32cubeide/plugins/com.st.stm32cube.ide.mcu.externaltools.gnu-tools-for-stm32.10.3-2021.10.win32_1.0.0.202111181127/tools/bin/../lib/gcc/arm-none-eabi/10.3.1/../../../../arm-none-eabi/lib/thumb/v7e-m+fp/hard\libc_nano.a(lib_a-lock.o)
                0x000000000800d8f0                __retarget_lock_acquire_recursive
 .text.__retarget_lock_release_recursive
                0x000000000800d8f2        0x2 c:/st/stm32cubeide_1.7.0/stm32cubeide/plugins/com.st.stm32cube.ide.mcu.externaltools.gnu-tools-for-stm32.10.3-2021.10.win32_1.0.0.202111181127/tools/bin/../lib/gcc/arm-none-eabi/10.3.1/../../../../arm-none-eabi/lib/thumb/v7e-m+fp/hard\libc_nano.a(lib_a-lock.o)
                0x000000000800d8f2                __retarget_lock_release_recursive
 *(.glue_7)
 .glue_7        0x000000000800d8f4        0x0 linker stubs
 *(.glue_7t)
 .glue_7t       0x000000000800d8f4        0x0 linker stubs
 *(.eh_frame)
 .eh_frame      0x000000000800d8f4        0x0 c:/st/stm32cubeide_1.7.0/stm32cubeide/plugins/com.st.stm32cube.ide.mcu.externaltools.gnu-tools-for-stm32.10.3-2021.10.win32_1.0.0.202111181127/tools/bin/../lib/gcc/arm-none-eabi/10.3.1/thumb/v7e-m+fp/hard/crtbegin.o
 *(.init)
 .init          0x000000000800d8f4        0x4 c:/st/stm32cubeide_1.7.0/stm32cubeide/plugins/com.st.stm32cube.ide.mcu.externaltools.gnu-tools-for-stm32.10.3-2021.10.win32_1.0.0.202111181127/tools/bin/../lib/gcc/arm-none-eabi/10.3.1/thumb/v7e-m+fp/hard/crti.o
                0x000000000800d8f4                _init
 .init          0x000000000800d8f8        0x8 c:/st/stm32cubeide_1.7.0/stm32cubeide/plugins/com.st.stm32cube.ide.mcu.externaltools.gnu-tools-for-stm32.10.3-2021.10.win32_1.0.0.202111181127/tools/bin/../lib/gcc/arm-none-eabi/10.3.1/thumb/v7e-m+fp/hard/crtn.o
 *(.fini)
 .fini          0x000000000800d900        0x4 c:/st/stm32cubeide_1.7.0/stm32cubeide/plugins/com.st.stm32cube.ide.mcu.externaltools.gnu-tools-for-stm32.10.3-2021.10.win32_1.0.0.202111181127/tools/bin/../lib/gcc/arm-none-eabi/10.3.1/thumb/v7e-m+fp/hard/crti.o
                0x000000000800d900                _fini
 .fini          0x000000000800d904        0x8 c:/st/stm32cubeide_1.7.0/stm32cubeide/plugins/com.st.stm32cube.ide.mcu.externaltools.gnu-tools-for-stm32.10.3-2021.10.win32_1.0.0.202111181127/tools/bin/../lib/gcc/arm-none-eabi/10.3.1/thumb/v7e-m+fp/hard/crtn.o
                0x000000000800d90c                . = ALIGN (0x4)
                0x000000000800d90c                _etext = .

.vfp11_veneer   0x000000000800d90c        0x0
 .vfp11_veneer  0x000000000800d90c        0x0 linker stubs

.v4_bx          0x000000000800d90c        0x0
 .v4_bx         0x000000000800d90c        0x0 linker stubs

.iplt           0x000000000800d90c        0x0
 .iplt          0x000000000800d90c        0x0 c:/st/stm32cubeide_1.7.0/stm32cubeide/plugins/com.st.stm32cube.ide.mcu.externaltools.gnu-tools-for-stm32.10.3-2021.10.win32_1.0.0.202111181127/tools/bin/../lib/gcc/arm-none-eabi/10.3.1/thumb/v7e-m+fp/hard/crtbegin.o

.rodata         0x000000000800d90c       0x90
                0x000000000800d90c                . = ALIGN (0x4)
 *(.rodata)
 .rodata        0x000000000800d90c       0x46 ./USB_DEVICE/App/usbd_desc.o
 *(.rodata*)
 *fill*         0x000000000800d952        0x2 
 .rodata.AHBPrescTable
                0x000000000800d954       0x10 ./Core/Src/system_stm32l4xx.o
                0x000000000800d954                AHBPrescTable
 .rodata.APBPrescTable
                0x000000000800d964        0x8 ./Core/Src/system_stm32l4xx.o
                0x000000000800d964                APBPrescTable
 .rodata.MSIRangeTable
                0x000000000800d96c       0x30 ./Core/Src/system_stm32l4xx.o
                0x000000000800d96c                MSIRangeTable
                0x000000000800d99c                . = ALIGN (0x4)

.ARM.extab      0x000000000800d99c        0x0
                0x000000000800d99c                . = ALIGN (0x4)
 *(.ARM.extab* .gnu.linkonce.armextab.*)
                0x000000000800d99c                . = ALIGN (0x4)

.ARM            0x000000000800d99c        0x8
                0x000000000800d99c                . = ALIGN (0x4)
                0x000000000800d99c                __exidx_start = .
 *(.ARM.exidx*)
 .ARM.exidx     0x000000000800d99c        0x8 c:/st/stm32cubeide_1.7.0/stm32cubeide/plugins/com.st.stm32cube.ide.mcu.externaltools.gnu-tools-for-stm32.10.3-2021.10.win32_1.0.0.202111181127/tools/bin/../lib/gcc/arm-none-eabi/10.3.1/thumb/v7e-m+fp/hard\libgcc.a(_udivmoddi4.o)
                0x000000000800d9a4                __exidx_end = .
                0x000000000800d9a4                . = ALIGN (0x4)

.rel.dyn        0x000000000800d9a4        0x0
 .rel.iplt      0x000000000800d9a4        0x0 c:/st/stm32cubeide_1.7.0/stm32cubeide/plugins/com.st.stm32cube.ide.mcu.externaltools.gnu-tools-for-stm32.10.3-2021.10.win32_1.0.0.202111181127/tools/bin/../lib/gcc/arm-none-eabi/10.3.1/thumb/v7e-m+fp/hard/crtbegin.o

.preinit_array  0x000000000800d9a4        0x0
                0x000000000800d9a4                . = ALIGN (0x4)
                0x000000000800d9a4                PROVIDE (__preinit_array_start = .)
 *(.preinit_array*)
                0x000000000800d9a4                PROVIDE (__preinit_array_end = .)
                0x000000000800d9a4                . = ALIGN (0x4)

.init_array     0x000000000800d9a4        0x4
                0x000000000800d9a4                . = ALIGN (0x4)
                0x000000000800d9a4                PROVIDE (__init_array_start = .)
 *(SORT_BY_NAME(.init_array.*))
 *(.init_array*)
 .init_array    0x000000000800d9a4        0x4 c:/st/stm32cubeide_1.7.0/stm32cubeide/plugins/com.st.stm32cube.ide.mcu.externaltools.gnu-tools-for-stm32.10.3-2021.10.win32_1.0.0.202111181127/tools/bin/../lib/gcc/arm-none-eabi/10.3.1/thumb/v7e-m+fp/hard/crtbegin.o
                0x000000000800d9a8                PROVIDE (__init_array_end = .)
                0x000000000800d9a8                . = ALIGN (0x4)

.fini_array     0x000000000800d9a8        0x4
                0x000000000800d9a8                . = ALIGN (0x4)
                [!provide]                        PROVIDE (__fini_array_start = .)
 *(SORT_BY_NAME(.fini_array.*))
 *(.fini_array*)
 .fini_array    0x000000000800d9a8        0x4 c:/st/stm32cubeide_1.7.0/stm32cubeide/plugins/com.st.stm32cube.ide.mcu.externaltools.gnu-tools-for-stm32.10.3-2021.10.win32_1.0.0.202111181127/tools/bin/../lib/gcc/arm-none-eabi/10.3.1/thumb/v7e-m+fp/hard/crtbegin.o
                [!provide]                        PROVIDE (__fini_array_end = .)
                0x000000000800d9ac                . = ALIGN (0x4)
                0x000000000800d9ac                _sidata = LOADADDR (.data)

.data           0x0000000020000000      0x204 load address 0x000000000800d9ac
                0x0000000020000000                . = ALIGN (0x4)
                0x0000000020000000                _sdata = .
 *(.data)
 *(.data*)
 .data.SystemCoreClock
                0x0000000020000000        0x4 ./Core/Src/system_stm32l4xx.o
                0x0000000020000000                SystemCoreClock
 .data.uwTickPrio
                0x0000000020000004        0x4 ./Drivers/STM32L4xx_HAL_Driver/Src/stm32l4xx_hal.o
                0x0000000020000004                uwTickPrio
 .data.uwTickFreq
                0x0000000020000008        0x1 ./Drivers/STM32L4xx_HAL_Driver/Src/stm32l4xx_hal.o
                0x0000000020000008                uwTickFreq
 *fill*         0x0000000020000009        0x3 
 .data.pFlash   0x000000002000000c       0x20 ./Drivers/STM32L4xx_HAL_Driver/Src/stm32l4xx_hal_flash.o
                0x000000002000000c                pFlash
 .data.USBD_CDC_DeviceQualifierDesc
                0x000000002000002c        0xa ./Middlewares/ST/STM32_USB_Device_Library/Class/CDC/Src/usbd_cdc.o
 *fill*         0x0000000020000036        0x2 
 .data.USBD_CDC
                0x0000000020000038       0x38 ./Middlewares/ST/STM32_USB_Device_Library/Class/CDC/Src/usbd_cdc.o
                0x0000000020000038                USBD_CDC
 .data.USBD_CDC_CfgHSDesc
                0x0000000020000070       0x43 ./Middlewares/ST/STM32_USB_Device_Library/Class/CDC/Src/usbd_cdc.o
 *fill*         0x00000000200000b3        0x1 
 .data.USBD_CDC_CfgFSDesc
                0x00000000200000b4       0x43 ./Middlewares/ST/STM32_USB_Device_Library/Class/CDC/Src/usbd_cdc.o
 *fill*         0x00000000200000f7        0x1 
 .data.USBD_CDC_OtherSpeedCfgDesc
                0x00000000200000f8       0x43 ./Middlewares/ST/STM32_USB_Device_Library/Class/CDC/Src/usbd_cdc.o
 *fill*         0x000000002000013b        0x1 
 .data.USBD_Interface_fops_FS
                0x000000002000013c       0x14 ./USB_DEVICE/App/usbd_cdc_if.o
                0x000000002000013c                USBD_Interface_fops_FS
 .data.FS_Desc  0x0000000020000150       0x1c ./USB_DEVICE/App/usbd_desc.o
                0x0000000020000150                FS_Desc
 .data.USBD_FS_DeviceDesc
                0x000000002000016c       0x12 ./USB_DEVICE/App/usbd_desc.o
                0x000000002000016c                USBD_FS_DeviceDesc
 *fill*         0x000000002000017e        0x2 
 .data.USBD_LangIDDesc
                0x0000000020000180        0x4 ./USB_DEVICE/App/usbd_desc.o
                0x0000000020000180                USBD_LangIDDesc
 .data.USBD_StringSerial
                0x0000000020000184       0x1a ./USB_DEVICE/App/usbd_desc.o
                0x0000000020000184                USBD_StringSerial
 *fill*         0x000000002000019e        0x2 
 .data._impure_ptr
                0x00000000200001a0        0x4 c:/st/stm32cubeide_1.7.0/stm32cubeide/plugins/com.st.stm32cube.ide.mcu.externaltools.gnu-tools-for-stm32.10.3-2021.10.win32_1.0.0.202111181127/tools/bin/../lib/gcc/arm-none-eabi/10.3.1/../../../../arm-none-eabi/lib/thumb/v7e-m+fp/hard\libc_nano.a(lib_a-impure.o)
                0x00000000200001a0                _impure_ptr
 .data.impure_data
                0x00000000200001a4       0x60 c:/st/stm32cubeide_1.7.0/stm32cubeide/plugins/com.st.stm32cube.ide.mcu.externaltools.gnu-tools-for-stm32.10.3-2021.10.win32_1.0.0.202111181127/tools/bin/../lib/gcc/arm-none-eabi/10.3.1/../../../../arm-none-eabi/lib/thumb/v7e-m+fp/hard\libc_nano.a(lib_a-impure.o)
 *(.RamFunc)
 *(.RamFunc*)
                0x0000000020000204                . = ALIGN (0x4)
                0x0000000020000204                _edata = .

.igot.plt       0x0000000020000204        0x0 load address 0x000000000800dbb0
 .igot.plt      0x0000000020000204        0x0 c:/st/stm32cubeide_1.7.0/stm32cubeide/plugins/com.st.stm32cube.ide.mcu.externaltools.gnu-tools-for-stm32.10.3-2021.10.win32_1.0.0.202111181127/tools/bin/../lib/gcc/arm-none-eabi/10.3.1/thumb/v7e-m+fp/hard/crtbegin.o
                0x0000000020000204                . = ALIGN (0x4)

.bss            0x0000000020000204     0x1dd0 load address 0x000000000800dbb0
                0x0000000020000204                _sbss = .
                0x0000000020000204                __bss_start__ = _sbss
 *(.bss)
 .bss           0x0000000020000204       0x1c c:/st/stm32cubeide_1.7.0/stm32cubeide/plugins/com.st.stm32cube.ide.mcu.externaltools.gnu-tools-for-stm32.10.3-2021.10.win32_1.0.0.202111181127/tools/bin/../lib/gcc/arm-none-eabi/10.3.1/thumb/v7e-m+fp/hard/crtbegin.o
 *(.bss*)
 .bss.usb_rx_buf
                0x0000000020000220       0x40 ./Core/Src/bootloader.o
                0x0000000020000220                usb_rx_buf
 .bss.uart_rx_buf
                0x0000000020000260       0x40 ./Core/Src/bootloader.o
                0x0000000020000260                uart_rx_buf
 .bss.hcrc      0x00000000200002a0       0x24 ./Core/Src/main.o
                0x00000000200002a0                hcrc
 .bss.hspi2     0x00000000200002c4       0x64 ./Core/Src/main.o
                0x00000000200002c4                hspi2
 .bss.huart4    0x0000000020000328       0x84 ./Core/Src/main.o
                0x0000000020000328                huart4
 .bss.huart1    0x00000000200003ac       0x84 ./Core/Src/main.o
                0x00000000200003ac                huart1
 .bss.huart2    0x0000000020000430       0x84 ./Core/Src/main.o
                0x0000000020000430                huart2
 .bss.hdma_uart4_rx
                0x00000000200004b4       0x48 ./Core/Src/main.o
                0x00000000200004b4                hdma_uart4_rx
 .bss.hdma_usart1_rx
                0x00000000200004fc       0x48 ./Core/Src/main.o
                0x00000000200004fc                hdma_usart1_rx
 .bss.lock      0x0000000020000544        0x1 ./Core/Src/ring_buffer.o
                0x0000000020000544                lock
 *fill*         0x0000000020000545        0x3 
 .bss.__sbrk_heap_end
                0x0000000020000548        0x4 ./Core/Src/sysmem.o
 .bss.uwTick    0x000000002000054c        0x4 ./Drivers/STM32L4xx_HAL_Driver/Src/stm32l4xx_hal.o
                0x000000002000054c                uwTick
 .bss.cfgidx.0  0x0000000020000550        0x1 ./Middlewares/ST/STM32_USB_Device_Library/Core/Src/usbd_ctlreq.o
 *fill*         0x0000000020000551        0x3 
 .bss.hUsbDeviceFS
                0x0000000020000554      0x2d0 ./USB_DEVICE/App/usb_device.o
                0x0000000020000554                hUsbDeviceFS
 .bss.rx_buf_handle
                0x0000000020000824        0x4 ./USB_DEVICE/App/usbd_cdc_if.o
                0x0000000020000824                rx_buf_handle
 .bss.data_rdy  0x0000000020000828        0x1 ./USB_DEVICE/App/usbd_cdc_if.o
                0x0000000020000828                data_rdy
 .bss.rts       0x0000000020000829        0x1 ./USB_DEVICE/App/usbd_cdc_if.o
                0x0000000020000829                rts
 .bss.is_reset  0x000000002000082a        0x1 ./USB_DEVICE/App/usbd_cdc_if.o
                0x000000002000082a                is_reset
 .bss.rts_counter
                0x000000002000082b        0x1 ./USB_DEVICE/App/usbd_cdc_if.o
                0x000000002000082b                rts_counter
 .bss.UserRxBufferFS
                0x000000002000082c       0x80 ./USB_DEVICE/App/usbd_cdc_if.o
                0x000000002000082c                UserRxBufferFS
 .bss.UserTxBufferFS
                0x00000000200008ac     0x1000 ./USB_DEVICE/App/usbd_cdc_if.o
                0x00000000200008ac                UserTxBufferFS
 .bss.USBD_StrDesc
                0x00000000200018ac      0x200 ./USB_DEVICE/App/usbd_desc.o
                0x00000000200018ac                USBD_StrDesc
 .bss.hpcd_USB_FS
                0x0000000020001aac      0x2f8 ./USB_DEVICE/Target/usbd_conf.o
                0x0000000020001aac                hpcd_USB_FS
 .bss.mem.0     0x0000000020001da4      0x220 ./USB_DEVICE/Target/usbd_conf.o
 .bss.__malloc_free_list
                0x0000000020001fc4        0x4 c:/st/stm32cubeide_1.7.0/stm32cubeide/plugins/com.st.stm32cube.ide.mcu.externaltools.gnu-tools-for-stm32.10.3-2021.10.win32_1.0.0.202111181127/tools/bin/../lib/gcc/arm-none-eabi/10.3.1/../../../../arm-none-eabi/lib/thumb/v7e-m+fp/hard\libc_nano.a(lib_a-nano-mallocr.o)
                0x0000000020001fc4                __malloc_free_list
 .bss.__malloc_sbrk_start
                0x0000000020001fc8        0x4 c:/st/stm32cubeide_1.7.0/stm32cubeide/plugins/com.st.stm32cube.ide.mcu.externaltools.gnu-tools-for-stm32.10.3-2021.10.win32_1.0.0.202111181127/tools/bin/../lib/gcc/arm-none-eabi/10.3.1/../../../../arm-none-eabi/lib/thumb/v7e-m+fp/hard\libc_nano.a(lib_a-nano-mallocr.o)
                0x0000000020001fc8                __malloc_sbrk_start
 .bss.errno     0x0000000020001fcc        0x4 c:/st/stm32cubeide_1.7.0/stm32cubeide/plugins/com.st.stm32cube.ide.mcu.externaltools.gnu-tools-for-stm32.10.3-2021.10.win32_1.0.0.202111181127/tools/bin/../lib/gcc/arm-none-eabi/10.3.1/../../../../arm-none-eabi/lib/thumb/v7e-m+fp/hard\libc_nano.a(lib_a-reent.o)
                0x0000000020001fcc                errno
 .bss.__lock___malloc_recursive_mutex
                0x0000000020001fd0        0x1 c:/st/stm32cubeide_1.7.0/stm32cubeide/plugins/com.st.stm32cube.ide.mcu.externaltools.gnu-tools-for-stm32.10.3-2021.10.win32_1.0.0.202111181127/tools/bin/../lib/gcc/arm-none-eabi/10.3.1/../../../../arm-none-eabi/lib/thumb/v7e-m+fp/hard\libc_nano.a(lib_a-lock.o)
                0x0000000020001fd0                __lock___malloc_recursive_mutex
 *(COMMON)
                0x0000000020001fd4                . = ALIGN (0x4)
 *fill*         0x0000000020001fd1        0x3 
                0x0000000020001fd4                _ebss = .
                0x0000000020001fd4                __bss_end__ = _ebss

._user_heap_stack
                0x0000000020001fd4      0x604 load address 0x000000000800dbb0
                0x0000000020001fd8                . = ALIGN (0x8)
 *fill*         0x0000000020001fd4        0x4 
                [!provide]                        PROVIDE (end = .)
                0x0000000020001fd8                PROVIDE (_end = .)
                0x00000000200021d8                . = (. + _Min_Heap_Size)
 *fill*         0x0000000020001fd8      0x200 
                0x00000000200025d8                . = (. + _Min_Stack_Size)
 *fill*         0x00000000200021d8      0x400 
                0x00000000200025d8                . = ALIGN (0x8)

/DISCARD/
 libc.a(*)
 libm.a(*)
 libgcc.a(*)

.ARM.attributes
                0x0000000000000000       0x30
 *(.ARM.attributes)
 .ARM.attributes
                0x0000000000000000       0x1e c:/st/stm32cubeide_1.7.0/stm32cubeide/plugins/com.st.stm32cube.ide.mcu.externaltools.gnu-tools-for-stm32.10.3-2021.10.win32_1.0.0.202111181127/tools/bin/../lib/gcc/arm-none-eabi/10.3.1/thumb/v7e-m+fp/hard/crti.o
 .ARM.attributes
                0x000000000000001e       0x34 c:/st/stm32cubeide_1.7.0/stm32cubeide/plugins/com.st.stm32cube.ide.mcu.externaltools.gnu-tools-for-stm32.10.3-2021.10.win32_1.0.0.202111181127/tools/bin/../lib/gcc/arm-none-eabi/10.3.1/thumb/v7e-m+fp/hard/crtbegin.o
 .ARM.attributes
                0x0000000000000052       0x34 ./Core/Src/bootloader.o
 .ARM.attributes
                0x0000000000000086       0x34 ./Core/Src/main.o
 .ARM.attributes
                0x00000000000000ba       0x34 ./Core/Src/ring_buffer.o
 .ARM.attributes
                0x00000000000000ee       0x34 ./Core/Src/stm32l4xx_hal_msp.o
 .ARM.attributes
                0x0000000000000122       0x34 ./Core/Src/stm32l4xx_it.o
 .ARM.attributes
                0x0000000000000156       0x34 ./Core/Src/sysmem.o
 .ARM.attributes
                0x000000000000018a       0x34 ./Core/Src/system_stm32l4xx.o
 .ARM.attributes
                0x00000000000001be       0x21 ./Core/Startup/startup_stm32l452retx.o
 .ARM.attributes
                0x00000000000001df       0x34 ./Drivers/STM32L4xx_HAL_Driver/Src/stm32l4xx_hal.o
 .ARM.attributes
                0x0000000000000213       0x34 ./Drivers/STM32L4xx_HAL_Driver/Src/stm32l4xx_hal_cortex.o
 .ARM.attributes
                0x0000000000000247       0x34 ./Drivers/STM32L4xx_HAL_Driver/Src/stm32l4xx_hal_crc.o
 .ARM.attributes
                0x000000000000027b       0x34 ./Drivers/STM32L4xx_HAL_Driver/Src/stm32l4xx_hal_crc_ex.o
 .ARM.attributes
                0x00000000000002af       0x34 ./Drivers/STM32L4xx_HAL_Driver/Src/stm32l4xx_hal_dma.o
 .ARM.attributes
                0x00000000000002e3       0x34 ./Drivers/STM32L4xx_HAL_Driver/Src/stm32l4xx_hal_flash.o
 .ARM.attributes
                0x0000000000000317       0x34 ./Drivers/STM32L4xx_HAL_Driver/Src/stm32l4xx_hal_flash_ex.o
 .ARM.attributes
                0x000000000000034b       0x34 ./Drivers/STM32L4xx_HAL_Driver/Src/stm32l4xx_hal_gpio.o
 .ARM.attributes
                0x000000000000037f       0x34 ./Drivers/STM32L4xx_HAL_Driver/Src/stm32l4xx_hal_pcd.o
 .ARM.attributes
                0x00000000000003b3       0x34 ./Drivers/STM32L4xx_HAL_Driver/Src/stm32l4xx_hal_pcd_ex.o
 .ARM.attributes
                0x00000000000003e7       0x34 ./Drivers/STM32L4xx_HAL_Driver/Src/stm32l4xx_hal_pwr_ex.o
 .ARM.attributes
                0x000000000000041b       0x34 ./Drivers/STM32L4xx_HAL_Driver/Src/stm32l4xx_hal_rcc.o
 .ARM.attributes
                0x000000000000044f       0x34 ./Drivers/STM32L4xx_HAL_Driver/Src/stm32l4xx_hal_rcc_ex.o
 .ARM.attributes
                0x0000000000000483       0x34 ./Drivers/STM32L4xx_HAL_Driver/Src/stm32l4xx_hal_spi.o
 .ARM.attributes
                0x00000000000004b7       0x34 ./Drivers/STM32L4xx_HAL_Driver/Src/stm32l4xx_hal_uart.o
 .ARM.attributes
                0x00000000000004eb       0x34 ./Drivers/STM32L4xx_HAL_Driver/Src/stm32l4xx_hal_uart_ex.o
 .ARM.attributes
                0x000000000000051f       0x34 ./Drivers/STM32L4xx_HAL_Driver/Src/stm32l4xx_ll_usb.o
 .ARM.attributes
                0x0000000000000553       0x34 ./Middlewares/ST/STM32_USB_Device_Library/Class/CDC/Src/usbd_cdc.o
 .ARM.attributes
                0x0000000000000587       0x34 ./Middlewares/ST/STM32_USB_Device_Library/Core/Src/usbd_core.o
 .ARM.attributes
                0x00000000000005bb       0x34 ./Middlewares/ST/STM32_USB_Device_Library/Core/Src/usbd_ctlreq.o
 .ARM.attributes
                0x00000000000005ef       0x34 ./Middlewares/ST/STM32_USB_Device_Library/Core/Src/usbd_ioreq.o
 .ARM.attributes
                0x0000000000000623       0x34 ./USB_DEVICE/App/usb_device.o
 .ARM.attributes
                0x0000000000000657       0x34 ./USB_DEVICE/App/usbd_cdc_if.o
 .ARM.attributes
                0x000000000000068b       0x34 ./USB_DEVICE/App/usbd_desc.o
 .ARM.attributes
                0x00000000000006bf       0x34 ./USB_DEVICE/Target/usbd_conf.o
 .ARM.attributes
                0x00000000000006f3       0x34 c:/st/stm32cubeide_1.7.0/stm32cubeide/plugins/com.st.stm32cube.ide.mcu.externaltools.gnu-tools-for-stm32.10.3-2021.10.win32_1.0.0.202111181127/tools/bin/../lib/gcc/arm-none-eabi/10.3.1/../../../../arm-none-eabi/lib/thumb/v7e-m+fp/hard\libc_nano.a(lib_a-calloc.o)
 .ARM.attributes
                0x0000000000000727       0x34 c:/st/stm32cubeide_1.7.0/stm32cubeide/plugins/com.st.stm32cube.ide.mcu.externaltools.gnu-tools-for-stm32.10.3-2021.10.win32_1.0.0.202111181127/tools/bin/../lib/gcc/arm-none-eabi/10.3.1/../../../../arm-none-eabi/lib/thumb/v7e-m+fp/hard\libc_nano.a(lib_a-errno.o)
 .ARM.attributes
                0x000000000000075b       0x34 c:/st/stm32cubeide_1.7.0/stm32cubeide/plugins/com.st.stm32cube.ide.mcu.externaltools.gnu-tools-for-stm32.10.3-2021.10.win32_1.0.0.202111181127/tools/bin/../lib/gcc/arm-none-eabi/10.3.1/../../../../arm-none-eabi/lib/thumb/v7e-m+fp/hard\libc_nano.a(lib_a-impure.o)
 .ARM.attributes
                0x000000000000078f       0x34 c:/st/stm32cubeide_1.7.0/stm32cubeide/plugins/com.st.stm32cube.ide.mcu.externaltools.gnu-tools-for-stm32.10.3-2021.10.win32_1.0.0.202111181127/tools/bin/../lib/gcc/arm-none-eabi/10.3.1/../../../../arm-none-eabi/lib/thumb/v7e-m+fp/hard\libc_nano.a(lib_a-init.o)
 .ARM.attributes
                0x00000000000007c3       0x34 c:/st/stm32cubeide_1.7.0/stm32cubeide/plugins/com.st.stm32cube.ide.mcu.externaltools.gnu-tools-for-stm32.10.3-2021.10.win32_1.0.0.202111181127/tools/bin/../lib/gcc/arm-none-eabi/10.3.1/../../../../arm-none-eabi/lib/thumb/v7e-m+fp/hard\libc_nano.a(lib_a-malloc.o)
 .ARM.attributes
                0x00000000000007f7       0x34 c:/st/stm32cubeide_1.7.0/stm32cubeide/plugins/com.st.stm32cube.ide.mcu.externaltools.gnu-tools-for-stm32.10.3-2021.10.win32_1.0.0.202111181127/tools/bin/../lib/gcc/arm-none-eabi/10.3.1/../../../../arm-none-eabi/lib/thumb/v7e-m+fp/hard\libc_nano.a(lib_a-memset.o)
 .ARM.attributes
                0x000000000000082b       0x34 c:/st/stm32cubeide_1.7.0/stm32cubeide/plugins/com.st.stm32cube.ide.mcu.externaltools.gnu-tools-for-stm32.10.3-2021.10.win32_1.0.0.202111181127/tools/bin/../lib/gcc/arm-none-eabi/10.3.1/../../../../arm-none-eabi/lib/thumb/v7e-m+fp/hard\libc_nano.a(lib_a-nano-callocr.o)
 .ARM.attributes
                0x000000000000085f       0x34 c:/st/stm32cubeide_1.7.0/stm32cubeide/plugins/com.st.stm32cube.ide.mcu.externaltools.gnu-tools-for-stm32.10.3-2021.10.win32_1.0.0.202111181127/tools/bin/../lib/gcc/arm-none-eabi/10.3.1/../../../../arm-none-eabi/lib/thumb/v7e-m+fp/hard\libc_nano.a(lib_a-nano-freer.o)
 .ARM.attributes
                0x0000000000000893       0x34 c:/st/stm32cubeide_1.7.0/stm32cubeide/plugins/com.st.stm32cube.ide.mcu.externaltools.gnu-tools-for-stm32.10.3-2021.10.win32_1.0.0.202111181127/tools/bin/../lib/gcc/arm-none-eabi/10.3.1/../../../../arm-none-eabi/lib/thumb/v7e-m+fp/hard\libc_nano.a(lib_a-nano-mallocr.o)
 .ARM.attributes
                0x00000000000008c7       0x34 c:/st/stm32cubeide_1.7.0/stm32cubeide/plugins/com.st.stm32cube.ide.mcu.externaltools.gnu-tools-for-stm32.10.3-2021.10.win32_1.0.0.202111181127/tools/bin/../lib/gcc/arm-none-eabi/10.3.1/../../../../arm-none-eabi/lib/thumb/v7e-m+fp/hard\libc_nano.a(lib_a-sbrkr.o)
 .ARM.attributes
                0x00000000000008fb       0x34 c:/st/stm32cubeide_1.7.0/stm32cubeide/plugins/com.st.stm32cube.ide.mcu.externaltools.gnu-tools-for-stm32.10.3-2021.10.win32_1.0.0.202111181127/tools/bin/../lib/gcc/arm-none-eabi/10.3.1/../../../../arm-none-eabi/lib/thumb/v7e-m+fp/hard\libc_nano.a(lib_a-mlock.o)
 .ARM.attributes
                0x000000000000092f       0x34 c:/st/stm32cubeide_1.7.0/stm32cubeide/plugins/com.st.stm32cube.ide.mcu.externaltools.gnu-tools-for-stm32.10.3-2021.10.win32_1.0.0.202111181127/tools/bin/../lib/gcc/arm-none-eabi/10.3.1/../../../../arm-none-eabi/lib/thumb/v7e-m+fp/hard\libc_nano.a(lib_a-reent.o)
 .ARM.attributes
                0x0000000000000963       0x34 c:/st/stm32cubeide_1.7.0/stm32cubeide/plugins/com.st.stm32cube.ide.mcu.externaltools.gnu-tools-for-stm32.10.3-2021.10.win32_1.0.0.202111181127/tools/bin/../lib/gcc/arm-none-eabi/10.3.1/../../../../arm-none-eabi/lib/thumb/v7e-m+fp/hard\libc_nano.a(lib_a-lock.o)
 .ARM.attributes
                0x0000000000000997       0x1e c:/st/stm32cubeide_1.7.0/stm32cubeide/plugins/com.st.stm32cube.ide.mcu.externaltools.gnu-tools-for-stm32.10.3-2021.10.win32_1.0.0.202111181127/tools/bin/../lib/gcc/arm-none-eabi/10.3.1/thumb/v7e-m+fp/hard\libgcc.a(_aeabi_uldivmod.o)
 .ARM.attributes
                0x00000000000009b5       0x34 c:/st/stm32cubeide_1.7.0/stm32cubeide/plugins/com.st.stm32cube.ide.mcu.externaltools.gnu-tools-for-stm32.10.3-2021.10.win32_1.0.0.202111181127/tools/bin/../lib/gcc/arm-none-eabi/10.3.1/thumb/v7e-m+fp/hard\libgcc.a(_udivmoddi4.o)
 .ARM.attributes
                0x00000000000009e9       0x1e c:/st/stm32cubeide_1.7.0/stm32cubeide/plugins/com.st.stm32cube.ide.mcu.externaltools.gnu-tools-for-stm32.10.3-2021.10.win32_1.0.0.202111181127/tools/bin/../lib/gcc/arm-none-eabi/10.3.1/thumb/v7e-m+fp/hard\libgcc.a(_dvmd_tls.o)
 .ARM.attributes
                0x0000000000000a07       0x1e c:/st/stm32cubeide_1.7.0/stm32cubeide/plugins/com.st.stm32cube.ide.mcu.externaltools.gnu-tools-for-stm32.10.3-2021.10.win32_1.0.0.202111181127/tools/bin/../lib/gcc/arm-none-eabi/10.3.1/thumb/v7e-m+fp/hard/crtn.o
OUTPUT(DSD-i2_Bootloader_no_commands.elf elf32-littlearm)
LOAD linker stubs
LOAD c:/st/stm32cubeide_1.7.0/stm32cubeide/plugins/com.st.stm32cube.ide.mcu.externaltools.gnu-tools-for-stm32.10.3-2021.10.win32_1.0.0.202111181127/tools/bin/../lib/gcc/arm-none-eabi/10.3.1/../../../../arm-none-eabi/lib/thumb/v7e-m+fp/hard\libc.a
LOAD c:/st/stm32cubeide_1.7.0/stm32cubeide/plugins/com.st.stm32cube.ide.mcu.externaltools.gnu-tools-for-stm32.10.3-2021.10.win32_1.0.0.202111181127/tools/bin/../lib/gcc/arm-none-eabi/10.3.1/../../../../arm-none-eabi/lib/thumb/v7e-m+fp/hard\libm.a
LOAD c:/st/stm32cubeide_1.7.0/stm32cubeide/plugins/com.st.stm32cube.ide.mcu.externaltools.gnu-tools-for-stm32.10.3-2021.10.win32_1.0.0.202111181127/tools/bin/../lib/gcc/arm-none-eabi/10.3.1/thumb/v7e-m+fp/hard\libgcc.a

.debug_info     0x0000000000000000    0x1c308
 .debug_info    0x0000000000000000     0x14af ./Core/Src/bootloader.o
 .debug_info    0x00000000000014af     0x1706 ./Core/Src/main.o
 .debug_info    0x0000000000002bb5      0x375 ./Core/Src/ring_buffer.o
 .debug_info    0x0000000000002f2a     0x1532 ./Core/Src/stm32l4xx_hal_msp.o
 .debug_info    0x000000000000445c      0xdc9 ./Core/Src/stm32l4xx_it.o
 .debug_info    0x0000000000005225      0x171 ./Core/Src/sysmem.o
 .debug_info    0x0000000000005396      0x5e2 ./Core/Src/system_stm32l4xx.o
 .debug_info    0x0000000000005978       0x22 ./Core/Startup/startup_stm32l452retx.o
 .debug_info    0x000000000000599a      0xbd5 ./Drivers/STM32L4xx_HAL_Driver/Src/stm32l4xx_hal.o
 .debug_info    0x000000000000656f      0xdd9 ./Drivers/STM32L4xx_HAL_Driver/Src/stm32l4xx_hal_cortex.o
 .debug_info    0x0000000000007348      0x57c ./Drivers/STM32L4xx_HAL_Driver/Src/stm32l4xx_hal_crc.o